     VMA      LMA     Size Align Out     In      Symbol
       0        0        0     1 PROVIDE ( NonMaskableInt = DefaultHandler )
       0        0        0     1 PROVIDE ( MemoryManagement = DefaultHandler )
       0        0        0     1 PROVIDE ( BusFault = DefaultHandler )
       0        0        0     1 PROVIDE ( UsageFault = DefaultHandler )
       0        0        0     1 PROVIDE ( SVCall = DefaultHandler )
       0        0        0     1 PROVIDE ( DebugMonitor = DefaultHandler )
       0        0        0     1 PROVIDE ( __pre_init = DefaultPreInit )
       0        0        0     1 PROVIDE ( _ram_end = ORIGIN ( RAM ) + LENGTH ( RAM ) )
       0        0        0     1 PROVIDE ( _stack_start = _ram_end )
 8000000  8000000      1c4     4 .vector_table
 8000000  8000000        0     1         __vector_table = .
 8000000  8000000        4     1         LONG ( _stack_start & 0xFFFFFFF8 )
 8000004  8000004        4     4         /Users/janjongen/Documents/workspace/threadx-rust/threadx-app/cross/target/thumbv7em-none-eabihf/release/deps/network-180a1968ef961605.network.782d8973fceacf79-cgu.0.rcgu.o:(.vector_table.reset_vector)
 8000004  8000004        4     1                 __RESET_VECTOR
 8000008  8000008        0     1         __exceptions = .
 8000008  8000008       38     4         /Users/janjongen/Documents/workspace/threadx-rust/threadx-app/cross/target/thumbv7em-none-eabihf/release/deps/network-180a1968ef961605.network.782d8973fceacf79-cgu.0.rcgu.o:(.vector_table.exceptions)
 8000008  8000008       38     1                 __EXCEPTIONS
 8000040  8000040        0     1         __eexceptions = .
 8000040  8000040      184     4         /Users/janjongen/Documents/workspace/threadx-rust/threadx-app/cross/target/thumbv7em-none-eabihf/release/deps/network-180a1968ef961605.network.782d8973fceacf79-cgu.0.rcgu.o:(.vector_table.interrupts)
 8000040  8000040      184     1                 __INTERRUPTS
 80001c4  80001c4        0     1 PROVIDE ( _stext = ADDR ( .vector_table ) + SIZEOF ( .vector_table ) )
 80001c4  80001c4    1f8fc    16 .text
 80001c4  80001c4        0     1         __stext = .
 80001c4  80001c4       58     4         /Users/janjongen/Documents/workspace/threadx-rust/threadx-app/cross/target/thumbv7em-none-eabihf/release/deps/network-180a1968ef961605.network.782d8973fceacf79-cgu.0.rcgu.o:(.Reset)
 80001c4  80001c4        0     1                 $t
 80001c5  80001c5       3e     1                 Reset
 8000204  8000204        0     1                 $d
 800021c  800021c      2aa     4         /Users/janjongen/Documents/workspace/threadx-rust/threadx-app/cross/target/thumbv7em-none-eabihf/release/deps/network-180a1968ef961605.network.782d8973fceacf79-cgu.0.rcgu.o:(.text._ZN10threadx_rs5error1_88_$LT$impl$u20$num_traits..cast..FromPrimitive$u20$for$u20$threadx_rs..error..TxError$GT$8from_i6417ha475aadb697788f6E)
 800021c  800021c        0     1                 $t
 800021d  800021d      2aa     1                 threadx_rs::error::_::_$LT$impl$u20$num_traits..cast..FromPrimitive$u20$for$u20$threadx_rs..error..TxError$GT$::from_i64::ha475aadb697788f6
 8000238  8000238        0     1                 $d
 8000436  8000436        0     1                 $t
 80004c6  80004c6       ac     2         /Users/janjongen/Documents/workspace/threadx-rust/threadx-app/cross/target/thumbv7em-none-eabihf/release/deps/network-180a1968ef961605.network.782d8973fceacf79-cgu.0.rcgu.o:(.text._ZN10threadx_rs5mutex14Mutex$LT$T$GT$4lock17h69d1e794e38653f8E)
 80004c6  80004c6        0     1                 $t
 80004c7  80004c7       ac     1                 threadx_rs::mutex::Mutex$LT$T$GT$::lock::h69d1e794e38653f8
 8000574  8000574      246     4         /Users/janjongen/Documents/workspace/threadx-rust/threadx-app/cross/target/thumbv7em-none-eabihf/release/deps/network-180a1968ef961605.network.782d8973fceacf79-cgu.0.rcgu.o:(.text._ZN42_$LT$$RF$T$u20$as$u20$core..fmt..Debug$GT$3fmt17h67c2c11bf825941cE)
 8000574  8000574        0     1                 $t
 8000575  8000575      246     1                 _$LT$$RF$T$u20$as$u20$core..fmt..Debug$GT$::fmt::h67c2c11bf825941c
 800058e  800058e        0     1                 $d
 8000596  8000596        0     1                 $t
 80007ba  80007ba      1d6     2         /Users/janjongen/Documents/workspace/threadx-rust/threadx-app/cross/target/thumbv7em-none-eabihf/release/deps/network-180a1968ef961605.network.782d8973fceacf79-cgu.0.rcgu.o:(.text._ZN42_$LT$$RF$T$u20$as$u20$core..fmt..Debug$GT$3fmt17h719e034074f97c95E)
 80007ba  80007ba        0     1                 $t
 80007bb  80007bb      1d6     1                 _$LT$$RF$T$u20$as$u20$core..fmt..Debug$GT$::fmt::h719e034074f97c95
 8000990  8000990      3bc     4         /Users/janjongen/Documents/workspace/threadx-rust/threadx-app/cross/target/thumbv7em-none-eabihf/release/deps/network-180a1968ef961605.network.782d8973fceacf79-cgu.0.rcgu.o:(.text._ZN42_$LT$$RF$T$u20$as$u20$core..fmt..Debug$GT$3fmt17h7ad498c7c9b5b443E)
 8000990  8000990        0     1                 $t
 8000991  8000991      3bc     1                 _$LT$$RF$T$u20$as$u20$core..fmt..Debug$GT$::fmt::h7ad498c7c9b5b443
 80009a0  80009a0        0     1                 $d
 80009be  80009be        0     1                 $t
 8000d4c  8000d4c      45e     4         /Users/janjongen/Documents/workspace/threadx-rust/threadx-app/cross/target/thumbv7em-none-eabihf/release/deps/network-180a1968ef961605.network.782d8973fceacf79-cgu.0.rcgu.o:(.text._ZN42_$LT$$RF$T$u20$as$u20$core..fmt..Debug$GT$3fmt17hde95fd1441d6ce7fE)
 8000d4c  8000d4c        0     1                 $t
 8000d4d  8000d4d      45e     1                 _$LT$$RF$T$u20$as$u20$core..fmt..Debug$GT$::fmt::hde95fd1441d6ce7f
 8000d64  8000d64        0     1                 $d
 8000f64  8000f64        0     1                 $t
 80011aa  80011aa        e     2         /Users/janjongen/Documents/workspace/threadx-rust/threadx-app/cross/target/thumbv7em-none-eabihf/release/deps/network-180a1968ef961605.network.782d8973fceacf79-cgu.0.rcgu.o:(.text._ZN4core3fmt5Write9write_fmt17hfb6e7e5b3d696569E)
 80011aa  80011aa        0     1                 $t
 80011ab  80011ab        e     1                 core::fmt::Write::write_fmt::hfb6e7e5b3d696569
 80011b8  80011b8       10     2         /Users/janjongen/Documents/workspace/threadx-rust/threadx-app/cross/target/thumbv7em-none-eabihf/release/deps/network-180a1968ef961605.network.782d8973fceacf79-cgu.0.rcgu.o:(.text._ZN4core3ops8function6FnOnce40call_once$u7b$$u7b$vtable.shim$u7d$$u7d$17h62fef40d272adf35E)
 80011b8  80011b8        0     1                 $t
 80011b9  80011b9       10     1                 core::ops::function::FnOnce::call_once$u7b$$u7b$vtable.shim$u7d$$u7d$::h62fef40d272adf35
 80011c8  80011c8      2e6     2         /Users/janjongen/Documents/workspace/threadx-rust/threadx-app/cross/target/thumbv7em-none-eabihf/release/deps/network-180a1968ef961605.network.782d8973fceacf79-cgu.0.rcgu.o:(.text._ZN4core3ops8function6FnOnce40call_once$u7b$$u7b$vtable.shim$u7d$$u7d$17h89ea5c732e092a1dE)
 80011c8  80011c8        0     1                 $t
 80011c9  80011c9      2e6     1                 core::ops::function::FnOnce::call_once$u7b$$u7b$vtable.shim$u7d$$u7d$::h89ea5c732e092a1d
 80014ae  80014ae      760     2         /Users/janjongen/Documents/workspace/threadx-rust/threadx-app/cross/target/thumbv7em-none-eabihf/release/deps/network-180a1968ef961605.network.782d8973fceacf79-cgu.0.rcgu.o:(.text._ZN4core3ops8function6FnOnce9call_once17h103f9366ff41abc8E)
 80014ae  80014ae        0     1                 $t
 80014af  80014af      760     1                 core::ops::function::FnOnce::call_once::h103f9366ff41abc8
 8001c10  8001c10      a60     4         /Users/janjongen/Documents/workspace/threadx-rust/threadx-app/cross/target/thumbv7em-none-eabihf/release/deps/network-180a1968ef961605.network.782d8973fceacf79-cgu.0.rcgu.o:(.text._ZN4core3ops8function6FnOnce9call_once17hbb8bba8d31b0b1bfE)
 8001c10  8001c10        0     1                 $t
 8001c11  8001c11      a5c     1                 core::ops::function::FnOnce::call_once::hbb8bba8d31b0b1bf
 800266c  800266c        0     1                 $d
 8002670  8002670       82     2         /Users/janjongen/Documents/workspace/threadx-rust/threadx-app/cross/target/thumbv7em-none-eabihf/release/deps/network-180a1968ef961605.network.782d8973fceacf79-cgu.0.rcgu.o:(.text._ZN4core3ptr298drop_in_place$LT$threadx_rs..mutex..MutexGuard$LT$core..option..Option$LT$ssd1306..Ssd1306$LT$display_interface_i2c..I2CInterface$LT$board..I2CBus$GT$$C$ssd1306..size..DisplaySize128x64$C$ssd1306..mode..buffered_graphics..BufferedGraphicsMode$LT$ssd1306..size..DisplaySize128x64$GT$$GT$$GT$$GT$$GT$17hbc265a6a591f89d1E)
 8002670  8002670        0     1                 $t
 8002671  8002671       82     1                 core::ptr::drop_in_place$LT$threadx_rs..mutex..MutexGuard$LT$core..option..Option$LT$ssd1306..Ssd1306$LT$display_interface_i2c..I2CInterface$LT$board..I2CBus$GT$$C$ssd1306..size..DisplaySize128x64$C$ssd1306..mode..buffered_graphics..BufferedGraphicsMode$LT$ssd1306..size..DisplaySize128x64$GT$$GT$$GT$$GT$$GT$::hbc265a6a591f89d1
 80026f2  80026f2        2     2         /Users/janjongen/Documents/workspace/threadx-rust/threadx-app/cross/target/thumbv7em-none-eabihf/release/deps/network-180a1968ef961605.network.782d8973fceacf79-cgu.0.rcgu.o:(.text._ZN4core3ptr60drop_in_place$LT$heapless..string..String$LT$4_usize$GT$$GT$17h0ad0ed36d84fe14aE)
 80026f2  80026f2        0     1                 $t
 80026f3  80026f3        2     1                 core::ptr::drop_in_place$LT$heapless..string..String$LT$4_usize$GT$$GT$::h0ad0ed36d84fe14a
 80026f4  80026f4       d8     4         /Users/janjongen/Documents/workspace/threadx-rust/threadx-app/cross/target/thumbv7em-none-eabihf/release/deps/network-180a1968ef961605.network.782d8973fceacf79-cgu.0.rcgu.o:(.text._ZN5serde3ser5impls57_$LT$impl$u20$serde..ser..Serialize$u20$for$u20$$RF$T$GT$9serialize17hf3cd36bfc1d7a7d3E)
 80026f4  80026f4        0     1                 $t
 80026f5  80026f5       d8     1                 serde::ser::impls::_$LT$impl$u20$serde..ser..Serialize$u20$for$u20$$RF$T$GT$::serialize::hf3cd36bfc1d7a7d3
 8002722  8002722        0     1                 $d
 800273e  800273e        0     1                 $t
 80027cc  80027cc       32     2         /Users/janjongen/Documents/workspace/threadx-rust/threadx-app/cross/target/thumbv7em-none-eabihf/release/deps/network-180a1968ef961605.network.782d8973fceacf79-cgu.0.rcgu.o:(.text._ZN63_$LT$threadx_rs..error..TxError$u20$as$u20$core..fmt..Debug$GT$3fmt17hc9f62d9cf3412038E)
 80027cc  80027cc        0     1                 $t
 80027cd  80027cd       32     1                 _$LT$threadx_rs..error..TxError$u20$as$u20$core..fmt..Debug$GT$::fmt::hc9f62d9cf3412038
 80027fe  80027fe      1de     2         /Users/janjongen/Documents/workspace/threadx-rust/threadx-app/cross/target/thumbv7em-none-eabihf/release/deps/network-180a1968ef961605.network.782d8973fceacf79-cgu.0.rcgu.o:(.text._ZN66_$LT$minimq..PubError$LT$T$C$E$GT$$u20$as$u20$core..fmt..Debug$GT$3fmt17hcce4cab2da5a5987E)
 80027fe  80027fe        0     1                 $t
 80027ff  80027ff      1de     1                 _$LT$minimq..PubError$LT$T$C$E$GT$$u20$as$u20$core..fmt..Debug$GT$::fmt::hcce4cab2da5a5987
 80029dc  80029dc      11e     2         /Users/janjongen/Documents/workspace/threadx-rust/threadx-app/cross/target/thumbv7em-none-eabihf/release/deps/network-180a1968ef961605.network.782d8973fceacf79-cgu.0.rcgu.o:(.text._ZN66_$LT$threadx_rs..mutex..MutexError$u20$as$u20$core..fmt..Debug$GT$3fmt17ha124d8ab34d2522bE)
 80029dc  80029dc        0     1                 $t
 80029dd  80029dd      11e     1                 _$LT$threadx_rs..mutex..MutexError$u20$as$u20$core..fmt..Debug$GT$::fmt::ha124d8ab34d2522b
 8002afa  8002afa      1d0     2         /Users/janjongen/Documents/workspace/threadx-rust/threadx-app/cross/target/thumbv7em-none-eabihf/release/deps/network-180a1968ef961605.network.782d8973fceacf79-cgu.0.rcgu.o:(.text._ZN67_$LT$minimq..types..Properties$u20$as$u20$serde..ser..Serialize$GT$9serialize17h3e85c3820fdd63c2E)
 8002afa  8002afa        0     1                 $t
 8002afb  8002afb      1d0     1                 _$LT$minimq..types..Properties$u20$as$u20$serde..ser..Serialize$GT$::serialize::h3e85c3820fdd63c2
 8002cca  8002cca       2c     2         /Users/janjongen/Documents/workspace/threadx-rust/threadx-app/cross/target/thumbv7em-none-eabihf/release/deps/network-180a1968ef961605.network.782d8973fceacf79-cgu.0.rcgu.o:(.text._ZN68_$LT$display_interface..DisplayError$u20$as$u20$core..fmt..Debug$GT$3fmt17hc632bea7fb4ae0ceE)
 8002cca  8002cca        0     1                 $t
 8002ccb  8002ccb       2c     1                 _$LT$display_interface..DisplayError$u20$as$u20$core..fmt..Debug$GT$::fmt::hc632bea7fb4ae0ce
 8002cf8  8002cf8      ee0     4         /Users/janjongen/Documents/workspace/threadx-rust/threadx-app/cross/target/thumbv7em-none-eabihf/release/deps/network-180a1968ef961605.network.782d8973fceacf79-cgu.0.rcgu.o:(.text._ZN6minimq11mqtt_client2sm21StateMachine$LT$T$GT$13process_event17hbdd91a151dfff2f1E)
 8002cf8  8002cf8        0     1                 $t
 8002cf9  8002cf9      ee0     1                 minimq::mqtt_client::sm::StateMachine$LT$T$GT$::process_event::hbdd91a151dfff2f1
 8002d10  8002d10        0     1                 $d
 8002d14  8002d14        0     1                 $t
 8002d2e  8002d2e        0     1                 $d
 8002d3c  8002d3c        0     1                 $t
 8002d4a  8002d4a        0     1                 $d
 8002d58  8002d58        0     1                 $t
 8002ea0  8002ea0        0     1                 $d
 8002ef8  8002ef8        0     1                 $t
 8002efc  8002efc        0     1                 $d
 8002f54  8002f54        0     1                 $t
 80035da  80035da        0     1                 $d
 8003720  8003720        0     1                 $t
 8003738  8003738        0     1                 $d
 800387e  800387e        0     1                 $t
 8003894  8003894        0     1                 $d
 80039da  80039da        0     1                 $t
 80039f0  80039f0        0     1                 $d
 8003b36  8003b36        0     1                 $t
 8003bd8  8003bd8       da     2         /Users/janjongen/Documents/workspace/threadx-rust/threadx-app/cross/target/thumbv7em-none-eabihf/release/deps/network-180a1968ef961605.network.782d8973fceacf79-cgu.0.rcgu.o:(.text._ZN6minimq15network_manager31InterfaceHolder$LT$TcpStack$GT$12commit_write17hcdbdd3621917e083E)
 8003bd8  8003bd8        0     1                 $t
 8003bd9  8003bd9       da     1                 minimq::network_manager::InterfaceHolder$LT$TcpStack$GT$::commit_write::hcdbdd3621917e083
 8003cb2  8003cb2      146     2         /Users/janjongen/Documents/workspace/threadx-rust/threadx-app/cross/target/thumbv7em-none-eabihf/release/deps/network-180a1968ef961605.network.782d8973fceacf79-cgu.0.rcgu.o:(.text._ZN70_$LT$heapless..string..String$LT$_$GT$$u20$as$u20$core..fmt..Write$GT$10write_char17h69923665b41ba03eE)
 8003cb2  8003cb2        0     1                 $t
 8003cb3  8003cb3      146     1                 _$LT$heapless..string..String$LT$_$GT$$u20$as$u20$core..fmt..Write$GT$::write_char::h69923665b41ba03e
 8003df8  8003df8       ba     2         /Users/janjongen/Documents/workspace/threadx-rust/threadx-app/cross/target/thumbv7em-none-eabihf/release/deps/network-180a1968ef961605.network.782d8973fceacf79-cgu.0.rcgu.o:(.text._ZN70_$LT$heapless..string..String$LT$_$GT$$u20$as$u20$core..fmt..Write$GT$9write_str17hbad0bd74373aa818E)
 8003df8  8003df8        0     1                 $t
 8003df9  8003df9       ba     1                 _$LT$heapless..string..String$LT$_$GT$$u20$as$u20$core..fmt..Write$GT$::write_str::hbad0bd74373aa818
 8003eb4  8003eb4      17a     4         /Users/janjongen/Documents/workspace/threadx-rust/threadx-app/cross/target/thumbv7em-none-eabihf/release/deps/network-180a1968ef961605.network.782d8973fceacf79-cgu.0.rcgu.o:(.text._ZN70_$LT$stm32f4xx_hal..i2c..common..Error$u20$as$u20$core..fmt..Debug$GT$3fmt17hf4f46bcdd58e014aE)
 8003eb4  8003eb4        0     1                 $t
 8003eb5  8003eb5      17a     1                 _$LT$stm32f4xx_hal..i2c..common..Error$u20$as$u20$core..fmt..Debug$GT$::fmt::hf4f46bcdd58e014a
 8003ed0  8003ed0        0     1                 $d
 8003ed6  8003ed6        0     1                 $t
 8004030  8004030      1fa     4         /Users/janjongen/Documents/workspace/threadx-rust/threadx-app/cross/target/thumbv7em-none-eabihf/release/deps/network-180a1968ef961605.network.782d8973fceacf79-cgu.0.rcgu.o:(.text._ZN76_$LT$minimq..mqtt_client..sm..Error$LT$T$GT$$u20$as$u20$core..fmt..Debug$GT$3fmt17h2598e9568a00dc55E)
 8004030  8004030        0     1                 $t
 8004031  8004031      1fa     1                 _$LT$minimq..mqtt_client..sm..Error$LT$T$GT$$u20$as$u20$core..fmt..Debug$GT$::fmt::h2598e9568a00dc55
 8004044  8004044        0     1                 $d
 8004048  8004048        0     1                 $t
 800422a  800422a      1aa     2         /Users/janjongen/Documents/workspace/threadx-rust/threadx-app/cross/target/thumbv7em-none-eabihf/release/deps/network-180a1968ef961605.network.782d8973fceacf79-cgu.0.rcgu.o:(.text._ZN7ssd130631Ssd1306$LT$DI$C$SIZE$C$MODE$GT$19flush_buffer_chunks17hcb802cdc722606a5E)
 800422a  800422a        0     1                 $t
 800422b  800422b      1aa     1                 ssd1306::Ssd1306$LT$DI$C$SIZE$C$MODE$GT$::flush_buffer_chunks::hcb802cdc722606a5
 80043d4  80043d4      25e     4         /Users/janjongen/Documents/workspace/threadx-rust/threadx-app/cross/target/thumbv7em-none-eabihf/release/deps/network-180a1968ef961605.network.782d8973fceacf79-cgu.0.rcgu.o:(.text._ZN7ssd13067command7Command4send17h7987f0589cf6e57cE)
 80043d4  80043d4        0     1                 $t
 80043d5  80043d5      25e     1                 ssd1306::command::Command::send::h7987f0589cf6e57c
 80043f0  80043f0        0     1                 $d
 8004426  8004426        0     1                 $t
 8004632  8004632       82     2         /Users/janjongen/Documents/workspace/threadx-rust/threadx-app/cross/target/thumbv7em-none-eabihf/release/deps/network-180a1968ef961605.network.782d8973fceacf79-cgu.0.rcgu.o:(.text._ZN84_$LT$$RF$mut$u20$minimq..ser..MqttSerializer$u20$as$u20$serde..ser..SerializeSeq$GT$17serialize_element17h8320d8e51c447391E)
 8004632  8004632        0     1                 $t
 8004633  8004633       82     1                 _$LT$$RF$mut$u20$minimq..ser..MqttSerializer$u20$as$u20$serde..ser..SerializeSeq$GT$::serialize_element::h8320d8e51c447391
 80046b4  80046b4       c2     2         /Users/janjongen/Documents/workspace/threadx-rust/threadx-app/cross/target/thumbv7em-none-eabihf/release/deps/network-180a1968ef961605.network.782d8973fceacf79-cgu.0.rcgu.o:(.text._ZN84_$LT$$RF$mut$u20$minimq..ser..MqttSerializer$u20$as$u20$serde..ser..SerializeSeq$GT$17serialize_element17heeab32d2f499b861E)
 80046b4  80046b4        0     1                 $t
 80046b5  80046b5       c2     1                 _$LT$$RF$mut$u20$minimq..ser..MqttSerializer$u20$as$u20$serde..ser..SerializeSeq$GT$::serialize_element::heeab32d2f499b861
 8004776  8004776       84     2         /Users/janjongen/Documents/workspace/threadx-rust/threadx-app/cross/target/thumbv7em-none-eabihf/release/deps/network-180a1968ef961605.network.782d8973fceacf79-cgu.0.rcgu.o:(.text._ZN84_$LT$$RF$mut$u20$minimq..ser..MqttSerializer$u20$as$u20$serde..ser..SerializeSeq$GT$17serialize_element17hf869466256ce50abE)
 8004776  8004776        0     1                 $t
 8004777  8004777       84     1                 _$LT$$RF$mut$u20$minimq..ser..MqttSerializer$u20$as$u20$serde..ser..SerializeSeq$GT$::serialize_element::hf869466256ce50ab
 80047fa  80047fa       18     2         /Users/janjongen/Documents/workspace/threadx-rust/threadx-app/cross/target/thumbv7em-none-eabihf/release/deps/network-180a1968ef961605.network.782d8973fceacf79-cgu.0.rcgu.o:(.text._ZN7network11start_clock10clock_tick17hcec45a43c8a4965fE)
 80047fa  80047fa        0     1                 $t
 80047fb  80047fb       18     1                 network::start_clock::clock_tick::hcec45a43c8a4965f
 8004814  8004814      79e     4         /Users/janjongen/Documents/workspace/threadx-rust/threadx-app/cross/target/thumbv7em-none-eabihf/release/deps/network-180a1968ef961605.network.782d8973fceacf79-cgu.0.rcgu.o:(.text._ZN7network10print_text17hb8b833e6f91bed42E)
 8004814  8004814        0     1                 $t
 8004815  8004815      79e     1                 network::print_text::hb8b833e6f91bed42
 8004cb2  8004cb2        0     1                 $d
 8004cb6  8004cb6        0     1                 $t
 8004dfe  8004dfe        0     1                 $d
 8004e02  8004e02        0     1                 $t
 8004e40  8004e40        0     1                 $d
 8004e44  8004e44        0     1                 $t
 8004fb4  8004fb4     4b6c     4         /Users/janjongen/Documents/workspace/threadx-rust/threadx-app/cross/target/thumbv7em-none-eabihf/release/deps/network-180a1968ef961605.network.782d8973fceacf79-cgu.0.rcgu.o:(.text._ZN7network10do_network17hc14deccd17b7e39dE)
 8004fb4  8004fb4        0     1                 $t
 8004fb5  8004fb5     4b6c     1                 network::do_network::hc14deccd17b7e39d
 8005bb2  8005bb2        0     1                 $d
 8005bba  8005bba        0     1                 $t
 8006c5a  8006c5a        0     1                 $d
 8006c7a  8006c7a        0     1                 $t
 80070c8  80070c8        0     1                 $d
 80070ce  80070ce        0     1                 $t
 8009b20  8009b20        8     2         /Users/janjongen/Documents/workspace/threadx-rust/threadx-app/cross/target/thumbv7em-none-eabihf/release/deps/network-180a1968ef961605.network.782d8973fceacf79-cgu.0.rcgu.o:(.text.main)
 8009b20  8009b20        0     1                 $t
 8009b21  8009b21        8     1                 main
 8009b28  8009b28       48     2         /Users/janjongen/Documents/workspace/threadx-rust/threadx-app/cross/target/thumbv7em-none-eabihf/release/deps/network-180a1968ef961605.network.782d8973fceacf79-cgu.0.rcgu.o:(.text._ZN7network18__cortex_m_rt_main17h8db62d7c14f21fe0E)
 8009b28  8009b28        0     1                 $t
 8009b29  8009b29       48     1                 network::__cortex_m_rt_main::h8db62d7c14f21fe0
 8009b70  8009b70       10     2         /Users/janjongen/Documents/workspace/threadx-rust/threadx-app/cross/target/thumbv7em-none-eabihf/release/deps/network-180a1968ef961605.network.782d8973fceacf79-cgu.0.rcgu.o:(.text.unlikely._ZN7network10do_network19panic_cold_explicit17h4cf9b5920ce70031E)
 8009b70  8009b70        0     1                 $t
 8009b71  8009b71       10     1                 network::do_network::panic_cold_explicit::h4cf9b5920ce70031
 8009b80  8009b80       2c     2         /Users/janjongen/Documents/workspace/threadx-rust/threadx-app/cross/target/thumbv7em-none-eabihf/release/deps/network-180a1968ef961605.network.782d8973fceacf79-cgu.0.rcgu.o:(.text._ZN5alloc7raw_vec17capacity_overflow17h02fac19cd8684cf6E)
 8009b80  8009b80        0     1                 $t
 8009b81  8009b81       2c     1                 alloc::raw_vec::capacity_overflow::h02fac19cd8684cf6
 8009bac  8009bac        8     2         /Users/janjongen/Documents/workspace/threadx-rust/threadx-app/cross/target/thumbv7em-none-eabihf/release/deps/network-180a1968ef961605.network.782d8973fceacf79-cgu.0.rcgu.o:(.text.unlikely._ZN5alloc5alloc18handle_alloc_error17h8a0f364cc9a28125E)
 8009bac  8009bac        0     1                 $t
 8009bad  8009bad        8     1                 alloc::alloc::handle_alloc_error::h8a0f364cc9a28125
 8009bb4  8009bb4       36     2         /Users/janjongen/Documents/workspace/threadx-rust/threadx-app/cross/target/thumbv7em-none-eabihf/release/deps/network-180a1968ef961605.network.782d8973fceacf79-cgu.0.rcgu.o:(.text.__rdl_oom)
 8009bb4  8009bb4        0     1                 $t
 8009bb5  8009bb5       36     1                 __rdl_oom
 8009bea  8009bea      43c     2         /Users/janjongen/Documents/workspace/threadx-rust/threadx-app/cross/target/thumbv7em-none-eabihf/release/deps/network-180a1968ef961605.network.782d8973fceacf79-cgu.0.rcgu.o:(.text._ZN56_$LT$board..I2CBus$u20$as$u20$embedded_hal..i2c..I2c$GT$11transaction17h47f8abc8d709ecbdE)
 8009bea  8009bea        0     1                 $t
 8009beb  8009beb      43c     1                 _$LT$board..I2CBus$u20$as$u20$embedded_hal..i2c..I2c$GT$::transaction::h47f8abc8d709ecbd
 800a026  800a026      136     2         /Users/janjongen/Documents/workspace/threadx-rust/threadx-app/cross/target/thumbv7em-none-eabihf/release/deps/network-180a1968ef961605.network.782d8973fceacf79-cgu.0.rcgu.o:(.text._ZN13stm32f4xx_hal3i2c14I2c$LT$I2C$GT$12prepare_read17hc341a0d195d6614dE)
 800a026  800a026        0     1                 $t
 800a027  800a027      136     1                 stm32f4xx_hal::i2c::I2c$LT$I2C$GT$::prepare_read::hc341a0d195d6614d
 800a15c  800a15c       c0     2         /Users/janjongen/Documents/workspace/threadx-rust/threadx-app/cross/target/thumbv7em-none-eabihf/release/deps/network-180a1968ef961605.network.782d8973fceacf79-cgu.0.rcgu.o:(.text._ZN13stm32f4xx_hal3i2c14I2c$LT$I2C$GT$11write_bytes17h621673dbd1b36b24E)
 800a15c  800a15c        0     1                 $t
 800a15d  800a15d       c0     1                 stm32f4xx_hal::i2c::I2c$LT$I2C$GT$::write_bytes::h621673dbd1b36b24
 800a21c  800a21c       2c     2         /Users/janjongen/Documents/workspace/threadx-rust/threadx-app/cross/target/thumbv7em-none-eabihf/release/deps/network-180a1968ef961605.network.782d8973fceacf79-cgu.0.rcgu.o:(.text._ZN68_$LT$display_interface..DisplayError$u20$as$u20$core..fmt..Debug$GT$3fmt17hc632bea7fb4ae0ceE.253)
 800a21c  800a21c        0     1                 $t
 800a21d  800a21d       2c     1                 _$LT$display_interface..DisplayError$u20$as$u20$core..fmt..Debug$GT$::fmt::hc632bea7fb4ae0ce (.253)
 800a248  800a248      17a     4         /Users/janjongen/Documents/workspace/threadx-rust/threadx-app/cross/target/thumbv7em-none-eabihf/release/deps/network-180a1968ef961605.network.782d8973fceacf79-cgu.0.rcgu.o:(.text._ZN70_$LT$stm32f4xx_hal..i2c..common..Error$u20$as$u20$core..fmt..Debug$GT$3fmt17hf4f46bcdd58e014aE.254)
 800a248  800a248        0     1                 $t
 800a249  800a249      17a     1                 _$LT$stm32f4xx_hal..i2c..common..Error$u20$as$u20$core..fmt..Debug$GT$::fmt::hf4f46bcdd58e014a (.254)
 800a264  800a264        0     1                 $d
 800a26a  800a26a        0     1                 $t
 800a3c2  800a3c2       46     2         /Users/janjongen/Documents/workspace/threadx-rust/threadx-app/cross/target/thumbv7em-none-eabihf/release/deps/network-180a1968ef961605.network.782d8973fceacf79-cgu.0.rcgu.o:(.text.EXTI4)
 800a3c2  800a3c2        0     1                 $t
 800a3c3  800a3c3       46     1                 EXTI4
 800a408  800a408        8     2         /Users/janjongen/Documents/workspace/threadx-rust/threadx-app/cross/target/thumbv7em-none-eabihf/release/deps/network-180a1968ef961605.network.782d8973fceacf79-cgu.0.rcgu.o:(.text.unlikely._ZN4core5slice5index26slice_start_index_len_fail17h51b68e2ea9882740E)
 800a408  800a408        0     1                 $t
 800a409  800a409        8     1                 core::slice::index::slice_start_index_len_fail::h51b68e2ea9882740
 800a410  800a410       3c     4         /Users/janjongen/Documents/workspace/threadx-rust/threadx-app/cross/target/thumbv7em-none-eabihf/release/deps/network-180a1968ef961605.network.782d8973fceacf79-cgu.0.rcgu.o:(.text.unlikely._ZN4core9panicking18panic_bounds_check17h20e4c1b49b310f5fE)
 800a410  800a410        0     1                 $t
 800a411  800a411       3c     1                 core::panicking::panic_bounds_check::h20e4c1b49b310f5f
 800a444  800a444        0     1                 $d
 800a44c  800a44c        a     2         /Users/janjongen/Documents/workspace/threadx-rust/threadx-app/cross/target/thumbv7em-none-eabihf/release/deps/network-180a1968ef961605.network.782d8973fceacf79-cgu.0.rcgu.o:(.text._ZN4core3fmt3num3imp52_$LT$impl$u20$core..fmt..Display$u20$for$u20$u32$GT$3fmt17h4de600dcb1473deaE)
 800a44c  800a44c        0     1                 $t
 800a44d  800a44d        a     1                 core::fmt::num::imp::_$LT$impl$u20$core..fmt..Display$u20$for$u20$u32$GT$::fmt::h4de600dcb1473dea
 800a456  800a456       16     2         /Users/janjongen/Documents/workspace/threadx-rust/threadx-app/cross/target/thumbv7em-none-eabihf/release/deps/network-180a1968ef961605.network.782d8973fceacf79-cgu.0.rcgu.o:(.text.unlikely._ZN4core9panicking9panic_fmt17h16b5cf925bfec85bE)
 800a456  800a456        0     1                 $t
 800a457  800a457       16     1                 core::panicking::panic_fmt::h16b5cf925bfec85b
 800a46c  800a46c      290     2         /Users/janjongen/Documents/workspace/threadx-rust/threadx-app/cross/target/thumbv7em-none-eabihf/release/deps/network-180a1968ef961605.network.782d8973fceacf79-cgu.0.rcgu.o:(.text._ZN4core3fmt3num3imp21_$LT$impl$u20$u32$GT$4_fmt17hb94f4d459d517edcE)
 800a46c  800a46c        0     1                 $t
 800a46d  800a46d      290     1                 core::fmt::num::imp::_$LT$impl$u20$u32$GT$::_fmt::hb94f4d459d517edc
 800a6fc  800a6fc       42     2         /Users/janjongen/Documents/workspace/threadx-rust/threadx-app/cross/target/thumbv7em-none-eabihf/release/deps/network-180a1968ef961605.network.782d8973fceacf79-cgu.0.rcgu.o:(.text._ZN4core3fmt9Formatter12pad_integral12write_prefix17hcecf46879cbe59f2E)
 800a6fc  800a6fc        0     1                 $t
 800a6fd  800a6fd       42     1                 core::fmt::Formatter::pad_integral::write_prefix::hcecf46879cbe59f2
 800a73e  800a73e       3e     2         /Users/janjongen/Documents/workspace/threadx-rust/threadx-app/cross/target/thumbv7em-none-eabihf/release/deps/network-180a1968ef961605.network.782d8973fceacf79-cgu.0.rcgu.o:(.text._ZN4core5slice5index26slice_start_index_len_fail8do_panic7runtime17h6e6e146111cd2a9fE)
 800a73e  800a73e        0     1                 $t
 800a73f  800a73f       3e     1                 core::slice::index::slice_start_index_len_fail::do_panic::runtime::h6e6e146111cd2a9f
 800a77c  800a77c        8     2         /Users/janjongen/Documents/workspace/threadx-rust/threadx-app/cross/target/thumbv7em-none-eabihf/release/deps/network-180a1968ef961605.network.782d8973fceacf79-cgu.0.rcgu.o:(.text.unlikely._ZN4core5slice5index24slice_end_index_len_fail17ha1a587df2956486eE)
 800a77c  800a77c        0     1                 $t
 800a77d  800a77d        8     1                 core::slice::index::slice_end_index_len_fail::ha1a587df2956486e
 800a784  800a784       3e     2         /Users/janjongen/Documents/workspace/threadx-rust/threadx-app/cross/target/thumbv7em-none-eabihf/release/deps/network-180a1968ef961605.network.782d8973fceacf79-cgu.0.rcgu.o:(.text._ZN4core5slice5index24slice_end_index_len_fail8do_panic7runtime17hc9a3d4cdf5565fb4E)
 800a784  800a784        0     1                 $t
 800a785  800a785       3e     1                 core::slice::index::slice_end_index_len_fail::do_panic::runtime::hc9a3d4cdf5565fb4
 800a7c2  800a7c2      6f8     2         /Users/janjongen/Documents/workspace/threadx-rust/threadx-app/cross/target/thumbv7em-none-eabihf/release/deps/network-180a1968ef961605.network.782d8973fceacf79-cgu.0.rcgu.o:(.text._ZN4core3fmt9Formatter3pad17h2891f965241a4cd4E)
 800a7c2  800a7c2        0     1                 $t
 800a7c3  800a7c3      6f8     1                 core::fmt::Formatter::pad::h2891f965241a4cd4
 800aeba  800aeba       26     2         /Users/janjongen/Documents/workspace/threadx-rust/threadx-app/cross/target/thumbv7em-none-eabihf/release/deps/network-180a1968ef961605.network.782d8973fceacf79-cgu.0.rcgu.o:(.text.unlikely._ZN4core9panicking5panic17h3ebd9fe1fd833a19E)
 800aeba  800aeba        0     1                 $t
 800aebb  800aebb       26     1                 core::panicking::panic::h3ebd9fe1fd833a19
 800aee0  800aee0        c     2         /Users/janjongen/Documents/workspace/threadx-rust/threadx-app/cross/target/thumbv7em-none-eabihf/release/deps/network-180a1968ef961605.network.782d8973fceacf79-cgu.0.rcgu.o:(.text._ZN44_$LT$$RF$T$u20$as$u20$core..fmt..Display$GT$3fmt17hc29b2a2df913f64cE)
 800aee0  800aee0        0     1                 $t
 800aee1  800aee1        c     1                 _$LT$$RF$T$u20$as$u20$core..fmt..Display$GT$::fmt::hc29b2a2df913f64c
 800aeec  800aeec        8     2         /Users/janjongen/Documents/workspace/threadx-rust/threadx-app/cross/target/thumbv7em-none-eabihf/release/deps/network-180a1968ef961605.network.782d8973fceacf79-cgu.0.rcgu.o:(.text._ZN42_$LT$$RF$T$u20$as$u20$core..fmt..Debug$GT$3fmt17h1a5cab425ce3253cE)
 800aeec  800aeec        0     1                 $t
 800aeed  800aeed        8     1                 _$LT$$RF$T$u20$as$u20$core..fmt..Debug$GT$::fmt::h1a5cab425ce3253c
 800aef4  800aef4      184     2         /Users/janjongen/Documents/workspace/threadx-rust/threadx-app/cross/target/thumbv7em-none-eabihf/release/deps/network-180a1968ef961605.network.782d8973fceacf79-cgu.0.rcgu.o:(.text._ZN4core3fmt5write17h0f60ad57bb70412fE)
 800aef4  800aef4        0     1                 $t
 800aef5  800aef5      184     1                 core::fmt::write::h0f60ad57bb70412f
 800b078  800b078       26     2         /Users/janjongen/Documents/workspace/threadx-rust/threadx-app/cross/target/thumbv7em-none-eabihf/release/deps/network-180a1968ef961605.network.782d8973fceacf79-cgu.0.rcgu.o:(.text.unlikely._ZN4core9panicking11panic_const23panic_const_div_by_zero17h4f947e8263ffbb87E)
 800b078  800b078        0     1                 $t
 800b079  800b079       26     1                 core::panicking::panic_const::panic_const_div_by_zero::h4f947e8263ffbb87
 800b09e  800b09e        8     2         /Users/janjongen/Documents/workspace/threadx-rust/threadx-app/cross/target/thumbv7em-none-eabihf/release/deps/network-180a1968ef961605.network.782d8973fceacf79-cgu.0.rcgu.o:(.text.unlikely._ZN4core5slice5index22slice_index_order_fail17hd19d4cd26088b30eE)
 800b09e  800b09e        0     1                 $t
 800b09f  800b09f        8     1                 core::slice::index::slice_index_order_fail::hd19d4cd26088b30e
 800b0a6  800b0a6       14     2         /Users/janjongen/Documents/workspace/threadx-rust/threadx-app/cross/target/thumbv7em-none-eabihf/release/deps/network-180a1968ef961605.network.782d8973fceacf79-cgu.0.rcgu.o:(.text.unlikely._ZN4core6option13unwrap_failed17h9b61b6ca010bc028E)
 800b0a6  800b0a6        0     1                 $t
 800b0a7  800b0a7       14     1                 core::option::unwrap_failed::h9b61b6ca010bc028
 800b0ba  800b0ba       3e     2         /Users/janjongen/Documents/workspace/threadx-rust/threadx-app/cross/target/thumbv7em-none-eabihf/release/deps/network-180a1968ef961605.network.782d8973fceacf79-cgu.0.rcgu.o:(.text._ZN4core5slice5index22slice_index_order_fail8do_panic7runtime17h021ca6b9cc5f850eE)
 800b0ba  800b0ba        0     1                 $t
 800b0bb  800b0bb       3e     1                 core::slice::index::slice_index_order_fail::do_panic::runtime::h021ca6b9cc5f850e
 800b0f8  800b0f8       12     2         /Users/janjongen/Documents/workspace/threadx-rust/threadx-app/cross/target/thumbv7em-none-eabihf/release/deps/network-180a1968ef961605.network.782d8973fceacf79-cgu.0.rcgu.o:(.text._ZN63_$LT$core..cell..BorrowMutError$u20$as$u20$core..fmt..Debug$GT$3fmt17h6ba45195b61cf550E)
 800b0f8  800b0f8        0     1                 $t
 800b0f9  800b0f9       12     1                 _$LT$core..cell..BorrowMutError$u20$as$u20$core..fmt..Debug$GT$::fmt::h6ba45195b61cf550
 800b10a  800b10a       34     2         /Users/janjongen/Documents/workspace/threadx-rust/threadx-app/cross/target/thumbv7em-none-eabihf/release/deps/network-180a1968ef961605.network.782d8973fceacf79-cgu.0.rcgu.o:(.text.unlikely._ZN4core4cell22panic_already_borrowed17hb44e3d313e4cad63E)
 800b10a  800b10a        0     1                 $t
 800b10b  800b10b       34     1                 core::cell::panic_already_borrowed::hb44e3d313e4cad63
 800b13e  800b13e      24a     2         /Users/janjongen/Documents/workspace/threadx-rust/threadx-app/cross/target/thumbv7em-none-eabihf/release/deps/network-180a1968ef961605.network.782d8973fceacf79-cgu.0.rcgu.o:(.text._ZN68_$LT$core..fmt..builders..PadAdapter$u20$as$u20$core..fmt..Write$GT$9write_str17ha0cbdb1159cf632bE)
 800b13e  800b13e        0     1                 $t
 800b13f  800b13f      24a     1                 _$LT$core..fmt..builders..PadAdapter$u20$as$u20$core..fmt..Write$GT$::write_str::ha0cbdb1159cf632b
 800b388  800b388       4c     2         /Users/janjongen/Documents/workspace/threadx-rust/threadx-app/cross/target/thumbv7em-none-eabihf/release/deps/network-180a1968ef961605.network.782d8973fceacf79-cgu.0.rcgu.o:(.text._ZN68_$LT$core..fmt..builders..PadAdapter$u20$as$u20$core..fmt..Write$GT$10write_char17h44ece39713b7e71bE)
 800b388  800b388        0     1                 $t
 800b389  800b389       4c     1                 _$LT$core..fmt..builders..PadAdapter$u20$as$u20$core..fmt..Write$GT$::write_char::h44ece39713b7e71b
 800b3d4  800b3d4        e     2         /Users/janjongen/Documents/workspace/threadx-rust/threadx-app/cross/target/thumbv7em-none-eabihf/release/deps/network-180a1968ef961605.network.782d8973fceacf79-cgu.0.rcgu.o:(.text._ZN4core3fmt5Write9write_fmt17h1905da2635e71f7dE)
 800b3d4  800b3d4        0     1                 $t
 800b3d5  800b3d5        e     1                 core::fmt::Write::write_fmt::h1905da2635e71f7d
 800b3e2  800b3e2       4e     2         /Users/janjongen/Documents/workspace/threadx-rust/threadx-app/cross/target/thumbv7em-none-eabihf/release/deps/network-180a1968ef961605.network.782d8973fceacf79-cgu.0.rcgu.o:(.text.unlikely._ZN4core6result13unwrap_failed17h9c56199e11ab2e75E)
 800b3e2  800b3e2        0     1                 $t
 800b3e3  800b3e3       4e     1                 core::result::unwrap_failed::h9c56199e11ab2e75
 800b430  800b430       38     2         /Users/janjongen/Documents/workspace/threadx-rust/threadx-app/cross/target/thumbv7em-none-eabihf/release/deps/network-180a1968ef961605.network.782d8973fceacf79-cgu.0.rcgu.o:(.text.unlikely._ZN4core6option13expect_failed17h099ad96634b9307aE)
 800b430  800b430        0     1                 $t
 800b431  800b431       38     1                 core::option::expect_failed::h099ad96634b9307a
 800b468  800b468       2c     2         /Users/janjongen/Documents/workspace/threadx-rust/threadx-app/cross/target/thumbv7em-none-eabihf/release/deps/network-180a1968ef961605.network.782d8973fceacf79-cgu.0.rcgu.o:(.text.unlikely._ZN4core9panicking18panic_nounwind_fmt17hd0668c137dac9c1aE)
 800b468  800b468        0     1                 $t
 800b469  800b469       2c     1                 core::panicking::panic_nounwind_fmt::hd0668c137dac9c1a
 800b494  800b494       3a     2         /Users/janjongen/Documents/workspace/threadx-rust/threadx-app/cross/target/thumbv7em-none-eabihf/release/deps/network-180a1968ef961605.network.782d8973fceacf79-cgu.0.rcgu.o:(.text.unlikely._ZN4core9panicking14panic_explicit17h8991c96b179bfba2E)
 800b494  800b494        0     1                 $t
 800b495  800b495       3a     1                 core::panicking::panic_explicit::h8991c96b179bfba2
 800b4ce  800b4ce        e     2         /Users/janjongen/Documents/workspace/threadx-rust/threadx-app/cross/target/thumbv7em-none-eabihf/release/deps/network-180a1968ef961605.network.782d8973fceacf79-cgu.0.rcgu.o:(.text.unlikely._ZN4core5slice29_$LT$impl$u20$$u5b$T$u5d$$GT$15copy_from_slice17len_mismatch_fail17he2b57f11e949b171E)
 800b4ce  800b4ce        0     1                 $t
 800b4cf  800b4cf        e     1                 core::slice::_$LT$impl$u20$$u5b$T$u5d$$GT$::copy_from_slice::len_mismatch_fail::he2b57f11e949b171
 800b4dc  800b4dc       46     2         /Users/janjongen/Documents/workspace/threadx-rust/threadx-app/cross/target/thumbv7em-none-eabihf/release/deps/network-180a1968ef961605.network.782d8973fceacf79-cgu.0.rcgu.o:(.text._ZN4core5slice29_$LT$impl$u20$$u5b$T$u5d$$GT$15copy_from_slice17len_mismatch_fail8do_panic7runtime17hd1ed45356a6792dfE)
 800b4dc  800b4dc        0     1                 $t
 800b4dd  800b4dd       46     1                 core::slice::_$LT$impl$u20$$u5b$T$u5d$$GT$::copy_from_slice::len_mismatch_fail::do_panic::runtime::hd1ed45356a6792df
 800b522  800b522       26     2         /Users/janjongen/Documents/workspace/threadx-rust/threadx-app/cross/target/thumbv7em-none-eabihf/release/deps/network-180a1968ef961605.network.782d8973fceacf79-cgu.0.rcgu.o:(.text.unlikely._ZN4core9panicking11panic_const23panic_const_rem_by_zero17h328738e260c970f5E)
 800b522  800b522        0     1                 $t
 800b523  800b523       26     1                 core::panicking::panic_const::panic_const_rem_by_zero::h328738e260c970f5
 800b548  800b548       14     2         /Users/janjongen/Documents/workspace/threadx-rust/threadx-app/cross/target/thumbv7em-none-eabihf/release/deps/network-180a1968ef961605.network.782d8973fceacf79-cgu.0.rcgu.o:(.text._ZN4core3fmt3num3imp52_$LT$impl$u20$core..fmt..Display$u20$for$u20$i32$GT$3fmt17h62abea37f727c226E)
 800b548  800b548        0     1                 $t
 800b549  800b549       14     1                 core::fmt::num::imp::_$LT$impl$u20$core..fmt..Display$u20$for$u20$i32$GT$::fmt::h62abea37f727c226
 800b55c  800b55c        a     2         /Users/janjongen/Documents/workspace/threadx-rust/threadx-app/cross/target/thumbv7em-none-eabihf/release/deps/network-180a1968ef961605.network.782d8973fceacf79-cgu.0.rcgu.o:(.text._critical_section_1_0_release)
 800b55c  800b55c        0     1                 $t
 800b55d  800b55d        a     1                 _critical_section_1_0_release
 800b566  800b566        2     2         /Users/janjongen/Documents/workspace/threadx-rust/threadx-app/cross/target/thumbv7em-none-eabihf/release/deps/network-180a1968ef961605.network.782d8973fceacf79-cgu.0.rcgu.o:(.text.DefaultHandler_)
 800b566  800b566        0     1                 $t
 800b567  800b567        2     1                 DefaultHandler_
 800b568  800b568        2     2         /Users/janjongen/Documents/workspace/threadx-rust/threadx-app/cross/target/thumbv7em-none-eabihf/release/deps/network-180a1968ef961605.network.782d8973fceacf79-cgu.0.rcgu.o:(.text.DefaultPreInit)
 800b568  800b568        0     1                 $t
 800b569  800b569        2     1                 DefaultPreInit
 800b569  800b569        2     1                 __defmt_default_timestamp
 800b56a  800b56a        4     2         /Users/janjongen/Documents/workspace/threadx-rust/threadx-app/cross/target/thumbv7em-none-eabihf/release/deps/network-180a1968ef961605.network.782d8973fceacf79-cgu.0.rcgu.o:(.text.__rust_alloc_error_handler)
 800b56a  800b56a        0     1                 $t
 800b56b  800b56b        4     1                 __rust_alloc_error_handler
 800b56e  800b56e       20     2         /Users/janjongen/Documents/workspace/threadx-rust/threadx-app/cross/target/thumbv7em-none-eabihf/release/deps/network-180a1968ef961605.network.782d8973fceacf79-cgu.0.rcgu.o:(.text._ZN5defmt6export3str17h8af121ef87b1a3e9E)
 800b56e  800b56e        0     1                 $t
 800b56f  800b56f       20     1                 defmt::export::str::h8af121ef87b1a3e9
 800b58e  800b58e       16     2         /Users/janjongen/Documents/workspace/threadx-rust/threadx-app/cross/target/thumbv7em-none-eabihf/release/deps/network-180a1968ef961605.network.782d8973fceacf79-cgu.0.rcgu.o:(.text._ZN5defmt6export4istr17h512d7725de0340edE)
 800b58e  800b58e        0     1                 $t
 800b58f  800b58f       16     1                 defmt::export::istr::h512d7725de0340ed
 800b5a4  800b5a4       10     2         /Users/janjongen/Documents/workspace/threadx-rust/threadx-app/cross/target/thumbv7em-none-eabihf/release/deps/network-180a1968ef961605.network.782d8973fceacf79-cgu.0.rcgu.o:(.text._ZN60_$LT$defmt..export..FmtWrite$u20$as$u20$core..fmt..Write$GT$9write_str17he55be4ef932e9422E)
 800b5a4  800b5a4        0     1                 $t
 800b5a5  800b5a5       10     1                 _$LT$defmt..export..FmtWrite$u20$as$u20$core..fmt..Write$GT$::write_str::he55be4ef932e9422
 800b5b4  800b5b4       8c     2         /Users/janjongen/Documents/workspace/threadx-rust/threadx-app/cross/target/thumbv7em-none-eabihf/release/deps/network-180a1968ef961605.network.782d8973fceacf79-cgu.0.rcgu.o:(.text._ZN4core3fmt5Write10write_char17hf782fcc35a80ef33E)
 800b5b4  800b5b4        0     1                 $t
 800b5b5  800b5b5       8c     1                 core::fmt::Write::write_char::hf782fcc35a80ef33
 800b640  800b640       16     2         /Users/janjongen/Documents/workspace/threadx-rust/threadx-app/cross/target/thumbv7em-none-eabihf/release/deps/network-180a1968ef961605.network.782d8973fceacf79-cgu.0.rcgu.o:(.text._ZN4core3fmt5Write9write_fmt17h9f3ec3f8eb7185ccE)
 800b640  800b640        0     1                 $t
 800b641  800b641       16     1                 core::fmt::Write::write_fmt::h9f3ec3f8eb7185cc
 800b656  800b656       22     2         /Users/janjongen/Documents/workspace/threadx-rust/threadx-app/cross/target/thumbv7em-none-eabihf/release/deps/network-180a1968ef961605.network.782d8973fceacf79-cgu.0.rcgu.o:(.text._ZN5defmt6export18acquire_and_header17h8a4076546137fc58E)
 800b656  800b656        0     1                 $t
 800b657  800b657       22     1                 defmt::export::acquire_and_header::h8a4076546137fc58
 800b678  800b678       26     2         /Users/janjongen/Documents/workspace/threadx-rust/threadx-app/cross/target/thumbv7em-none-eabihf/release/deps/network-180a1968ef961605.network.782d8973fceacf79-cgu.0.rcgu.o:(.text._ZN5defmt6export26acquire_header_and_release17hf32f4eec6305a519E)
 800b678  800b678        0     1                 $t
 800b679  800b679       26     1                 defmt::export::acquire_header_and_release::hf32f4eec6305a519
 800b69e  800b69e        8     2         /Users/janjongen/Documents/workspace/threadx-rust/threadx-app/cross/target/thumbv7em-none-eabihf/release/deps/network-180a1968ef961605.network.782d8973fceacf79-cgu.0.rcgu.o:(.text.__defmt_default_panic)
 800b69e  800b69e        0     1                 $t
 800b69f  800b69f        8     1                 __defmt_default_panic
 800b6a6  800b6a6       10     2         /Users/janjongen/Documents/workspace/threadx-rust/threadx-app/cross/target/thumbv7em-none-eabihf/release/deps/network-180a1968ef961605.network.782d8973fceacf79-cgu.0.rcgu.o:(.text.unlikely._ZN5defmt13default_panic19panic_cold_explicit17h78af07baf2be4ae4E)
 800b6a6  800b6a6        0     1                 $t
 800b6a7  800b6a7       10     1                 defmt::default_panic::panic_cold_explicit::h78af07baf2be4ae4
 800b6b6  800b6b6       14     2         /Users/janjongen/Documents/workspace/threadx-rust/threadx-app/cross/target/thumbv7em-none-eabihf/release/deps/network-180a1968ef961605.network.782d8973fceacf79-cgu.0.rcgu.o:(.text._ZN5defmt6export8integers3u3217h48b0885a29ace8b4E)
 800b6b6  800b6b6        0     1                 $t
 800b6b7  800b6b7       14     1                 defmt::export::integers::u32::h48b0885a29ace8b4
 800b6ca  800b6ca       82     2         /Users/janjongen/Documents/workspace/threadx-rust/threadx-app/cross/target/thumbv7em-none-eabihf/release/deps/network-180a1968ef961605.network.782d8973fceacf79-cgu.0.rcgu.o:(.text._ZN9defmt_rtt7channel7Channel14blocking_write17hcb7aacff3d384263E)
 800b6ca  800b6ca        0     1                 $t
 800b6cb  800b6cb       82     1                 defmt_rtt::channel::Channel::blocking_write::hcb7aacff3d384263
 800b74c  800b74c       5c     2         /Users/janjongen/Documents/workspace/threadx-rust/threadx-app/cross/target/thumbv7em-none-eabihf/release/deps/network-180a1968ef961605.network.782d8973fceacf79-cgu.0.rcgu.o:(.text._ZN9defmt_rtt7channel7Channel17nonblocking_write17h409ab172c327ff99E)
 800b74c  800b74c        0     1                 $t
 800b74d  800b74d       5c     1                 defmt_rtt::channel::Channel::nonblocking_write::h409ab172c327ff99
 800b7a8  800b7a8       aa     2         /Users/janjongen/Documents/workspace/threadx-rust/threadx-app/cross/target/thumbv7em-none-eabihf/release/deps/network-180a1968ef961605.network.782d8973fceacf79-cgu.0.rcgu.o:(.text._defmt_acquire)
 800b7a8  800b7a8        0     1                 $t
 800b7a9  800b7a9       aa     1                 _defmt_acquire
 800b852  800b852       ee     2         /Users/janjongen/Documents/workspace/threadx-rust/threadx-app/cross/target/thumbv7em-none-eabihf/release/deps/network-180a1968ef961605.network.782d8973fceacf79-cgu.0.rcgu.o:(.text._defmt_release)
 800b852  800b852        0     1                 $t
 800b853  800b853       ee     1                 _defmt_release
 800b940  800b940      19a     2         /Users/janjongen/Documents/workspace/threadx-rust/threadx-app/cross/target/thumbv7em-none-eabihf/release/deps/network-180a1968ef961605.network.782d8973fceacf79-cgu.0.rcgu.o:(.text._defmt_write)
 800b940  800b940        0     1                 $t
 800b941  800b941      19a     1                 _defmt_write
 800bada  800bada      1dc     2         /Users/janjongen/Documents/workspace/threadx-rust/threadx-app/cross/target/thumbv7em-none-eabihf/release/deps/network-180a1968ef961605.network.782d8973fceacf79-cgu.0.rcgu.o:(.text._ZN126_$LT$embedded_graphics..mono_font..mapping..StrGlyphMapping$u20$as$u20$embedded_graphics..mono_font..mapping..GlyphMapping$GT$5index17h6671959c9b614c52E)
 800bada  800bada        0     1                 $t
 800badb  800badb      1dc     1                 _$LT$embedded_graphics..mono_font..mapping..StrGlyphMapping$u20$as$u20$embedded_graphics..mono_font..mapping..GlyphMapping$GT$::index::h6671959c9b614c52
 800bcb6  800bcb6      1da     2         /Users/janjongen/Documents/workspace/threadx-rust/threadx-app/cross/target/thumbv7em-none-eabihf/release/deps/network-180a1968ef961605.network.782d8973fceacf79-cgu.0.rcgu.o:(.text._ZN13embedded_time8fraction8Fraction11checked_div17he5daac13834dcbe3E)
 800bcb6  800bcb6        0     1                 $t
 800bcb7  800bcb7      1da     1                 embedded_time::fraction::Fraction::checked_div::he5daac13834dcbe3
 800be90  800be90       c6     2         /Users/janjongen/Documents/workspace/threadx-rust/threadx-app/cross/target/thumbv7em-none-eabihf/release/deps/network-180a1968ef961605.network.782d8973fceacf79-cgu.0.rcgu.o:(.text._ZN5serde2de9SeqAccess12next_element17h0e1e307fd975625aE)
 800be90  800be90        0     1                 $t
 800be91  800be91       c6     1                 serde::de::SeqAccess::next_element::h0e1e307fd975625a
 800bf56  800bf56       74     2         /Users/janjongen/Documents/workspace/threadx-rust/threadx-app/cross/target/thumbv7em-none-eabihf/release/deps/network-180a1968ef961605.network.782d8973fceacf79-cgu.0.rcgu.o:(.text._ZN42_$LT$u8$u20$as$u20$bit_field..BitField$GT$8get_bits17hc546f0b9a0dedaf4E)
 800bf56  800bf56        0     1                 $t
 800bf57  800bf57       74     1                 _$LT$u8$u20$as$u20$bit_field..BitField$GT$::get_bits::hc546f0b9a0dedaf4
 800bfca  800bfca      102     2         /Users/janjongen/Documents/workspace/threadx-rust/threadx-app/cross/target/thumbv7em-none-eabihf/release/deps/network-180a1968ef961605.network.782d8973fceacf79-cgu.0.rcgu.o:(.text._ZN5serde2de9SeqAccess12next_element17h2e7c70d24b55684cE)
 800bfca  800bfca        0     1                 $t
 800bfcb  800bfcb      102     1                 serde::de::SeqAccess::next_element::h2e7c70d24b55684c
 800c0cc  800c0cc       c0     2         /Users/janjongen/Documents/workspace/threadx-rust/threadx-app/cross/target/thumbv7em-none-eabihf/release/deps/network-180a1968ef961605.network.782d8973fceacf79-cgu.0.rcgu.o:(.text._ZN5serde2de9SeqAccess12next_element17he6ffc2786852d9fcE)
 800c0cc  800c0cc        0     1                 $t
 800c0cd  800c0cd       c0     1                 serde::de::SeqAccess::next_element::he6ffc2786852d9fc
 800c18c  800c18c       88     2         /Users/janjongen/Documents/workspace/threadx-rust/threadx-app/cross/target/thumbv7em-none-eabihf/release/deps/network-180a1968ef961605.network.782d8973fceacf79-cgu.0.rcgu.o:(.text._ZN5serde2de9SeqAccess12next_element17ha1b994b9174912d2E)
 800c18c  800c18c        0     1                 $t
 800c18d  800c18d       88     1                 serde::de::SeqAccess::next_element::ha1b994b9174912d2
 800c214  800c214       42     2         /Users/janjongen/Documents/workspace/threadx-rust/threadx-app/cross/target/thumbv7em-none-eabihf/release/deps/network-180a1968ef961605.network.782d8973fceacf79-cgu.0.rcgu.o:(.text._ZN5serde2de9SeqAccess12next_element17h30665e503c2a25a0E)
 800c214  800c214        0     1                 $t
 800c215  800c215       42     1                 serde::de::SeqAccess::next_element::h30665e503c2a25a0
 800c256  800c256       84     2         /Users/janjongen/Documents/workspace/threadx-rust/threadx-app/cross/target/thumbv7em-none-eabihf/release/deps/network-180a1968ef961605.network.782d8973fceacf79-cgu.0.rcgu.o:(.text._ZN5serde2de9SeqAccess12next_element17h0c57a1ff55f73f7bE)
 800c256  800c256        0     1                 $t
 800c257  800c257       84     1                 serde::de::SeqAccess::next_element::h0c57a1ff55f73f7b
 800c2da  800c2da       5e     2         /Users/janjongen/Documents/workspace/threadx-rust/threadx-app/cross/target/thumbv7em-none-eabihf/release/deps/network-180a1968ef961605.network.782d8973fceacf79-cgu.0.rcgu.o:(.text._ZN5serde2de9SeqAccess12next_element17he847b42254915a48E)
 800c2da  800c2da        0     1                 $t
 800c2db  800c2db       5e     1                 serde::de::SeqAccess::next_element::he847b42254915a48
 800c338  800c338       c6     2         /Users/janjongen/Documents/workspace/threadx-rust/threadx-app/cross/target/thumbv7em-none-eabihf/release/deps/network-180a1968ef961605.network.782d8973fceacf79-cgu.0.rcgu.o:(.text._ZN68_$LT$minimq..types..Properties$u20$as$u20$serde..de..Deserialize$GT$11deserialize17hec36b50f63bde296E)
 800c338  800c338        0     1                 $t
 800c339  800c339       c6     1                 _$LT$minimq..types..Properties$u20$as$u20$serde..de..Deserialize$GT$::deserialize::hec36b50f63bde296
 800c3fe  800c3fe      272     2         /Users/janjongen/Documents/workspace/threadx-rust/threadx-app/cross/target/thumbv7em-none-eabihf/release/deps/network-180a1968ef961605.network.782d8973fceacf79-cgu.0.rcgu.o:(.text._ZN81_$LT$core..marker..PhantomData$LT$T$GT$$u20$as$u20$serde..de..DeserializeSeed$GT$11deserialize17h543b6b85127c20d0E)
 800c3fe  800c3fe        0     1                 $t
 800c3ff  800c3ff      272     1                 _$LT$core..marker..PhantomData$LT$T$GT$$u20$as$u20$serde..de..DeserializeSeed$GT$::deserialize::h543b6b85127c20d0
 800c670  800c670      1a2     4         /Users/janjongen/Documents/workspace/threadx-rust/threadx-app/cross/target/thumbv7em-none-eabihf/release/deps/network-180a1968ef961605.network.782d8973fceacf79-cgu.0.rcgu.o:(.text._ZN5serde2de9SeqAccess12next_element17h02124a727abadedcE)
 800c670  800c670        0     1                 $t
 800c671  800c671      1a2     1                 serde::de::SeqAccess::next_element::h02124a727abadedc
 800c6ac  800c6ac        0     1                 $d
 800c7f2  800c7f2        0     1                 $t
 800c812  800c812      144     2         /Users/janjongen/Documents/workspace/threadx-rust/threadx-app/cross/target/thumbv7em-none-eabihf/release/deps/network-180a1968ef961605.network.782d8973fceacf79-cgu.0.rcgu.o:(.text._ZN6minimq3ser14MqttSerializer8finalize17h87b993dd339b2cd0E)
 800c812  800c812        0     1                 $t
 800c813  800c813      144     1                 minimq::ser::MqttSerializer::finalize::h87b993dd339b2cd0
 800c956  800c956       32     2         /Users/janjongen/Documents/workspace/threadx-rust/threadx-app/cross/target/thumbv7em-none-eabihf/release/deps/network-180a1968ef961605.network.782d8973fceacf79-cgu.0.rcgu.o:(.text._ZN82_$LT$$RF$mut$u20$minimq..ser..MqttSerializer$u20$as$u20$serde..ser..Serializer$GT$12serialize_u817h77a037dccf22e006E)
 800c956  800c956        0     1                 $t
 800c957  800c957       32     1                 _$LT$$RF$mut$u20$minimq..ser..MqttSerializer$u20$as$u20$serde..ser..Serializer$GT$::serialize_u8::h77a037dccf22e006
 800c988  800c988       3a     2         /Users/janjongen/Documents/workspace/threadx-rust/threadx-app/cross/target/thumbv7em-none-eabihf/release/deps/network-180a1968ef961605.network.782d8973fceacf79-cgu.0.rcgu.o:(.text._ZN82_$LT$$RF$mut$u20$minimq..ser..MqttSerializer$u20$as$u20$serde..ser..Serializer$GT$13serialize_u1617ha11294252503c3eaE)
 800c988  800c988        0     1                 $t
 800c989  800c989       3a     1                 _$LT$$RF$mut$u20$minimq..ser..MqttSerializer$u20$as$u20$serde..ser..Serializer$GT$::serialize_u16::ha11294252503c3ea
 800c9c2  800c9c2       38     2         /Users/janjongen/Documents/workspace/threadx-rust/threadx-app/cross/target/thumbv7em-none-eabihf/release/deps/network-180a1968ef961605.network.782d8973fceacf79-cgu.0.rcgu.o:(.text._ZN82_$LT$$RF$mut$u20$minimq..ser..MqttSerializer$u20$as$u20$serde..ser..Serializer$GT$13serialize_u3217h14e803254794c0bbE)
 800c9c2  800c9c2        0     1                 $t
 800c9c3  800c9c3       38     1                 _$LT$$RF$mut$u20$minimq..ser..MqttSerializer$u20$as$u20$serde..ser..Serializer$GT$::serialize_u32::h14e803254794c0bb
 800c9fa  800c9fa       a2     2         /Users/janjongen/Documents/workspace/threadx-rust/threadx-app/cross/target/thumbv7em-none-eabihf/release/deps/network-180a1968ef961605.network.782d8973fceacf79-cgu.0.rcgu.o:(.text._ZN6minimq13session_state12SessionState13remove_packet17h77ccec565dc67b8fE)
 800c9fa  800c9fa        0     1                 $t
 800c9fb  800c9fb       a2     1                 minimq::session_state::SessionState::remove_packet::h77ccec565dc67b8f
 800ca9c  800ca9c       58     2         /Users/janjongen/Documents/workspace/threadx-rust/threadx-app/cross/target/thumbv7em-none-eabihf/release/deps/network-180a1968ef961605.network.782d8973fceacf79-cgu.0.rcgu.o:(.text._ZN6minimq13session_state12SessionState14handle_pubcomp17hebe6f3275ee1e634E)
 800ca9c  800ca9c        0     1                 $t
 800ca9d  800ca9d       58     1                 minimq::session_state::SessionState::handle_pubcomp::hebe6f3275ee1e634
 800caf4  800caf4       74     2         /Users/janjongen/Documents/workspace/threadx-rust/threadx-app/cross/target/thumbv7em-none-eabihf/release/deps/network-180a1968ef961605.network.782d8973fceacf79-cgu.0.rcgu.o:(.text._ZN6minimq5types10Properties4size17h629ce40e290ce3f1E)
 800caf4  800caf4        0     1                 $t
 800caf5  800caf5       74     1                 minimq::types::Properties::size::h629ce40e290ce3f1
 800cb68  800cb68       f4     4         /Users/janjongen/Documents/workspace/threadx-rust/threadx-app/cross/target/thumbv7em-none-eabihf/release/deps/network-180a1968ef961605.network.782d8973fceacf79-cgu.0.rcgu.o:(.text._ZN6minimq10properties8Property4size17h8fdbd07b0c597694E)
 800cb68  800cb68        0     1                 $t
 800cb69  800cb69       f4     1                 minimq::properties::Property::size::h8fdbd07b0c597694
 800cb78  800cb78        0     1                 $d
 800cb94  800cb94        0     1                 $t
 800cc5c  800cc5c       10     2         /Users/janjongen/Documents/workspace/threadx-rust/threadx-app/cross/target/thumbv7em-none-eabihf/release/deps/network-180a1968ef961605.network.782d8973fceacf79-cgu.0.rcgu.o:(.text._ZN45_$LT$$LP$$RP$$u20$as$u20$core..fmt..Debug$GT$3fmt17hcff8bb8dd152750bE)
 800cc5c  800cc5c        0     1                 $t
 800cc5d  800cc5d       10     1                 _$LT$$LP$$RP$$u20$as$u20$core..fmt..Debug$GT$::fmt::hcff8bb8dd152750b
 800cc6c  800cc6c       b8     2         /Users/janjongen/Documents/workspace/threadx-rust/threadx-app/cross/target/thumbv7em-none-eabihf/release/deps/network-180a1968ef961605.network.782d8973fceacf79-cgu.0.rcgu.o:(.text._ZN5serde2de13VariantAccess15newtype_variant17he0bba3973a386b92E)
 800cc6c  800cc6c        0     1                 $t
 800cc6d  800cc6d       b8     1                 serde::de::VariantAccess::newtype_variant::he0bba3973a386b92
 800cd24  800cd24        4     2         /Users/janjongen/Documents/workspace/threadx-rust/threadx-app/cross/target/thumbv7em-none-eabihf/release/deps/network-180a1968ef961605.network.782d8973fceacf79-cgu.0.rcgu.o:(.text.printf)
 800cd24  800cd24        0     1                 $t
 800cd25  800cd25        4     1                 printf
 800cd28  800cd28        4     2         /Users/janjongen/Documents/workspace/threadx-rust/threadx-app/cross/target/thumbv7em-none-eabihf/release/deps/network-180a1968ef961605.network.782d8973fceacf79-cgu.0.rcgu.o:(.text.rand)
 800cd28  800cd28        0     1                 $t
 800cd29  800cd29        4     1                 rand
 800cd2c  800cd2c       96     2         /Users/janjongen/Documents/workspace/threadx-rust/threadx-app/cross/target/thumbv7em-none-eabihf/release/deps/network-180a1968ef961605.network.782d8973fceacf79-cgu.0.rcgu.o:(.text.rust_begin_unwind)
 800cd2c  800cd2c        0     1                 $t
 800cd2d  800cd2d       96     1                 rust_begin_unwind
 800cdc2  800cdc2       18     2         /Users/janjongen/Documents/workspace/threadx-rust/threadx-app/cross/target/thumbv7em-none-eabihf/release/deps/network-180a1968ef961605.network.782d8973fceacf79-cgu.0.rcgu.o:(.text._ZN11panic_probe10hard_fault17hb6e1a7888655b781E)
 800cdc2  800cdc2        0     1                 $t
 800cdc3  800cdc3       18     1                 panic_probe::hard_fault::hb6e1a7888655b781
 800cdda  800cdda       c2     2         /Users/janjongen/Documents/workspace/threadx-rust/threadx-app/cross/target/thumbv7em-none-eabihf/release/deps/network-180a1968ef961605.network.782d8973fceacf79-cgu.0.rcgu.o:(.text._ZN44_$LT$$RF$T$u20$as$u20$core..fmt..Display$GT$3fmt17hff3f604287509234E)
 800cdda  800cdda        0     1                 $t
 800cddb  800cddb       c2     1                 _$LT$$RF$T$u20$as$u20$core..fmt..Display$GT$::fmt::hff3f604287509234
 800ce9c  800ce9c      422     2         /Users/janjongen/Documents/workspace/threadx-rust/threadx-app/cross/target/thumbv7em-none-eabihf/release/deps/network-180a1968ef961605.network.782d8973fceacf79-cgu.0.rcgu.o:(.text._ZN13stm32f4xx_hal3rcc2f43pll7MainPll10fast_setup17h34d82fe46b9cb8dcE)
 800ce9c  800ce9c        0     1                 $t
 800ce9d  800ce9d      422     1                 stm32f4xx_hal::rcc::f4::pll::MainPll::fast_setup::h34d82fe46b9cb8dc
 800d2be  800d2be      11c     2         /Users/janjongen/Documents/workspace/threadx-rust/threadx-app/cross/target/thumbv7em-none-eabihf/release/deps/network-180a1968ef961605.network.782d8973fceacf79-cgu.0.rcgu.o:(.text._ZN13stm32f4xx_hal3rcc2f43pll6I2sPll5setup17h99d9fcea2755f133E)
 800d2be  800d2be        0     1                 $t
 800d2bf  800d2bf      11c     1                 stm32f4xx_hal::rcc::f4::pll::I2sPll::setup::h99d9fcea2755f133
 800d3da  800d3da      3c4     2         /Users/janjongen/Documents/workspace/threadx-rust/threadx-app/cross/target/thumbv7em-none-eabihf/release/deps/network-180a1968ef961605.network.782d8973fceacf79-cgu.0.rcgu.o:(.text._ZN13stm32f4xx_hal3rcc2f43pll6I2sPll5setup28_$u7b$$u7b$closure$u7d$$u7d$17h0e760491d2c1ef5bE)
 800d3da  800d3da        0     1                 $t
 800d3db  800d3db      3c4     1                 stm32f4xx_hal::rcc::f4::pll::I2sPll::setup::_$u7b$$u7b$closure$u7d$$u7d$::h0e760491d2c1ef5b
 800d79e  800d79e       54     2         /Users/janjongen/Documents/workspace/threadx-rust/threadx-app/cross/target/thumbv7em-none-eabihf/release/deps/network-180a1968ef961605.network.782d8973fceacf79-cgu.0.rcgu.o:(.text._ZN11static_cell19StaticCell$LT$T$GT$6uninit17h55e35283f95a029bE)
 800d79e  800d79e        0     1                 $t
 800d79f  800d79f       54     1                 static_cell::StaticCell$LT$T$GT$::uninit::h55e35283f95a029b
 800d7f2  800d7f2       54     2         /Users/janjongen/Documents/workspace/threadx-rust/threadx-app/cross/target/thumbv7em-none-eabihf/release/deps/network-180a1968ef961605.network.782d8973fceacf79-cgu.0.rcgu.o:(.text._ZN11static_cell19StaticCell$LT$T$GT$6uninit17h6c6e786c68b89184E)
 800d7f2  800d7f2        0     1                 $t
 800d7f3  800d7f3       54     1                 static_cell::StaticCell$LT$T$GT$::uninit::h6c6e786c68b89184
 800d846  800d846       36     2         /Users/janjongen/Documents/workspace/threadx-rust/threadx-app/cross/target/thumbv7em-none-eabihf/release/deps/network-180a1968ef961605.network.782d8973fceacf79-cgu.0.rcgu.o:(.text._ZN5defmt6export3fmt17h1a340057603c84a2E)
 800d846  800d846        0     1                 $t
 800d847  800d847       36     1                 defmt::export::fmt::h1a340057603c84a2
 800d87c  800d87c       54     2         /Users/janjongen/Documents/workspace/threadx-rust/threadx-app/cross/target/thumbv7em-none-eabihf/release/deps/network-180a1968ef961605.network.782d8973fceacf79-cgu.0.rcgu.o:(.text._ZN11static_cell19StaticCell$LT$T$GT$6uninit17h0fba4429346445a6E)
 800d87c  800d87c        0     1                 $t
 800d87d  800d87d       54     1                 static_cell::StaticCell$LT$T$GT$::uninit::h0fba4429346445a6
 800d8d0  800d8d0       56     2         /Users/janjongen/Documents/workspace/threadx-rust/threadx-app/cross/target/thumbv7em-none-eabihf/release/deps/network-180a1968ef961605.network.782d8973fceacf79-cgu.0.rcgu.o:(.text._ZN11static_cell19StaticCell$LT$T$GT$6uninit17h89a9b821ecf7fe9bE)
 800d8d0  800d8d0        0     1                 $t
 800d8d1  800d8d1       56     1                 static_cell::StaticCell$LT$T$GT$::uninit::h89a9b821ecf7fe9b
 800d926  800d926      108     2         /Users/janjongen/Documents/workspace/threadx-rust/threadx-app/cross/target/thumbv7em-none-eabihf/release/deps/network-180a1968ef961605.network.782d8973fceacf79-cgu.0.rcgu.o:(.text._ZN11threadx_app7network21ThreadxTcpWifiNetwork13create_socket17hb3c60858bf1490c3E)
 800d926  800d926        0     1                 $t
 800d927  800d927      108     1                 threadx_app::network::ThreadxTcpWifiNetwork::create_socket::hb3c60858bf1490c3
 800da2e  800da2e      154     2         /Users/janjongen/Documents/workspace/threadx-rust/threadx-app/cross/target/thumbv7em-none-eabihf/release/deps/network-180a1968ef961605.network.782d8973fceacf79-cgu.0.rcgu.o:(.text._ZN104_$LT$threadx_app..network..ThreadxTcpWifiNetwork$u20$as$u20$embedded_nal..stack..tcp..TcpClientStack$GT$4send17h97923c507935cdcdE)
 800da2e  800da2e        0     1                 $t
 800da2f  800da2f      154     1                 _$LT$threadx_app..network..ThreadxTcpWifiNetwork$u20$as$u20$embedded_nal..stack..tcp..TcpClientStack$GT$::send::h97923c507935cdcd
 800db82  800db82        4     2         /Users/janjongen/Documents/workspace/threadx-rust/threadx-app/cross/target/thumbv7em-none-eabihf/release/deps/network-180a1968ef961605.network.782d8973fceacf79-cgu.0.rcgu.o:(.text.SysTick)
 800db82  800db82        0     1                 $t
 800db83  800db83        4     1                 SysTick
 800db86  800db86        4     2         /Users/janjongen/Documents/workspace/threadx-rust/threadx-app/cross/target/thumbv7em-none-eabihf/release/deps/network-180a1968ef961605.network.782d8973fceacf79-cgu.0.rcgu.o:(.text.PendSV)
 800db86  800db86        0     1                 $t
 800db87  800db87        4     1                 PendSV
 800db8a  800db8a       20     2         /Users/janjongen/Documents/workspace/threadx-rust/threadx-app/cross/target/thumbv7em-none-eabihf/release/deps/network-180a1968ef961605.network.782d8973fceacf79-cgu.0.rcgu.o:(.text.DefaultHandler)
 800db8a  800db8a        0     1                 $t
 800db8b  800db8b       20     1                 DefaultHandler
 800dbaa  800dbaa       5c     2         /Users/janjongen/Documents/workspace/threadx-rust/threadx-app/cross/target/thumbv7em-none-eabihf/release/deps/network-180a1968ef961605.network.782d8973fceacf79-cgu.0.rcgu.o:(.text._ZN11threadx_app23__cortex_m_rt_HardFault17hfea9b6b85952e5afE)
 800dbaa  800dbaa        0     1                 $t
 800dbab  800dbab       5c     1                 threadx_app::__cortex_m_rt_HardFault::hfea9b6b85952e5af
 800dc06  800dc06       2a     2         /Users/janjongen/Documents/workspace/threadx-rust/threadx-app/cross/target/thumbv7em-none-eabihf/release/deps/network-180a1968ef961605.network.782d8973fceacf79-cgu.0.rcgu.o:(.text._ZN5alloc4sync16Arc$LT$T$C$A$GT$9drop_slow17hf121e7c5cc283cc8E)
 800dc06  800dc06        0     1                 $t
 800dc07  800dc07       2a     1                 alloc::sync::Arc$LT$T$C$A$GT$::drop_slow::hf121e7c5cc283cc8
 800dc30  800dc30      132     2         /Users/janjongen/Documents/workspace/threadx-rust/threadx-app/cross/target/thumbv7em-none-eabihf/release/deps/network-180a1968ef961605.network.782d8973fceacf79-cgu.0.rcgu.o:(.text._ZN92_$LT$threadx_rs..allocator..ThreadXAllocator$u20$as$u20$core..alloc..global..GlobalAlloc$GT$5alloc17h834c2cfed2798a40E)
 800dc30  800dc30        0     1                 $t
 800dc31  800dc31      132     1                 _$LT$threadx_rs..allocator..ThreadXAllocator$u20$as$u20$core..alloc..global..GlobalAlloc$GT$::alloc::h834c2cfed2798a40
 800dd62  800dd62       2c     2         /Users/janjongen/Documents/workspace/threadx-rust/threadx-app/cross/target/thumbv7em-none-eabihf/release/deps/network-180a1968ef961605.network.782d8973fceacf79-cgu.0.rcgu.o:(.text._ZN5defmt6export3fmt17h59d043d3bc33c889E)
 800dd62  800dd62        0     1                 $t
 800dd63  800dd63       2c     1                 defmt::export::fmt::h59d043d3bc33c889
 800dd8e  800dd8e       30     2         /Users/janjongen/Documents/workspace/threadx-rust/threadx-app/cross/target/thumbv7em-none-eabihf/release/deps/network-180a1968ef961605.network.782d8973fceacf79-cgu.0.rcgu.o:(.text._ZN63_$LT$threadx_rs..error..TxError$u20$as$u20$core..fmt..Debug$GT$3fmt17hc9f62d9cf3412038E.527)
 800dd8e  800dd8e        0     1                 $t
 800dd8f  800dd8f       30     1                 _$LT$threadx_rs..error..TxError$u20$as$u20$core..fmt..Debug$GT$::fmt::hc9f62d9cf3412038 (.527)
 800ddbe  800ddbe       68     2         /Users/janjongen/Documents/workspace/threadx-rust/threadx-app/cross/target/thumbv7em-none-eabihf/release/deps/network-180a1968ef961605.network.782d8973fceacf79-cgu.0.rcgu.o:(.text._ZN92_$LT$threadx_rs..allocator..ThreadXAllocator$u20$as$u20$core..alloc..global..GlobalAlloc$GT$7dealloc17h93f422515f08e22aE)
 800ddbe  800ddbe        0     1                 $t
 800ddbf  800ddbf       68     1                 _$LT$threadx_rs..allocator..ThreadXAllocator$u20$as$u20$core..alloc..global..GlobalAlloc$GT$::dealloc::h93f422515f08e22a
 800de26  800de26       92     2         /Users/janjongen/Documents/workspace/threadx-rust/threadx-app/cross/target/thumbv7em-none-eabihf/release/deps/network-180a1968ef961605.network.782d8973fceacf79-cgu.0.rcgu.o:(.text._ZN10threadx_rs11event_flags15EventFlagsGroup10initialize17h3547dfc107b25b2cE)
 800de26  800de26        0     1                 $t
 800de27  800de27       92     1                 threadx_rs::event_flags::EventFlagsGroup::initialize::h3547dfc107b25b2c
 800deb8  800deb8       8a     2         /Users/janjongen/Documents/workspace/threadx-rust/threadx-app/cross/target/thumbv7em-none-eabihf/release/deps/network-180a1968ef961605.network.782d8973fceacf79-cgu.0.rcgu.o:(.text._ZN10threadx_rs11event_flags21EventFlagsGroupHandle7publish17h8344548ba710dd0bE)
 800deb8  800deb8        0     1                 $t
 800deb9  800deb9       8a     1                 threadx_rs::event_flags::EventFlagsGroupHandle::publish::h8344548ba710dd0b
 800df42  800df42       de     2         /Users/janjongen/Documents/workspace/threadx-rust/threadx-app/cross/target/thumbv7em-none-eabihf/release/deps/network-180a1968ef961605.network.782d8973fceacf79-cgu.0.rcgu.o:(.text._ZN10threadx_rs6thread6Thread29initialize_with_autostart_box17h5c183e107feca57aE)
 800df42  800df42        0     1                 $t
 800df43  800df43       de     1                 threadx_rs::thread::Thread::initialize_with_autostart_box::h5c183e107feca57a
 800e020  800e020       1e     2         /Users/janjongen/Documents/workspace/threadx-rust/threadx-app/cross/target/thumbv7em-none-eabihf/release/deps/network-180a1968ef961605.network.782d8973fceacf79-cgu.0.rcgu.o:(.text._ZN10threadx_rs6thread30thread_box_callback_trampoline17hf5b898f5f4c9ccdcE)
 800e020  800e020        0     1                 $t
 800e021  800e021       1e     1                 threadx_rs::thread::thread_box_callback_trampoline::hf5b898f5f4c9ccdc
 800e03e  800e03e       38     2         /Users/janjongen/Documents/workspace/threadx-rust/threadx-app/cross/target/thumbv7em-none-eabihf/release/deps/network-180a1968ef961605.network.782d8973fceacf79-cgu.0.rcgu.o:(.text._tx_initialize_low_level)
 800e03e  800e03e        0     1                 $t
 800e03f  800e03f       38     1                 _tx_initialize_low_level
 800e076  800e076       22     2         /Users/janjongen/Documents/workspace/threadx-rust/threadx-app/cross/target/thumbv7em-none-eabihf/release/deps/network-180a1968ef961605.network.782d8973fceacf79-cgu.0.rcgu.o:(.text.tx_application_define)
 800e076  800e076        0     1                 $t
 800e077  800e077       22     1                 tx_application_define
 800e098  800e098       94     4         /var/folders/kj/86rz2n1d4kj64kbl5kf0zrdh0000gn/T/rustccaDHkH/libnetx_sys-03ac9eab9bf63d21.rlib(nx_arp_enable.c.obj):(.text._nx_arp_enable)
 800e098  800e098        0     1                 $t
 800e099  800e099       94     1                 _nx_arp_enable
 800e118  800e118        0     1                 $d
 800e12c  800e12c       c4     4         /var/folders/kj/86rz2n1d4kj64kbl5kf0zrdh0000gn/T/rustccaDHkH/libnetx_sys-03ac9eab9bf63d21.rlib(nx_arp_entry_allocate.c.obj):(.text._nx_arp_entry_allocate)
 800e12c  800e12c        0     1                 $t
 800e12d  800e12d       c4     1                 _nx_arp_entry_allocate
 800e1f0  800e1f0       64     4         /var/folders/kj/86rz2n1d4kj64kbl5kf0zrdh0000gn/T/rustccaDHkH/libnetx_sys-03ac9eab9bf63d21.rlib(nx_arp_dynamic_entry_delete.c.obj):(.text._nx_arp_dynamic_entry_delete)
 800e1f0  800e1f0        0     1                 $t
 800e1f1  800e1f1       64     1                 _nx_arp_dynamic_entry_delete
 800e258  800e258       b4     8         /var/folders/kj/86rz2n1d4kj64kbl5kf0zrdh0000gn/T/rustccaDHkH/libnetx_sys-03ac9eab9bf63d21.rlib(nx_arp_packet_send.c.obj):(.text._nx_arp_packet_send)
 800e258  800e258        0     1                 $t
 800e259  800e259       b4     1                 _nx_arp_packet_send
 800e2f8  800e2f8        0     1                 $d
 800e30c  800e30c       e4     4         /var/folders/kj/86rz2n1d4kj64kbl5kf0zrdh0000gn/T/rustccaDHkH/libnetx_sys-03ac9eab9bf63d21.rlib(nx_arp_periodic_update.c.obj):(.text._nx_arp_periodic_update)
 800e30c  800e30c        0     1                 $t
 800e30d  800e30d       e4     1                 _nx_arp_periodic_update
 800e3f0  800e3f0       4c     4         /var/folders/kj/86rz2n1d4kj64kbl5kf0zrdh0000gn/T/rustccaDHkH/libnetx_sys-03ac9eab9bf63d21.rlib(nx_arp_queue_process.c.obj):(.text._nx_arp_queue_process)
 800e3f0  800e3f0        0     1                 $t
 800e3f1  800e3f1       4a     1                 _nx_arp_queue_process
 800e43c  800e43c      274     4         /var/folders/kj/86rz2n1d4kj64kbl5kf0zrdh0000gn/T/rustccaDHkH/libnetx_sys-03ac9eab9bf63d21.rlib(nx_arp_packet_receive.c.obj):(.text._nx_arp_packet_receive)
 800e43c  800e43c        0     1                 $t
 800e43d  800e43d      272     1                 _nx_arp_packet_receive
 800e6b0  800e6b0       8c     4         /var/folders/kj/86rz2n1d4kj64kbl5kf0zrdh0000gn/T/rustccaDHkH/libnetx_sys-03ac9eab9bf63d21.rlib(nx_arp_queue_send.c.obj):(.text._nx_arp_queue_send)
 800e6b0  800e6b0        0     1                 $t
 800e6b1  800e6b1       8a     1                 _nx_arp_queue_send
 800e73c  800e73c       20     4         /var/folders/kj/86rz2n1d4kj64kbl5kf0zrdh0000gn/T/rustccaDHkH/libnetx_sys-03ac9eab9bf63d21.rlib(nx_icmp_enable.c.obj):(.text._nx_icmp_enable)
 800e73c  800e73c        0     1                 $t
 800e73d  800e73d       20     1                 _nx_icmp_enable
 800e750  800e750        0     1                 $d
 800e75c  800e75c       74     4         /var/folders/kj/86rz2n1d4kj64kbl5kf0zrdh0000gn/T/rustccaDHkH/libnetx_sys-03ac9eab9bf63d21.rlib(nx_icmp_packet_receive.c.obj):(.text._nx_icmp_packet_receive)
 800e75c  800e75c        0     1                 $t
 800e75d  800e75d       74     1                 _nx_icmp_packet_receive
 800e7c8  800e7c8        0     1                 $d
 800e7d0  800e7d0       28     4         /var/folders/kj/86rz2n1d4kj64kbl5kf0zrdh0000gn/T/rustccaDHkH/libnetx_sys-03ac9eab9bf63d21.rlib(nx_icmp_packet_process.c.obj):(.text._nx_icmp_packet_process)
 800e7d0  800e7d0        0     1                 $t
 800e7d1  800e7d1       28     1                 _nx_icmp_packet_process
 800e7f8  800e7f8       2c     4         /var/folders/kj/86rz2n1d4kj64kbl5kf0zrdh0000gn/T/rustccaDHkH/libnetx_sys-03ac9eab9bf63d21.rlib(nx_icmp_queue_process.c.obj):(.text._nx_icmp_queue_process)
 800e7f8  800e7f8        0     1                 $t
 800e7f9  800e7f9       2c     1                 _nx_icmp_queue_process
 800e824  800e824       74     4         /var/folders/kj/86rz2n1d4kj64kbl5kf0zrdh0000gn/T/rustccaDHkH/libnetx_sys-03ac9eab9bf63d21.rlib(nx_icmpv4_packet_process.c.obj):(.text._nx_icmpv4_packet_process)
 800e824  800e824        0     1                 $t
 800e825  800e825       74     1                 _nx_icmpv4_packet_process
 800e898  800e898       d8     4         /var/folders/kj/86rz2n1d4kj64kbl5kf0zrdh0000gn/T/rustccaDHkH/libnetx_sys-03ac9eab9bf63d21.rlib(nx_icmpv4_process_echo_reply.c.obj):(.text._nx_icmpv4_process_echo_reply)
 800e898  800e898        0     1                 $t
 800e899  800e899       d8     1                 _nx_icmpv4_process_echo_reply
 800e96c  800e96c        0     1                 $d
 800e970  800e970       74     4         /var/folders/kj/86rz2n1d4kj64kbl5kf0zrdh0000gn/T/rustccaDHkH/libnetx_sys-03ac9eab9bf63d21.rlib(nx_icmpv4_process_echo_request.c.obj):(.text._nx_icmpv4_process_echo_request)
 800e970  800e970        0     1                 $t
 800e971  800e971       72     1                 _nx_icmpv4_process_echo_request
 800e9e4  800e9e4       38     4         /var/folders/kj/86rz2n1d4kj64kbl5kf0zrdh0000gn/T/rustccaDHkH/libnetx_sys-03ac9eab9bf63d21.rlib(nx_ip_address_get.c.obj):(.text._nx_ip_address_get)
 800e9e4  800e9e4        0     1                 $t
 800e9e5  800e9e5       36     1                 _nx_ip_address_get
 800ea1c  800ea1c       dc     4         /var/folders/kj/86rz2n1d4kj64kbl5kf0zrdh0000gn/T/rustccaDHkH/libnetx_sys-03ac9eab9bf63d21.rlib(nx_ip_checksum_compute.c.obj):(.text._nx_ip_checksum_compute)
 800ea1c  800ea1c        0     1                 $t
 800ea1d  800ea1d       dc     1                 _nx_ip_checksum_compute
 800eaf8  800eaf8      1b0     4         /var/folders/kj/86rz2n1d4kj64kbl5kf0zrdh0000gn/T/rustccaDHkH/libnetx_sys-03ac9eab9bf63d21.rlib(nx_ip_create.c.obj):(.text._nx_ip_create)
 800eaf8  800eaf8        0     1                 $t
 800eaf9  800eaf9      1b0     1                 _nx_ip_create
 800ec68  800ec68        0     1                 $d
[...]
    76d5     76d5      1d7     1         /var/folders/kj/86rz2n1d4kj64kbl5kf0zrdh0000gn/T/rustccaDHkH/libnetx_sys-03ac9eab9bf63d21.rlib(nx_packet_allocate.c.obj):(.debug_macro)
    78ac     78ac      1d8     1         /var/folders/kj/86rz2n1d4kj64kbl5kf0zrdh0000gn/T/rustccaDHkH/libnetx_sys-03ac9eab9bf63d21.rlib(nx_packet_copy.c.obj):(.debug_macro)
    7a84     7a84      1ce     1         /var/folders/kj/86rz2n1d4kj64kbl5kf0zrdh0000gn/T/rustccaDHkH/libnetx_sys-03ac9eab9bf63d21.rlib(nx_packet_data_append.c.obj):(.debug_macro)
    7c52     7c52      1ce     1         /var/folders/kj/86rz2n1d4kj64kbl5kf0zrdh0000gn/T/rustccaDHkH/libnetx_sys-03ac9eab9bf63d21.rlib(nx_packet_data_retrieve.c.obj):(.debug_macro)
    7e20     7e20      1d7     1         /var/folders/kj/86rz2n1d4kj64kbl5kf0zrdh0000gn/T/rustccaDHkH/libnetx_sys-03ac9eab9bf63d21.rlib(nx_packet_pool_cleanup.c.obj):(.debug_macro)
    7ff7     7ff7      1ce     1         /var/folders/kj/86rz2n1d4kj64kbl5kf0zrdh0000gn/T/rustccaDHkH/libnetx_sys-03ac9eab9bf63d21.rlib(nx_packet_pool_create.c.obj):(.debug_macro)
    81c5     81c5      1d4     1         /var/folders/kj/86rz2n1d4kj64kbl5kf0zrdh0000gn/T/rustccaDHkH/libnetx_sys-03ac9eab9bf63d21.rlib(nx_packet_pool_initialize.c.obj):(.debug_macro)
    8399     8399       2f     1         /var/folders/kj/86rz2n1d4kj64kbl5kf0zrdh0000gn/T/rustccaDHkH/libnetx_sys-03ac9eab9bf63d21.rlib(nx_packet_pool_initialize.c.obj):(.debug_macro)
    83c8     83c8      1d7     1         /var/folders/kj/86rz2n1d4kj64kbl5kf0zrdh0000gn/T/rustccaDHkH/libnetx_sys-03ac9eab9bf63d21.rlib(nx_packet_release.c.obj):(.debug_macro)
    859f     859f      1e7     1         /var/folders/kj/86rz2n1d4kj64kbl5kf0zrdh0000gn/T/rustccaDHkH/libnetx_sys-03ac9eab9bf63d21.rlib(nx_packet_transmit_release.c.obj):(.debug_macro)
    8786     8786      258     1         /var/folders/kj/86rz2n1d4kj64kbl5kf0zrdh0000gn/T/rustccaDHkH/libnetx_sys-03ac9eab9bf63d21.rlib(nx_system_initialize.c.obj):(.debug_macro)
    89de     89de       10     1         /var/folders/kj/86rz2n1d4kj64kbl5kf0zrdh0000gn/T/rustccaDHkH/libnetx_sys-03ac9eab9bf63d21.rlib(nx_system_initialize.c.obj):(.debug_macro)
    89ee     89ee       34     1         /var/folders/kj/86rz2n1d4kj64kbl5kf0zrdh0000gn/T/rustccaDHkH/libnetx_sys-03ac9eab9bf63d21.rlib(nx_system_initialize.c.obj):(.debug_macro)
    8a22     8a22       cb     1         /var/folders/kj/86rz2n1d4kj64kbl5kf0zrdh0000gn/T/rustccaDHkH/libnetx_sys-03ac9eab9bf63d21.rlib(nx_system_initialize.c.obj):(.debug_macro)
    8aed     8aed      1d7     1         /var/folders/kj/86rz2n1d4kj64kbl5kf0zrdh0000gn/T/rustccaDHkH/libnetx_sys-03ac9eab9bf63d21.rlib(nx_tcp_client_socket_bind.c.obj):(.debug_macro)
    8cc4     8cc4      1f9     1         /var/folders/kj/86rz2n1d4kj64kbl5kf0zrdh0000gn/T/rustccaDHkH/libnetx_sys-03ac9eab9bf63d21.rlib(nx_tcp_client_bind_cleanup.c.obj):(.debug_macro)
    8ebd     8ebd      1ce     1         /var/folders/kj/86rz2n1d4kj64kbl5kf0zrdh0000gn/T/rustccaDHkH/libnetx_sys-03ac9eab9bf63d21.rlib(nx_tcp_cleanup_deferred.c.obj):(.debug_macro)
    908b     908b      1ce     1         /var/folders/kj/86rz2n1d4kj64kbl5kf0zrdh0000gn/T/rustccaDHkH/libnetx_sys-03ac9eab9bf63d21.rlib(nx_tcp_client_socket_connect.c.obj):(.debug_macro)
    9259     9259      1d8     1         /var/folders/kj/86rz2n1d4kj64kbl5kf0zrdh0000gn/T/rustccaDHkH/libnetx_sys-03ac9eab9bf63d21.rlib(nx_tcp_client_socket_unbind.c.obj):(.debug_macro)
    9431     9431      1e7     1         /var/folders/kj/86rz2n1d4kj64kbl5kf0zrdh0000gn/T/rustccaDHkH/libnetx_sys-03ac9eab9bf63d21.rlib(nx_tcp_enable.c.obj):(.debug_macro)
    9618     9618      1e7     1         /var/folders/kj/86rz2n1d4kj64kbl5kf0zrdh0000gn/T/rustccaDHkH/libnetx_sys-03ac9eab9bf63d21.rlib(nx_ip_fast_periodic_timer_entry.c.obj):(.debug_macro)
    97ff     97ff      1e7     1         /var/folders/kj/86rz2n1d4kj64kbl5kf0zrdh0000gn/T/rustccaDHkH/libnetx_sys-03ac9eab9bf63d21.rlib(nx_tcp_deferred_cleanup_check.c.obj):(.debug_macro)
    99e6     99e6      1f9     1         /var/folders/kj/86rz2n1d4kj64kbl5kf0zrdh0000gn/T/rustccaDHkH/libnetx_sys-03ac9eab9bf63d21.rlib(nx_tcp_disconnect_cleanup.c.obj):(.debug_macro)
    9bdf     9bdf      1f9     1         /var/folders/kj/86rz2n1d4kj64kbl5kf0zrdh0000gn/T/rustccaDHkH/libnetx_sys-03ac9eab9bf63d21.rlib(nx_tcp_connect_cleanup.c.obj):(.debug_macro)
    9dd8     9dd8      1f0     1         /var/folders/kj/86rz2n1d4kj64kbl5kf0zrdh0000gn/T/rustccaDHkH/libnetx_sys-03ac9eab9bf63d21.rlib(nx_tcp_fast_periodic_processing.c.obj):(.debug_macro)
    9fc8     9fc8      1ce     1         /var/folders/kj/86rz2n1d4kj64kbl5kf0zrdh0000gn/T/rustccaDHkH/libnetx_sys-03ac9eab9bf63d21.rlib(nx_tcp_free_port_find.c.obj):(.debug_macro)
    a196     a196      1d4     1         /var/folders/kj/86rz2n1d4kj64kbl5kf0zrdh0000gn/T/rustccaDHkH/libnetx_sys-03ac9eab9bf63d21.rlib(nx_tcp_initialize.c.obj):(.debug_macro)
    a36a     a36a       c5     1         /var/folders/kj/86rz2n1d4kj64kbl5kf0zrdh0000gn/T/rustccaDHkH/libnetx_sys-03ac9eab9bf63d21.rlib(nx_tcp_initialize.c.obj):(.debug_macro)
    a42f     a42f      1f9     1         /var/folders/kj/86rz2n1d4kj64kbl5kf0zrdh0000gn/T/rustccaDHkH/libnetx_sys-03ac9eab9bf63d21.rlib(nx_tcp_packet_receive.c.obj):(.debug_macro)
    a628     a628      1f0     1         /var/folders/kj/86rz2n1d4kj64kbl5kf0zrdh0000gn/T/rustccaDHkH/libnetx_sys-03ac9eab9bf63d21.rlib(nx_tcp_packet_process.c.obj):(.debug_macro)
    a818     a818      1f0     1         /var/folders/kj/86rz2n1d4kj64kbl5kf0zrdh0000gn/T/rustccaDHkH/libnetx_sys-03ac9eab9bf63d21.rlib(nx_tcp_no_connection_reset.c.obj):(.debug_macro)
    aa08     aa08      1ce     1         /var/folders/kj/86rz2n1d4kj64kbl5kf0zrdh0000gn/T/rustccaDHkH/libnetx_sys-03ac9eab9bf63d21.rlib(nx_tcp_mss_option_get.c.obj):(.debug_macro)
    abd6     abd6      1ce     1         /var/folders/kj/86rz2n1d4kj64kbl5kf0zrdh0000gn/T/rustccaDHkH/libnetx_sys-03ac9eab9bf63d21.rlib(nx_tcp_packet_send_ack.c.obj):(.debug_macro)
    ada4     ada4      1f0     1         /var/folders/kj/86rz2n1d4kj64kbl5kf0zrdh0000gn/T/rustccaDHkH/libnetx_sys-03ac9eab9bf63d21.rlib(nx_tcp_packet_send_control.c.obj):(.debug_macro)
    af94     af94      1ce     1         /var/folders/kj/86rz2n1d4kj64kbl5kf0zrdh0000gn/T/rustccaDHkH/libnetx_sys-03ac9eab9bf63d21.rlib(nx_tcp_packet_send_fin.c.obj):(.debug_macro)
    b162     b162      1ce     1         /var/folders/kj/86rz2n1d4kj64kbl5kf0zrdh0000gn/T/rustccaDHkH/libnetx_sys-03ac9eab9bf63d21.rlib(nx_tcp_packet_send_rst.c.obj):(.debug_macro)
    b330     b330      1e7     1         /var/folders/kj/86rz2n1d4kj64kbl5kf0zrdh0000gn/T/rustccaDHkH/libnetx_sys-03ac9eab9bf63d21.rlib(nx_tcp_packet_send_syn.c.obj):(.debug_macro)
    b517     b517      1f0     1         /var/folders/kj/86rz2n1d4kj64kbl5kf0zrdh0000gn/T/rustccaDHkH/libnetx_sys-03ac9eab9bf63d21.rlib(nx_tcp_periodic_processing.c.obj):(.debug_macro)
    b707     b707      1ce     1         /var/folders/kj/86rz2n1d4kj64kbl5kf0zrdh0000gn/T/rustccaDHkH/libnetx_sys-03ac9eab9bf63d21.rlib(nx_tcp_queue_process.c.obj):(.debug_macro)
    b8d5     b8d5      1f9     1         /var/folders/kj/86rz2n1d4kj64kbl5kf0zrdh0000gn/T/rustccaDHkH/libnetx_sys-03ac9eab9bf63d21.rlib(nx_tcp_receive_cleanup.c.obj):(.debug_macro)
    bace     bace      1d8     1         /var/folders/kj/86rz2n1d4kj64kbl5kf0zrdh0000gn/T/rustccaDHkH/libnetx_sys-03ac9eab9bf63d21.rlib(nx_tcp_socket_block_cleanup.c.obj):(.debug_macro)
    bca6     bca6      1f1     1         /var/folders/kj/86rz2n1d4kj64kbl5kf0zrdh0000gn/T/rustccaDHkH/libnetx_sys-03ac9eab9bf63d21.rlib(nx_tcp_socket_connection_reset.c.obj):(.debug_macro)
    be97     be97      1e7     1         /var/folders/kj/86rz2n1d4kj64kbl5kf0zrdh0000gn/T/rustccaDHkH/libnetx_sys-03ac9eab9bf63d21.rlib(nx_tcp_socket_create.c.obj):(.debug_macro)
    c07e     c07e      1fa     1         /var/folders/kj/86rz2n1d4kj64kbl5kf0zrdh0000gn/T/rustccaDHkH/libnetx_sys-03ac9eab9bf63d21.rlib(nx_tcp_socket_disconnect.c.obj):(.debug_macro)
    c278     c278      1d7     1         /var/folders/kj/86rz2n1d4kj64kbl5kf0zrdh0000gn/T/rustccaDHkH/libnetx_sys-03ac9eab9bf63d21.rlib(nx_tcp_socket_packet_process.c.obj):(.debug_macro)
    c44f     c44f      1f9     1         /var/folders/kj/86rz2n1d4kj64kbl5kf0zrdh0000gn/T/rustccaDHkH/libnetx_sys-03ac9eab9bf63d21.rlib(nx_tcp_socket_receive.c.obj):(.debug_macro)
    c648     c648      1f0     1         /var/folders/kj/86rz2n1d4kj64kbl5kf0zrdh0000gn/T/rustccaDHkH/libnetx_sys-03ac9eab9bf63d21.rlib(nx_tcp_socket_receive_queue_flush.c.obj):(.debug_macro)
    c838     c838      1f0     1         /var/folders/kj/86rz2n1d4kj64kbl5kf0zrdh0000gn/T/rustccaDHkH/libnetx_sys-03ac9eab9bf63d21.rlib(nx_tcp_socket_retransmit.c.obj):(.debug_macro)
    ca28     ca28      1ce     1         /var/folders/kj/86rz2n1d4kj64kbl5kf0zrdh0000gn/T/rustccaDHkH/libnetx_sys-03ac9eab9bf63d21.rlib(nx_tcp_packet_send_probe.c.obj):(.debug_macro)
    cbf6     cbf6      1f0     1         /var/folders/kj/86rz2n1d4kj64kbl5kf0zrdh0000gn/T/rustccaDHkH/libnetx_sys-03ac9eab9bf63d21.rlib(nx_tcp_socket_send.c.obj):(.debug_macro)
    cde6     cde6      1f9     1         /var/folders/kj/86rz2n1d4kj64kbl5kf0zrdh0000gn/T/rustccaDHkH/libnetx_sys-03ac9eab9bf63d21.rlib(nx_tcp_socket_send_internal.c.obj):(.debug_macro)
    cfdf     cfdf      1f0     1         /var/folders/kj/86rz2n1d4kj64kbl5kf0zrdh0000gn/T/rustccaDHkH/libnetx_sys-03ac9eab9bf63d21.rlib(nx_tcp_socket_state_ack_check.c.obj):(.debug_macro)
    d1cf     d1cf      1d8     1         /var/folders/kj/86rz2n1d4kj64kbl5kf0zrdh0000gn/T/rustccaDHkH/libnetx_sys-03ac9eab9bf63d21.rlib(nx_tcp_socket_state_closing.c.obj):(.debug_macro)
    d3a7     d3a7      1f0     1         /var/folders/kj/86rz2n1d4kj64kbl5kf0zrdh0000gn/T/rustccaDHkH/libnetx_sys-03ac9eab9bf63d21.rlib(nx_tcp_socket_state_data_check.c.obj):(.debug_macro)
    d597     d597      1e7     1         /var/folders/kj/86rz2n1d4kj64kbl5kf0zrdh0000gn/T/rustccaDHkH/libnetx_sys-03ac9eab9bf63d21.rlib(nx_tcp_socket_state_established.c.obj):(.debug_macro)
    d77e     d77e      1e7     1         /var/folders/kj/86rz2n1d4kj64kbl5kf0zrdh0000gn/T/rustccaDHkH/libnetx_sys-03ac9eab9bf63d21.rlib(nx_tcp_socket_state_fin_wait1.c.obj):(.debug_macro)
    d965     d965      1e7     1         /var/folders/kj/86rz2n1d4kj64kbl5kf0zrdh0000gn/T/rustccaDHkH/libnetx_sys-03ac9eab9bf63d21.rlib(nx_tcp_socket_state_fin_wait2.c.obj):(.debug_macro)
    db4c     db4c      1d8     1         /var/folders/kj/86rz2n1d4kj64kbl5kf0zrdh0000gn/T/rustccaDHkH/libnetx_sys-03ac9eab9bf63d21.rlib(nx_tcp_socket_state_last_ack.c.obj):(.debug_macro)
    dd24     dd24      1e7     1         /var/folders/kj/86rz2n1d4kj64kbl5kf0zrdh0000gn/T/rustccaDHkH/libnetx_sys-03ac9eab9bf63d21.rlib(nx_tcp_socket_state_syn_received.c.obj):(.debug_macro)
    df0b     df0b      1ce     1         /var/folders/kj/86rz2n1d4kj64kbl5kf0zrdh0000gn/T/rustccaDHkH/libnetx_sys-03ac9eab9bf63d21.rlib(nx_tcp_socket_state_syn_sent.c.obj):(.debug_macro)
    e0d9     e0d9      1f0     1         /var/folders/kj/86rz2n1d4kj64kbl5kf0zrdh0000gn/T/rustccaDHkH/libnetx_sys-03ac9eab9bf63d21.rlib(nx_tcp_socket_state_transmit_check.c.obj):(.debug_macro)
    e2c9     e2c9      1ce     1         /var/folders/kj/86rz2n1d4kj64kbl5kf0zrdh0000gn/T/rustccaDHkH/libnetx_sys-03ac9eab9bf63d21.rlib(nx_tcp_socket_state_wait.c.obj):(.debug_macro)
    e497     e497      1d7     1         /var/folders/kj/86rz2n1d4kj64kbl5kf0zrdh0000gn/T/rustccaDHkH/libnetx_sys-03ac9eab9bf63d21.rlib(nx_tcp_socket_thread_resume.c.obj):(.debug_macro)
    e66e     e66e      1d7     1         /var/folders/kj/86rz2n1d4kj64kbl5kf0zrdh0000gn/T/rustccaDHkH/libnetx_sys-03ac9eab9bf63d21.rlib(nx_tcp_socket_thread_suspend.c.obj):(.debug_macro)
    e845     e845      1f0     1         /var/folders/kj/86rz2n1d4kj64kbl5kf0zrdh0000gn/T/rustccaDHkH/libnetx_sys-03ac9eab9bf63d21.rlib(nx_tcp_socket_transmit_queue_flush.c.obj):(.debug_macro)
    ea35     ea35      1f9     1         /var/folders/kj/86rz2n1d4kj64kbl5kf0zrdh0000gn/T/rustccaDHkH/libnetx_sys-03ac9eab9bf63d21.rlib(nx_tcp_transmit_cleanup.c.obj):(.debug_macro)
    ec2e     ec2e      1cf     1         /var/folders/kj/86rz2n1d4kj64kbl5kf0zrdh0000gn/T/rustccaDHkH/libnetx_sys-03ac9eab9bf63d21.rlib(nx_udp_enable.c.obj):(.debug_macro)
    edfd     edfd      1ea     1         /var/folders/kj/86rz2n1d4kj64kbl5kf0zrdh0000gn/T/rustccaDHkH/libnetx_sys-03ac9eab9bf63d21.rlib(nx_udp_packet_receive.c.obj):(.debug_macro)
    efe7     efe7      1fe     1         /var/folders/kj/86rz2n1d4kj64kbl5kf0zrdh0000gn/T/rustccaDHkH/libnetx_sys-03ac9eab9bf63d21.rlib(nxd_tcp_client_socket_connect.c.obj):(.debug_macro)
    f1e5     f1e5      216     1         /var/folders/kj/86rz2n1d4kj64kbl5kf0zrdh0000gn/T/rustccaDHkH/libnetx_sys-03ac9eab9bf63d21.rlib(nxd_dhcp_client.c.obj):(.debug_macro)
    f3fb     f3fb      964     1         /var/folders/kj/86rz2n1d4kj64kbl5kf0zrdh0000gn/T/rustccaDHkH/libnetx_sys-03ac9eab9bf63d21.rlib(nxd_dhcp_client.c.obj):(.debug_macro)
    fd5f     fd5f      d2b     1         /var/folders/kj/86rz2n1d4kj64kbl5kf0zrdh0000gn/T/rustccaDHkH/libnetx_sys-03ac9eab9bf63d21.rlib(nxd_dhcp_client.c.obj):(.debug_macro)
   10a8a    10a8a      39d     1         /var/folders/kj/86rz2n1d4kj64kbl5kf0zrdh0000gn/T/rustccaDHkH/libnetx_sys-03ac9eab9bf63d21.rlib(nxd_dhcp_client.c.obj):(.debug_macro)
   10e27    10e27      1de     1         /var/folders/kj/86rz2n1d4kj64kbl5kf0zrdh0000gn/T/rustccaDHkH/libnetx_sys-03ac9eab9bf63d21.rlib(nx_ip_interface_address_get.c.obj):(.debug_macro)
   11005    11005      1e8     1         /var/folders/kj/86rz2n1d4kj64kbl5kf0zrdh0000gn/T/rustccaDHkH/libnetx_sys-03ac9eab9bf63d21.rlib(nx_udp_socket_source_send.c.obj):(.debug_macro)
   111ed    111ed      1e8     1         /var/folders/kj/86rz2n1d4kj64kbl5kf0zrdh0000gn/T/rustccaDHkH/libnetx_sys-03ac9eab9bf63d21.rlib(nx_udp_socket_send.c.obj):(.debug_macro)
   113d5    113d5      1f1     1         /var/folders/kj/86rz2n1d4kj64kbl5kf0zrdh0000gn/T/rustccaDHkH/libnetx_sys-03ac9eab9bf63d21.rlib(nxd_udp_socket_send.c.obj):(.debug_macro)
   115c6    115c6      1b8     1         /var/folders/kj/86rz2n1d4kj64kbl5kf0zrdh0000gn/T/rustccaDHkH/libnetx_sys-03ac9eab9bf63d21.rlib(nx_utility.c.obj):(.debug_macro)
   1177e    1177e       11     1         /var/folders/kj/86rz2n1d4kj64kbl5kf0zrdh0000gn/T/rustccaDHkH/libnetx_sys-03ac9eab9bf63d21.rlib(nx_utility.c.obj):(.debug_macro)
   1178f    1178f      957     1         /var/folders/kj/86rz2n1d4kj64kbl5kf0zrdh0000gn/T/rustccaDHkH/libnetx_sys-03ac9eab9bf63d21.rlib(nx_utility.c.obj):(.debug_macro)
   120e6    120e6       18     1         /var/folders/kj/86rz2n1d4kj64kbl5kf0zrdh0000gn/T/rustccaDHkH/libnetx_sys-03ac9eab9bf63d21.rlib(nx_utility.c.obj):(.debug_macro)
   120fe    120fe      1de     1         /var/folders/kj/86rz2n1d4kj64kbl5kf0zrdh0000gn/T/rustccaDHkH/libnetx_sys-03ac9eab9bf63d21.rlib(nx_ip_interface_address_set.c.obj):(.debug_macro)
   122dc    122dc      1de     1         /var/folders/kj/86rz2n1d4kj64kbl5kf0zrdh0000gn/T/rustccaDHkH/libnetx_sys-03ac9eab9bf63d21.rlib(nx_ip_gateway_address_clear.c.obj):(.debug_macro)
   124ba    124ba      1f9     1         /var/folders/kj/86rz2n1d4kj64kbl5kf0zrdh0000gn/T/rustccaDHkH/libnetx_sys-03ac9eab9bf63d21.rlib(nx_udp_socket_receive.c.obj):(.debug_macro)
   126b3    126b3      1d8     1         /var/folders/kj/86rz2n1d4kj64kbl5kf0zrdh0000gn/T/rustccaDHkH/libnetx_sys-03ac9eab9bf63d21.rlib(nx_udp_receive_cleanup.c.obj):(.debug_macro)
   1288b    1288b      1cf     1         /var/folders/kj/86rz2n1d4kj64kbl5kf0zrdh0000gn/T/rustccaDHkH/libnetx_sys-03ac9eab9bf63d21.rlib(nx_udp_packet_info_extract.c.obj):(.debug_macro)
   12a5a    12a5a      1d8     1         /var/folders/kj/86rz2n1d4kj64kbl5kf0zrdh0000gn/T/rustccaDHkH/libnetx_sys-03ac9eab9bf63d21.rlib(nxd_udp_packet_info_extract.c.obj):(.debug_macro)
   12c32    12c32      1ce     1         /var/folders/kj/86rz2n1d4kj64kbl5kf0zrdh0000gn/T/rustccaDHkH/libnetx_sys-03ac9eab9bf63d21.rlib(nx_packet_data_extract_offset.c.obj):(.debug_macro)
   12e00    12e00      1de     1         /var/folders/kj/86rz2n1d4kj64kbl5kf0zrdh0000gn/T/rustccaDHkH/libnetx_sys-03ac9eab9bf63d21.rlib(nx_ip_gateway_address_set.c.obj):(.debug_macro)
   12fde    12fde      1e1     1         /var/folders/kj/86rz2n1d4kj64kbl5kf0zrdh0000gn/T/rustccaDHkH/libnetx_sys-03ac9eab9bf63d21.rlib(nx_udp_socket_unbind.c.obj):(.debug_macro)
   131bf    131bf      1d8     1         /var/folders/kj/86rz2n1d4kj64kbl5kf0zrdh0000gn/T/rustccaDHkH/libnetx_sys-03ac9eab9bf63d21.rlib(nx_udp_bind_cleanup.c.obj):(.debug_macro)
   13397    13397      1d8     1         /var/folders/kj/86rz2n1d4kj64kbl5kf0zrdh0000gn/T/rustccaDHkH/libnetx_sys-03ac9eab9bf63d21.rlib(nx_udp_socket_delete.c.obj):(.debug_macro)
   1356f    1356f      1d7     1         /var/folders/kj/86rz2n1d4kj64kbl5kf0zrdh0000gn/T/rustccaDHkH/libnetx_sys-03ac9eab9bf63d21.rlib(nx_packet_pool_delete.c.obj):(.debug_macro)
   13746    13746      1d8     1         /var/folders/kj/86rz2n1d4kj64kbl5kf0zrdh0000gn/T/rustccaDHkH/libnetx_sys-03ac9eab9bf63d21.rlib(nx_udp_socket_bind.c.obj):(.debug_macro)
   1391e    1391e      1cf     1         /var/folders/kj/86rz2n1d4kj64kbl5kf0zrdh0000gn/T/rustccaDHkH/libnetx_sys-03ac9eab9bf63d21.rlib(nx_udp_free_port_find.c.obj):(.debug_macro)
   13aed    13aed      1cf     1         /var/folders/kj/86rz2n1d4kj64kbl5kf0zrdh0000gn/T/rustccaDHkH/libnetx_sys-03ac9eab9bf63d21.rlib(nx_udp_socket_create.c.obj):(.debug_macro)
   13cbc    13cbc      1cf     1         /var/folders/kj/86rz2n1d4kj64kbl5kf0zrdh0000gn/T/rustccaDHkH/libnetx_sys-03ac9eab9bf63d21.rlib(nx_udp_socket_receive_notify.c.obj):(.debug_macro)
   13e8b    13e8b      1ce     1         /var/folders/kj/86rz2n1d4kj64kbl5kf0zrdh0000gn/T/rustccaDHkH/libnetx_sys-03ac9eab9bf63d21.rlib(nxe_packet_allocate.c.obj):(.debug_macro)
   14059    14059      1ce     1         /var/folders/kj/86rz2n1d4kj64kbl5kf0zrdh0000gn/T/rustccaDHkH/libnetx_sys-03ac9eab9bf63d21.rlib(nxe_packet_transmit_release.c.obj):(.debug_macro)
   14227    14227      1ce     1         /var/folders/kj/86rz2n1d4kj64kbl5kf0zrdh0000gn/T/rustccaDHkH/libnetx_sys-03ac9eab9bf63d21.rlib(nxe_packet_release.c.obj):(.debug_macro)
   143f5    143f5      1e7     1         /var/folders/kj/86rz2n1d4kj64kbl5kf0zrdh0000gn/T/rustccaDHkH/libnetx_sys-03ac9eab9bf63d21.rlib(nxe_arp_dynamic_entries_invalidate.c.obj):(.debug_macro)
   145dc    145dc      1ce     1         /var/folders/kj/86rz2n1d4kj64kbl5kf0zrdh0000gn/T/rustccaDHkH/libnetx_sys-03ac9eab9bf63d21.rlib(nx_arp_dynamic_entries_invalidate.c.obj):(.debug_macro)
   147aa    147aa      1f0     1         /var/folders/kj/86rz2n1d4kj64kbl5kf0zrdh0000gn/T/rustccaDHkH/libnetx_sys-03ac9eab9bf63d21.rlib(nx_arp_packet_deferred_receive.c.obj):(.debug_macro)
   1499a    1499a      1f0     1         /var/folders/kj/86rz2n1d4kj64kbl5kf0zrdh0000gn/T/rustccaDHkH/libnetx_sys-03ac9eab9bf63d21.rlib(nx_rarp_packet_deferred_receive.c.obj):(.debug_macro)
       0        0      16f     1 .debug_line_str
       0        0      16f     1         <internal>:(.debug_line_str)
       0        0      2be     1 .debug_pubnames
       0        0      2be     1         /var/folders/kj/86rz2n1d4kj64kbl5kf0zrdh0000gn/T/rustccaDHkH/libcortex_m-6b662cab7b21d64f.rlib(bin/thumbv7em-none-eabihf.o):(.debug_pubnames)
       0        0       47     1 .debug_pubtypes
       0        0       47     1         /var/folders/kj/86rz2n1d4kj64kbl5kf0zrdh0000gn/T/rustccaDHkH/libcortex_m-6b662cab7b21d64f.rlib(bin/thumbv7em-none-eabihf.o):(.debug_pubtypes)
       0        0     a5b0     4 .symtab
       0        0     a5b0     4         <internal>:(.symtab)
       0        0      13a     1 .shstrtab
       0        0      13a     1         <internal>:(.shstrtab)
       0        0     fa8f     1 .strtab
       0        0     fa8f     1         <internal>:(.strtab)
