     VMA      LMA     Size Align Out     In      Symbol
       0        0        0     1 PROVIDE ( NonMaskableInt = DefaultHandler )
       0        0        0     1 PROVIDE ( MemoryManagement = DefaultHandler )
       0        0        0     1 PROVIDE ( BusFault = DefaultHandler )
       0        0        0     1 PROVIDE ( UsageFault = DefaultHandler )
       0        0        0     1 PROVIDE ( SVCall = DefaultHandler )
       0        0        0     1 PROVIDE ( DebugMonitor = DefaultHandler )
       0        0        0     1 PROVIDE ( __pre_init = DefaultPreInit )
       0        0        0     1 PROVIDE ( _ram_end = ORIGIN ( RAM ) + LENGTH ( RAM ) )
       0        0        0     1 PROVIDE ( _stack_start = _ram_end )
 8000000  8000000      1c4     4 .vector_table
 8000000  8000000        0     1         __vector_table = .
 8000000  8000000        4     1         LONG ( _stack_start & 0xFFFFFFF8 )
 8000004  8000004        4     4         /Users/janjongen/Documents/workspace/threadx-rust/threadx-app/cross/target/thumbv7em-none-eabihf/release/deps/executor-06cf02c09d677642.executor.eeb2b1ef519d29b-cgu.0.rcgu.o:(.vector_table.reset_vector)
 8000004  8000004        4     1                 __RESET_VECTOR
 8000008  8000008        0     1         __exceptions = .
 8000008  8000008       38     4         /Users/janjongen/Documents/workspace/threadx-rust/threadx-app/cross/target/thumbv7em-none-eabihf/release/deps/executor-06cf02c09d677642.executor.eeb2b1ef519d29b-cgu.0.rcgu.o:(.vector_table.exceptions)
 8000008  8000008       38     1                 __EXCEPTIONS
 8000040  8000040        0     1         __eexceptions = .
 8000040  8000040      184     4         /Users/janjongen/Documents/workspace/threadx-rust/threadx-app/cross/target/thumbv7em-none-eabihf/release/deps/executor-06cf02c09d677642.executor.eeb2b1ef519d29b-cgu.0.rcgu.o:(.vector_table.interrupts)
 8000040  8000040      184     1                 __INTERRUPTS
 80001c4  80001c4        0     1 PROVIDE ( _stext = ADDR ( .vector_table ) + SIZEOF ( .vector_table ) )
 80001c4  80001c4     dd2c    16 .text
 80001c4  80001c4        0     1         __stext = .
 80001c4  80001c4       58     4         /Users/janjongen/Documents/workspace/threadx-rust/threadx-app/cross/target/thumbv7em-none-eabihf/release/deps/executor-06cf02c09d677642.executor.eeb2b1ef519d29b-cgu.0.rcgu.o:(.Reset)
 80001c4  80001c4        0     1                 $t
 80001c5  80001c5       3e     1                 Reset
 8000204  8000204        0     1                 $d
 800021c  800021c     117a     4         /Users/janjongen/Documents/workspace/threadx-rust/threadx-app/cross/target/thumbv7em-none-eabihf/release/deps/executor-06cf02c09d677642.executor.eeb2b1ef519d29b-cgu.0.rcgu.o:(.text._ZN107_$LT$embedded_graphics..text..text..Text$LT$S$GT$$u20$as$u20$embedded_graphics_core..drawable..Drawable$GT$4draw17hae78bad9dd721d29E)
 800021c  800021c        0     1                 $t
 800021d  800021d     117a     1                 _$LT$embedded_graphics..text..text..Text$LT$S$GT$$u20$as$u20$embedded_graphics_core..drawable..Drawable$GT$::draw::hae78bad9dd721d29
 8000638  8000638        0     1                 $d
 800063c  800063c        0     1                 $t
 8000bf2  8000bf2        0     1                 $d
 8000bf6  8000bf6        0     1                 $t
 8000f22  8000f22        0     1                 $d
 8000f26  8000f26        0     1                 $t
 8001288  8001288        0     1                 $d
 800128c  800128c        0     1                 $t
 8001346  8001346        0     1                 $d
 800134a  800134a        0     1                 $t
 8001398  8001398      2aa     4         /Users/janjongen/Documents/workspace/threadx-rust/threadx-app/cross/target/thumbv7em-none-eabihf/release/deps/executor-06cf02c09d677642.executor.eeb2b1ef519d29b-cgu.0.rcgu.o:(.text._ZN10threadx_rs5error1_88_$LT$impl$u20$num_traits..cast..FromPrimitive$u20$for$u20$threadx_rs..error..TxError$GT$8from_i6417hcecd96ed9eceeb29E)
 8001398  8001398        0     1                 $t
 8001399  8001399      2aa     1                 threadx_rs::error::_::_$LT$impl$u20$num_traits..cast..FromPrimitive$u20$for$u20$threadx_rs..error..TxError$GT$::from_i64::hcecd96ed9eceeb29
 80013b4  80013b4        0     1                 $d
 80015b2  80015b2        0     1                 $t
 8001644  8001644      140     4         /Users/janjongen/Documents/workspace/threadx-rust/threadx-app/cross/target/thumbv7em-none-eabihf/release/deps/executor-06cf02c09d677642.executor.eeb2b1ef519d29b-cgu.0.rcgu.o:(.text._ZN22embedded_graphics_core11draw_target10DrawTarget10fill_solid17hf642b368fce0e2c4E)
 8001644  8001644        0     1                 $t
 8001645  8001645      140     1                 embedded_graphics_core::draw_target::DrawTarget::fill_solid::hf642b368fce0e2c4
 80016fe  80016fe        0     1                 $d
 8001702  8001702        0     1                 $t
 8001784  8001784        e     2         /Users/janjongen/Documents/workspace/threadx-rust/threadx-app/cross/target/thumbv7em-none-eabihf/release/deps/executor-06cf02c09d677642.executor.eeb2b1ef519d29b-cgu.0.rcgu.o:(.text._ZN4core3fmt5Write9write_fmt17h2607d7bbd068f9d6E)
 8001784  8001784        0     1                 $t
 8001785  8001785        e     1                 core::fmt::Write::write_fmt::h2607d7bbd068f9d6
 8001792  8001792      7ee     2         /Users/janjongen/Documents/workspace/threadx-rust/threadx-app/cross/target/thumbv7em-none-eabihf/release/deps/executor-06cf02c09d677642.executor.eeb2b1ef519d29b-cgu.0.rcgu.o:(.text._ZN4core3ops8function6FnOnce40call_once$u7b$$u7b$vtable.shim$u7d$$u7d$17h2238a6f67f2579f3E)
 8001792  8001792        0     1                 $t
 8001793  8001793      7ee     1                 core::ops::function::FnOnce::call_once$u7b$$u7b$vtable.shim$u7d$$u7d$::h2238a6f67f2579f3
 8001f80  8001f80      910     4         /Users/janjongen/Documents/workspace/threadx-rust/threadx-app/cross/target/thumbv7em-none-eabihf/release/deps/executor-06cf02c09d677642.executor.eeb2b1ef519d29b-cgu.0.rcgu.o:(.text._ZN4core3ops8function6FnOnce40call_once$u7b$$u7b$vtable.shim$u7d$$u7d$17hc4052fbb0b66a87eE)
 8001f80  8001f80        0     1                 $t
 8001f81  8001f81      910     1                 core::ops::function::FnOnce::call_once$u7b$$u7b$vtable.shim$u7d$$u7d$::hc4052fbb0b66a87e
 800228a  800228a        0     1                 $d
 800228e  800228e        0     1                 $t
 80022ca  80022ca        0     1                 $d
 80022ce  80022ce        0     1                 $t
 8002890  8002890      20e     2         /Users/janjongen/Documents/workspace/threadx-rust/threadx-app/cross/target/thumbv7em-none-eabihf/release/deps/executor-06cf02c09d677642.executor.eeb2b1ef519d29b-cgu.0.rcgu.o:(.text._ZN4core3ops8function6FnOnce40call_once$u7b$$u7b$vtable.shim$u7d$$u7d$17hdcb34fd5600c83b2E)
 8002890  8002890        0     1                 $t
 8002891  8002891      20e     1                 core::ops::function::FnOnce::call_once$u7b$$u7b$vtable.shim$u7d$$u7d$::hdcb34fd5600c83b2
 8002aa0  8002aa0      a7c     4         /Users/janjongen/Documents/workspace/threadx-rust/threadx-app/cross/target/thumbv7em-none-eabihf/release/deps/executor-06cf02c09d677642.executor.eeb2b1ef519d29b-cgu.0.rcgu.o:(.text._ZN4core3ops8function6FnOnce9call_once17h65002f748b30fd43E)
 8002aa0  8002aa0        0     1                 $t
 8002aa1  8002aa1      a76     1                 core::ops::function::FnOnce::call_once::h65002f748b30fd43
 8003518  8003518        0     1                 $d
 800351c  800351c      67a     2         /Users/janjongen/Documents/workspace/threadx-rust/threadx-app/cross/target/thumbv7em-none-eabihf/release/deps/executor-06cf02c09d677642.executor.eeb2b1ef519d29b-cgu.0.rcgu.o:(.text._ZN4core3ops8function6FnOnce9call_once17hc1102e9a463ed3c1E)
 800351c  800351c        0     1                 $t
 800351d  800351d      67a     1                 core::ops::function::FnOnce::call_once::hc1102e9a463ed3c1
 8003b96  8003b96        e     2         /Users/janjongen/Documents/workspace/threadx-rust/threadx-app/cross/target/thumbv7em-none-eabihf/release/deps/executor-06cf02c09d677642.executor.eeb2b1ef519d29b-cgu.0.rcgu.o:(.text._ZN4core3ptr42drop_in_place$LT$alloc..string..String$GT$17h36d500c8e9aeb952E)
 8003b96  8003b96        0     1                 $t
 8003b97  8003b97        e     1                 core::ptr::drop_in_place$LT$alloc..string..String$GT$::h36d500c8e9aeb952
 8003ba4  8003ba4       12     2         /Users/janjongen/Documents/workspace/threadx-rust/threadx-app/cross/target/thumbv7em-none-eabihf/release/deps/executor-06cf02c09d677642.executor.eeb2b1ef519d29b-cgu.0.rcgu.o:(.text._ZN53_$LT$core..fmt..Error$u20$as$u20$core..fmt..Debug$GT$3fmt17h8f38c3264659a7daE)
 8003ba4  8003ba4        0     1                 $t
 8003ba5  8003ba5       12     1                 _$LT$core..fmt..Error$u20$as$u20$core..fmt..Debug$GT$::fmt::h8f38c3264659a7da
 8003bb6  8003bb6       c8     2         /Users/janjongen/Documents/workspace/threadx-rust/threadx-app/cross/target/thumbv7em-none-eabihf/release/deps/executor-06cf02c09d677642.executor.eeb2b1ef519d29b-cgu.0.rcgu.o:(.text._ZN58_$LT$alloc..string..String$u20$as$u20$core..fmt..Write$GT$10write_char17h6dd412a2dcb8d942E)
 8003bb6  8003bb6        0     1                 $t
 8003bb7  8003bb7       c8     1                 _$LT$alloc..string..String$u20$as$u20$core..fmt..Write$GT$::write_char::h6dd412a2dcb8d942
 8003c7e  8003c7e       3e     2         /Users/janjongen/Documents/workspace/threadx-rust/threadx-app/cross/target/thumbv7em-none-eabihf/release/deps/executor-06cf02c09d677642.executor.eeb2b1ef519d29b-cgu.0.rcgu.o:(.text._ZN58_$LT$alloc..string..String$u20$as$u20$core..fmt..Write$GT$9write_str17hca668c27b6a2ced9E)
 8003c7e  8003c7e        0     1                 $t
 8003c7f  8003c7f       3e     1                 _$LT$alloc..string..String$u20$as$u20$core..fmt..Write$GT$::write_str::hca668c27b6a2ced9
 8003cbc  8003cbc       22     2         /Users/janjongen/Documents/workspace/threadx-rust/threadx-app/cross/target/thumbv7em-none-eabihf/release/deps/executor-06cf02c09d677642.executor.eeb2b1ef519d29b-cgu.0.rcgu.o:(.text._ZN5alloc4task9raw_waker10drop_waker17h2b2256672de2b38cE)
 8003cbc  8003cbc        0     1                 $t
 8003cbd  8003cbd       22     1                 alloc::task::raw_waker::drop_waker::h2b2256672de2b38c
 8003cde  8003cde       26     2         /Users/janjongen/Documents/workspace/threadx-rust/threadx-app/cross/target/thumbv7em-none-eabihf/release/deps/executor-06cf02c09d677642.executor.eeb2b1ef519d29b-cgu.0.rcgu.o:(.text._ZN5alloc4task9raw_waker11clone_waker17h0b060065a09954a1E)
 8003cde  8003cde        0     1                 $t
 8003cdf  8003cdf       26     1                 alloc::task::raw_waker::clone_waker::h0b060065a09954a1
 8003d04  8003d04        4     2         /Users/janjongen/Documents/workspace/threadx-rust/threadx-app/cross/target/thumbv7em-none-eabihf/release/deps/executor-06cf02c09d677642.executor.eeb2b1ef519d29b-cgu.0.rcgu.o:(.text._ZN5alloc4task9raw_waker11wake_by_ref17hfabf9758f99acc6dE)
 8003d04  8003d04        0     1                 $t
 8003d05  8003d05        4     1                 alloc::task::raw_waker::wake_by_ref::hfabf9758f99acc6d
 8003d08  8003d08       32     2         /Users/janjongen/Documents/workspace/threadx-rust/threadx-app/cross/target/thumbv7em-none-eabihf/release/deps/executor-06cf02c09d677642.executor.eeb2b1ef519d29b-cgu.0.rcgu.o:(.text._ZN5alloc4task9raw_waker4wake17hb0becf39343285a9E)
 8003d08  8003d08        0     1                 $t
 8003d09  8003d09       32     1                 alloc::task::raw_waker::wake::hb0becf39343285a9
 8003d3a  8003d3a       6a     2         /Users/janjongen/Documents/workspace/threadx-rust/threadx-app/cross/target/thumbv7em-none-eabihf/release/deps/executor-06cf02c09d677642.executor.eeb2b1ef519d29b-cgu.0.rcgu.o:(.text.unlikely._ZN5alloc7raw_vec11finish_grow17h152536afd7c98813E)
 8003d3a  8003d3a        0     1                 $t
 8003d3b  8003d3b       6a     1                 alloc::raw_vec::finish_grow::h152536afd7c98813
 8003da4  8003da4       6a     2         /Users/janjongen/Documents/workspace/threadx-rust/threadx-app/cross/target/thumbv7em-none-eabihf/release/deps/executor-06cf02c09d677642.executor.eeb2b1ef519d29b-cgu.0.rcgu.o:(.text.unlikely._ZN5alloc7raw_vec20RawVecInner$LT$A$GT$7reserve21do_reserve_and_handle17h9b560925170e507eE)
 8003da4  8003da4        0     1                 $t
 8003da5  8003da5       6a     1                 alloc::raw_vec::RawVecInner$LT$A$GT$::reserve::do_reserve_and_handle::h9b560925170e507e
 8003e0e  8003e0e       32     2         /Users/janjongen/Documents/workspace/threadx-rust/threadx-app/cross/target/thumbv7em-none-eabihf/release/deps/executor-06cf02c09d677642.executor.eeb2b1ef519d29b-cgu.0.rcgu.o:(.text._ZN63_$LT$threadx_rs..error..TxError$u20$as$u20$core..fmt..Debug$GT$3fmt17h4b3b6e6d0bc81590E)
 8003e0e  8003e0e        0     1                 $t
 8003e0f  8003e0f       32     1                 _$LT$threadx_rs..error..TxError$u20$as$u20$core..fmt..Debug$GT$::fmt::h4b3b6e6d0bc81590
 8003e40  8003e40      11e     2         /Users/janjongen/Documents/workspace/threadx-rust/threadx-app/cross/target/thumbv7em-none-eabihf/release/deps/executor-06cf02c09d677642.executor.eeb2b1ef519d29b-cgu.0.rcgu.o:(.text._ZN66_$LT$threadx_rs..mutex..MutexError$u20$as$u20$core..fmt..Debug$GT$3fmt17h49f9cc995284efe8E)
 8003e40  8003e40        0     1                 $t
 8003e41  8003e41      11e     1                 _$LT$threadx_rs..mutex..MutexError$u20$as$u20$core..fmt..Debug$GT$::fmt::h49f9cc995284efe8
 8003f5e  8003f5e       2c     2         /Users/janjongen/Documents/workspace/threadx-rust/threadx-app/cross/target/thumbv7em-none-eabihf/release/deps/executor-06cf02c09d677642.executor.eeb2b1ef519d29b-cgu.0.rcgu.o:(.text._ZN68_$LT$display_interface..DisplayError$u20$as$u20$core..fmt..Debug$GT$3fmt17hc632bea7fb4ae0ceE)
 8003f5e  8003f5e        0     1                 $t
 8003f5f  8003f5f       2c     1                 _$LT$display_interface..DisplayError$u20$as$u20$core..fmt..Debug$GT$::fmt::hc632bea7fb4ae0ce
 8003f8c  8003f8c      17a     4         /Users/janjongen/Documents/workspace/threadx-rust/threadx-app/cross/target/thumbv7em-none-eabihf/release/deps/executor-06cf02c09d677642.executor.eeb2b1ef519d29b-cgu.0.rcgu.o:(.text._ZN70_$LT$stm32f4xx_hal..i2c..common..Error$u20$as$u20$core..fmt..Debug$GT$3fmt17hf4f46bcdd58e014aE)
 8003f8c  8003f8c        0     1                 $t
 8003f8d  8003f8d      17a     1                 _$LT$stm32f4xx_hal..i2c..common..Error$u20$as$u20$core..fmt..Debug$GT$::fmt::hf4f46bcdd58e014a
 8003fa8  8003fa8        0     1                 $d
 8003fae  8003fae        0     1                 $t
 8004108  8004108      25e     4         /Users/janjongen/Documents/workspace/threadx-rust/threadx-app/cross/target/thumbv7em-none-eabihf/release/deps/executor-06cf02c09d677642.executor.eeb2b1ef519d29b-cgu.0.rcgu.o:(.text._ZN7ssd13067command7Command4send17h4181bc98c6043a01E)
 8004108  8004108        0     1                 $t
 8004109  8004109      25e     1                 ssd1306::command::Command::send::h4181bc98c6043a01
 8004124  8004124        0     1                 $d
 800415a  800415a        0     1                 $t
 8004366  8004366        8     2         /Users/janjongen/Documents/workspace/threadx-rust/threadx-app/cross/target/thumbv7em-none-eabihf/release/deps/executor-06cf02c09d677642.executor.eeb2b1ef519d29b-cgu.0.rcgu.o:(.text.main)
 8004366  8004366        0     1                 $t
 8004367  8004367        8     1                 main
 800436e  800436e       48     2         /Users/janjongen/Documents/workspace/threadx-rust/threadx-app/cross/target/thumbv7em-none-eabihf/release/deps/executor-06cf02c09d677642.executor.eeb2b1ef519d29b-cgu.0.rcgu.o:(.text._ZN8executor18__cortex_m_rt_main17hee7eaeb486cec64cE)
 800436e  800436e        0     1                 $t
 800436f  800436f       48     1                 executor::__cortex_m_rt_main::hee7eaeb486cec64c
 80043b6  80043b6        4     2         /Users/janjongen/Documents/workspace/threadx-rust/threadx-app/cross/target/thumbv7em-none-eabihf/release/deps/executor-06cf02c09d677642.executor.eeb2b1ef519d29b-cgu.0.rcgu.o:(.text.__rust_alloc_error_handler)
 80043b6  80043b6        0     1                 $t
 80043b7  80043b7        4     1                 __rust_alloc_error_handler
 80043ba  80043ba       66     2         /Users/janjongen/Documents/workspace/threadx-rust/threadx-app/cross/target/thumbv7em-none-eabihf/release/deps/executor-06cf02c09d677642.executor.eeb2b1ef519d29b-cgu.0.rcgu.o:(.text._ZN5alloc7raw_vec19RawVec$LT$T$C$A$GT$8grow_one17h20cfe702e554365cE)
 80043ba  80043ba        0     1                 $t
 80043bb  80043bb       66     1                 alloc::raw_vec::RawVec$LT$T$C$A$GT$::grow_one::h20cfe702e554365c
 8004420  8004420       6c     2         /Users/janjongen/Documents/workspace/threadx-rust/threadx-app/cross/target/thumbv7em-none-eabihf/release/deps/executor-06cf02c09d677642.executor.eeb2b1ef519d29b-cgu.0.rcgu.o:(.text.unlikely._ZN5alloc7raw_vec11finish_grow17h6e0c3b555089c563E)
 8004420  8004420        0     1                 $t
 8004421  8004421       6c     1                 alloc::raw_vec::finish_grow::h6e0c3b555089c563
 800448c  800448c       12     2         /Users/janjongen/Documents/workspace/threadx-rust/threadx-app/cross/target/thumbv7em-none-eabihf/release/deps/executor-06cf02c09d677642.executor.eeb2b1ef519d29b-cgu.0.rcgu.o:(.text.unlikely._ZN5alloc7raw_vec12handle_error17h1bcd73e5406ba779E)
 800448c  800448c        0     1                 $t
 800448d  800448d       12     1                 alloc::raw_vec::handle_error::h1bcd73e5406ba779
 800449e  800449e       26     2         /Users/janjongen/Documents/workspace/threadx-rust/threadx-app/cross/target/thumbv7em-none-eabihf/release/deps/executor-06cf02c09d677642.executor.eeb2b1ef519d29b-cgu.0.rcgu.o:(.text._ZN5alloc7raw_vec17capacity_overflow17h02fac19cd8684cf6E)
 800449e  800449e        0     1                 $t
 800449f  800449f       26     1                 alloc::raw_vec::capacity_overflow::h02fac19cd8684cf6
 80044c4  80044c4        8     2         /Users/janjongen/Documents/workspace/threadx-rust/threadx-app/cross/target/thumbv7em-none-eabihf/release/deps/executor-06cf02c09d677642.executor.eeb2b1ef519d29b-cgu.0.rcgu.o:(.text.unlikely._ZN5alloc5alloc18handle_alloc_error17h8a0f364cc9a28125E)
 80044c4  80044c4        0     1                 $t
 80044c5  80044c5        8     1                 alloc::alloc::handle_alloc_error::h8a0f364cc9a28125
 80044cc  80044cc       36     2         /Users/janjongen/Documents/workspace/threadx-rust/threadx-app/cross/target/thumbv7em-none-eabihf/release/deps/executor-06cf02c09d677642.executor.eeb2b1ef519d29b-cgu.0.rcgu.o:(.text.__rdl_oom)
 80044cc  80044cc        0     1                 $t
 80044cd  80044cd       36     1                 __rdl_oom
 8004502  8004502      43c     2         /Users/janjongen/Documents/workspace/threadx-rust/threadx-app/cross/target/thumbv7em-none-eabihf/release/deps/executor-06cf02c09d677642.executor.eeb2b1ef519d29b-cgu.0.rcgu.o:(.text._ZN56_$LT$board..I2CBus$u20$as$u20$embedded_hal..i2c..I2c$GT$11transaction17hcb090ffaf88db508E)
 8004502  8004502        0     1                 $t
 8004503  8004503      43c     1                 _$LT$board..I2CBus$u20$as$u20$embedded_hal..i2c..I2c$GT$::transaction::hcb090ffaf88db508
 800493e  800493e      136     2         /Users/janjongen/Documents/workspace/threadx-rust/threadx-app/cross/target/thumbv7em-none-eabihf/release/deps/executor-06cf02c09d677642.executor.eeb2b1ef519d29b-cgu.0.rcgu.o:(.text._ZN13stm32f4xx_hal3i2c14I2c$LT$I2C$GT$12prepare_read17h97d1f9cf74804ad7E)
 800493e  800493e        0     1                 $t
 800493f  800493f      136     1                 stm32f4xx_hal::i2c::I2c$LT$I2C$GT$::prepare_read::h97d1f9cf74804ad7
 8004a74  8004a74       c0     2         /Users/janjongen/Documents/workspace/threadx-rust/threadx-app/cross/target/thumbv7em-none-eabihf/release/deps/executor-06cf02c09d677642.executor.eeb2b1ef519d29b-cgu.0.rcgu.o:(.text._ZN13stm32f4xx_hal3i2c14I2c$LT$I2C$GT$11write_bytes17h8ef0d3f411252e2eE)
 8004a74  8004a74        0     1                 $t
 8004a75  8004a75       c0     1                 stm32f4xx_hal::i2c::I2c$LT$I2C$GT$::write_bytes::h8ef0d3f411252e2e
 8004b34  8004b34       2c     2         /Users/janjongen/Documents/workspace/threadx-rust/threadx-app/cross/target/thumbv7em-none-eabihf/release/deps/executor-06cf02c09d677642.executor.eeb2b1ef519d29b-cgu.0.rcgu.o:(.text._ZN68_$LT$display_interface..DisplayError$u20$as$u20$core..fmt..Debug$GT$3fmt17hc632bea7fb4ae0ceE.146)
 8004b34  8004b34        0     1                 $t
 8004b35  8004b35       2c     1                 _$LT$display_interface..DisplayError$u20$as$u20$core..fmt..Debug$GT$::fmt::hc632bea7fb4ae0ce (.146)
 8004b60  8004b60      17a     4         /Users/janjongen/Documents/workspace/threadx-rust/threadx-app/cross/target/thumbv7em-none-eabihf/release/deps/executor-06cf02c09d677642.executor.eeb2b1ef519d29b-cgu.0.rcgu.o:(.text._ZN70_$LT$stm32f4xx_hal..i2c..common..Error$u20$as$u20$core..fmt..Debug$GT$3fmt17hf4f46bcdd58e014aE.147)
 8004b60  8004b60        0     1                 $t
 8004b61  8004b61      17a     1                 _$LT$stm32f4xx_hal..i2c..common..Error$u20$as$u20$core..fmt..Debug$GT$::fmt::hf4f46bcdd58e014a (.147)
 8004b7c  8004b7c        0     1                 $d
 8004b82  8004b82        0     1                 $t
 8004cda  8004cda       5a     2         /Users/janjongen/Documents/workspace/threadx-rust/threadx-app/cross/target/thumbv7em-none-eabihf/release/deps/executor-06cf02c09d677642.executor.eeb2b1ef519d29b-cgu.0.rcgu.o:(.text.EXTI4)
 8004cda  8004cda        0     1                 $t
 8004cdb  8004cdb       5a     1                 EXTI4
 8004d34  8004d34        8     2         /Users/janjongen/Documents/workspace/threadx-rust/threadx-app/cross/target/thumbv7em-none-eabihf/release/deps/executor-06cf02c09d677642.executor.eeb2b1ef519d29b-cgu.0.rcgu.o:(.text.unlikely._ZN4core5slice5index26slice_start_index_len_fail17h51b68e2ea9882740E)
 8004d34  8004d34        0     1                 $t
 8004d35  8004d35        8     1                 core::slice::index::slice_start_index_len_fail::h51b68e2ea9882740
 8004d3c  8004d3c       3c     4         /Users/janjongen/Documents/workspace/threadx-rust/threadx-app/cross/target/thumbv7em-none-eabihf/release/deps/executor-06cf02c09d677642.executor.eeb2b1ef519d29b-cgu.0.rcgu.o:(.text.unlikely._ZN4core9panicking18panic_bounds_check17h20e4c1b49b310f5fE)
 8004d3c  8004d3c        0     1                 $t
 8004d3d  8004d3d       3c     1                 core::panicking::panic_bounds_check::h20e4c1b49b310f5f
 8004d70  8004d70        0     1                 $d
 8004d78  8004d78       f2     2         /Users/janjongen/Documents/workspace/threadx-rust/threadx-app/cross/target/thumbv7em-none-eabihf/release/deps/executor-06cf02c09d677642.executor.eeb2b1ef519d29b-cgu.0.rcgu.o:(.text._ZN4core3fmt3num3imp52_$LT$impl$u20$core..fmt..Display$u20$for$u20$u32$GT$3fmt17h4de600dcb1473deaE)
 8004d78  8004d78        0     1                 $t
 8004d79  8004d79       f2     1                 core::fmt::num::imp::_$LT$impl$u20$core..fmt..Display$u20$for$u20$u32$GT$::fmt::h4de600dcb1473dea
 8004e6a  8004e6a       16     2         /Users/janjongen/Documents/workspace/threadx-rust/threadx-app/cross/target/thumbv7em-none-eabihf/release/deps/executor-06cf02c09d677642.executor.eeb2b1ef519d29b-cgu.0.rcgu.o:(.text.unlikely._ZN4core9panicking9panic_fmt17h16b5cf925bfec85bE)
 8004e6a  8004e6a        0     1                 $t
 8004e6b  8004e6b       16     1                 core::panicking::panic_fmt::h16b5cf925bfec85b
 8004e80  8004e80      216     2         /Users/janjongen/Documents/workspace/threadx-rust/threadx-app/cross/target/thumbv7em-none-eabihf/release/deps/executor-06cf02c09d677642.executor.eeb2b1ef519d29b-cgu.0.rcgu.o:(.text._ZN4core3fmt9Formatter12pad_integral17hd4f59c0c0632e3aaE)
 8004e80  8004e80        0     1                 $t
 8004e81  8004e81      216     1                 core::fmt::Formatter::pad_integral::hd4f59c0c0632e3aa
 8005096  8005096      486     2         /Users/janjongen/Documents/workspace/threadx-rust/threadx-app/cross/target/thumbv7em-none-eabihf/release/deps/executor-06cf02c09d677642.executor.eeb2b1ef519d29b-cgu.0.rcgu.o:(.text._ZN4core3str5count14do_count_chars17h2063d98b0b92f856E)
 8005096  8005096        0     1                 $t
 8005097  8005097      486     1                 core::str::count::do_count_chars::h2063d98b0b92f856
 800551c  800551c       46     2         /Users/janjongen/Documents/workspace/threadx-rust/threadx-app/cross/target/thumbv7em-none-eabihf/release/deps/executor-06cf02c09d677642.executor.eeb2b1ef519d29b-cgu.0.rcgu.o:(.text._ZN4core3fmt9Formatter12pad_integral12write_prefix17hcecf46879cbe59f2E)
 800551c  800551c        0     1                 $t
 800551d  800551d       46     1                 core::fmt::Formatter::pad_integral::write_prefix::hcecf46879cbe59f2
 8005562  8005562       46     2         /Users/janjongen/Documents/workspace/threadx-rust/threadx-app/cross/target/thumbv7em-none-eabihf/release/deps/executor-06cf02c09d677642.executor.eeb2b1ef519d29b-cgu.0.rcgu.o:(.text._ZN4core5slice5index26slice_start_index_len_fail8do_panic7runtime17h6e6e146111cd2a9fE)
 8005562  8005562        0     1                 $t
 8005563  8005563       46     1                 core::slice::index::slice_start_index_len_fail::do_panic::runtime::h6e6e146111cd2a9f
 80055a8  80055a8        8     2         /Users/janjongen/Documents/workspace/threadx-rust/threadx-app/cross/target/thumbv7em-none-eabihf/release/deps/executor-06cf02c09d677642.executor.eeb2b1ef519d29b-cgu.0.rcgu.o:(.text.unlikely._ZN4core5slice5index24slice_end_index_len_fail17ha1a587df2956486eE)
 80055a8  80055a8        0     1                 $t
 80055a9  80055a9        8     1                 core::slice::index::slice_end_index_len_fail::ha1a587df2956486e
 80055b0  80055b0       3e     2         /Users/janjongen/Documents/workspace/threadx-rust/threadx-app/cross/target/thumbv7em-none-eabihf/release/deps/executor-06cf02c09d677642.executor.eeb2b1ef519d29b-cgu.0.rcgu.o:(.text._ZN4core5slice5index24slice_end_index_len_fail8do_panic7runtime17hc9a3d4cdf5565fb4E)
 80055b0  80055b0        0     1                 $t
 80055b1  80055b1       3e     1                 core::slice::index::slice_end_index_len_fail::do_panic::runtime::hc9a3d4cdf5565fb4
 80055ee  80055ee      24a     2         /Users/janjongen/Documents/workspace/threadx-rust/threadx-app/cross/target/thumbv7em-none-eabihf/release/deps/executor-06cf02c09d677642.executor.eeb2b1ef519d29b-cgu.0.rcgu.o:(.text._ZN4core3fmt9Formatter3pad17h2891f965241a4cd4E)
 80055ee  80055ee        0     1                 $t
 80055ef  80055ef      24a     1                 core::fmt::Formatter::pad::h2891f965241a4cd4
 8005838  8005838       26     2         /Users/janjongen/Documents/workspace/threadx-rust/threadx-app/cross/target/thumbv7em-none-eabihf/release/deps/executor-06cf02c09d677642.executor.eeb2b1ef519d29b-cgu.0.rcgu.o:(.text.unlikely._ZN4core9panicking5panic17h3ebd9fe1fd833a19E)
 8005838  8005838        0     1                 $t
 8005839  8005839       26     1                 core::panicking::panic::h3ebd9fe1fd833a19
 800585e  800585e       10     2         /Users/janjongen/Documents/workspace/threadx-rust/threadx-app/cross/target/thumbv7em-none-eabihf/release/deps/executor-06cf02c09d677642.executor.eeb2b1ef519d29b-cgu.0.rcgu.o:(.text.unlikely._ZN4core9panicking13assert_failed17hb034f48548bf1c41E)
 800585e  800585e        0     1                 $t
 800585f  800585f       10     1                 core::panicking::assert_failed::hb034f48548bf1c41
 8005870  8005870       a4     4         /Users/janjongen/Documents/workspace/threadx-rust/threadx-app/cross/target/thumbv7em-none-eabihf/release/deps/executor-06cf02c09d677642.executor.eeb2b1ef519d29b-cgu.0.rcgu.o:(.text.unlikely._ZN4core9panicking19assert_failed_inner17hf2c24ceff2a668a3E)
 8005870  8005870        0     1                 $t
 8005871  8005871       a4     1                 core::panicking::assert_failed_inner::hf2c24ceff2a668a3
 80058f4  80058f4        0     1                 $d
 8005914  8005914        c     2         /Users/janjongen/Documents/workspace/threadx-rust/threadx-app/cross/target/thumbv7em-none-eabihf/release/deps/executor-06cf02c09d677642.executor.eeb2b1ef519d29b-cgu.0.rcgu.o:(.text._ZN44_$LT$$RF$T$u20$as$u20$core..fmt..Display$GT$3fmt17hc29b2a2df913f64cE)
 8005914  8005914        0     1                 $t
 8005915  8005915        c     1                 _$LT$$RF$T$u20$as$u20$core..fmt..Display$GT$::fmt::hc29b2a2df913f64c
 8005920  8005920        8     2         /Users/janjongen/Documents/workspace/threadx-rust/threadx-app/cross/target/thumbv7em-none-eabihf/release/deps/executor-06cf02c09d677642.executor.eeb2b1ef519d29b-cgu.0.rcgu.o:(.text._ZN42_$LT$$RF$T$u20$as$u20$core..fmt..Debug$GT$3fmt17h1a5cab425ce3253cE)
 8005920  8005920        0     1                 $t
 8005921  8005921        8     1                 _$LT$$RF$T$u20$as$u20$core..fmt..Debug$GT$::fmt::h1a5cab425ce3253c
 8005928  8005928        a     2         /Users/janjongen/Documents/workspace/threadx-rust/threadx-app/cross/target/thumbv7em-none-eabihf/release/deps/executor-06cf02c09d677642.executor.eeb2b1ef519d29b-cgu.0.rcgu.o:(.text._ZN59_$LT$core..fmt..Arguments$u20$as$u20$core..fmt..Display$GT$3fmt17h9ba4f515a72e7d47E)
 8005928  8005928        0     1                 $t
 8005929  8005929        a     1                 _$LT$core..fmt..Arguments$u20$as$u20$core..fmt..Display$GT$::fmt::h9ba4f515a72e7d47
 8005932  8005932      184     2         /Users/janjongen/Documents/workspace/threadx-rust/threadx-app/cross/target/thumbv7em-none-eabihf/release/deps/executor-06cf02c09d677642.executor.eeb2b1ef519d29b-cgu.0.rcgu.o:(.text._ZN4core3fmt5write17h0f60ad57bb70412fE)
 8005932  8005932        0     1                 $t
 8005933  8005933      184     1                 core::fmt::write::h0f60ad57bb70412f
 8005ab6  8005ab6      2a0     2         /Users/janjongen/Documents/workspace/threadx-rust/threadx-app/cross/target/thumbv7em-none-eabihf/release/deps/executor-06cf02c09d677642.executor.eeb2b1ef519d29b-cgu.0.rcgu.o:(.text._ZN42_$LT$$RF$T$u20$as$u20$core..fmt..Debug$GT$3fmt17h3e7877cb4077f877E)
 8005ab6  8005ab6        0     1                 $t
 8005ab7  8005ab7      2a0     1                 _$LT$$RF$T$u20$as$u20$core..fmt..Debug$GT$::fmt::h3e7877cb4077f877
 8005d56  8005d56      854     2         /Users/janjongen/Documents/workspace/threadx-rust/threadx-app/cross/target/thumbv7em-none-eabihf/release/deps/executor-06cf02c09d677642.executor.eeb2b1ef519d29b-cgu.0.rcgu.o:(.text._ZN4core3num7flt2dec8strategy6dragon9mul_pow1017h57728696ccf5ed57E)
 8005d56  8005d56        0     1                 $t
 8005d57  8005d57      854     1                 core::num::flt2dec::strategy::dragon::mul_pow10::h57728696ccf5ed57
 80065aa  80065aa      21c     2         /Users/janjongen/Documents/workspace/threadx-rust/threadx-app/cross/target/thumbv7em-none-eabihf/release/deps/executor-06cf02c09d677642.executor.eeb2b1ef519d29b-cgu.0.rcgu.o:(.text._ZN4core3num6bignum8Big32x4010mul_digits17h5ed72290b8cdc963E)
 80065aa  80065aa        0     1                 $t
 80065ab  80065ab      21c     1                 core::num::bignum::Big32x40::mul_digits::h5ed72290b8cdc963
 80067c6  80067c6      186     2         /Users/janjongen/Documents/workspace/threadx-rust/threadx-app/cross/target/thumbv7em-none-eabihf/release/deps/executor-06cf02c09d677642.executor.eeb2b1ef519d29b-cgu.0.rcgu.o:(.text._ZN4core3num6bignum8Big32x408mul_pow217h1f174aaa9d5c5983E)
 80067c6  80067c6        0     1                 $t
 80067c7  80067c7      186     1                 core::num::bignum::Big32x40::mul_pow2::h1f174aaa9d5c5983
 800694c  800694c       26     2         /Users/janjongen/Documents/workspace/threadx-rust/threadx-app/cross/target/thumbv7em-none-eabihf/release/deps/executor-06cf02c09d677642.executor.eeb2b1ef519d29b-cgu.0.rcgu.o:(.text.unlikely._ZN4core9panicking11panic_const23panic_const_div_by_zero17h4f947e8263ffbb87E)
 800694c  800694c        0     1                 $t
 800694d  800694d       26     1                 core::panicking::panic_const::panic_const_div_by_zero::h4f947e8263ffbb87
 8006972  8006972       e0     2         /Users/janjongen/Documents/workspace/threadx-rust/threadx-app/cross/target/thumbv7em-none-eabihf/release/deps/executor-06cf02c09d677642.executor.eeb2b1ef519d29b-cgu.0.rcgu.o:(.text._ZN4core3num7flt2dec17digits_to_dec_str17hed2b4f72b259471cE)
 8006972  8006972        0     1                 $t
 8006973  8006973       e0     1                 core::num::flt2dec::digits_to_dec_str::hed2b4f72b259471c
 8006a52  8006a52        8     2         /Users/janjongen/Documents/workspace/threadx-rust/threadx-app/cross/target/thumbv7em-none-eabihf/release/deps/executor-06cf02c09d677642.executor.eeb2b1ef519d29b-cgu.0.rcgu.o:(.text.unlikely._ZN4core5slice5index22slice_index_order_fail17hd19d4cd26088b30eE)
 8006a52  8006a52        0     1                 $t
 8006a53  8006a53        8     1                 core::slice::index::slice_index_order_fail::hd19d4cd26088b30e
 8006a5a  8006a5a       14     2         /Users/janjongen/Documents/workspace/threadx-rust/threadx-app/cross/target/thumbv7em-none-eabihf/release/deps/executor-06cf02c09d677642.executor.eeb2b1ef519d29b-cgu.0.rcgu.o:(.text.unlikely._ZN4core6option13unwrap_failed17h9b61b6ca010bc028E)
 8006a5a  8006a5a        0     1                 $t
 8006a5b  8006a5b       14     1                 core::option::unwrap_failed::h9b61b6ca010bc028
 8006a6e  8006a6e       44     2         /Users/janjongen/Documents/workspace/threadx-rust/threadx-app/cross/target/thumbv7em-none-eabihf/release/deps/executor-06cf02c09d677642.executor.eeb2b1ef519d29b-cgu.0.rcgu.o:(.text._ZN4core5slice5index22slice_index_order_fail8do_panic7runtime17h021ca6b9cc5f850eE)
 8006a6e  8006a6e        0     1                 $t
 8006a6f  8006a6f       44     1                 core::slice::index::slice_index_order_fail::do_panic::runtime::h021ca6b9cc5f850e
 8006ab2  8006ab2       12     2         /Users/janjongen/Documents/workspace/threadx-rust/threadx-app/cross/target/thumbv7em-none-eabihf/release/deps/executor-06cf02c09d677642.executor.eeb2b1ef519d29b-cgu.0.rcgu.o:(.text._ZN63_$LT$core..cell..BorrowMutError$u20$as$u20$core..fmt..Debug$GT$3fmt17h6ba45195b61cf550E)
 8006ab2  8006ab2        0     1                 $t
 8006ab3  8006ab3       12     1                 _$LT$core..cell..BorrowMutError$u20$as$u20$core..fmt..Debug$GT$::fmt::h6ba45195b61cf550
 8006ac4  8006ac4       34     2         /Users/janjongen/Documents/workspace/threadx-rust/threadx-app/cross/target/thumbv7em-none-eabihf/release/deps/executor-06cf02c09d677642.executor.eeb2b1ef519d29b-cgu.0.rcgu.o:(.text.unlikely._ZN4core4cell22panic_already_borrowed17hb44e3d313e4cad63E)
 8006ac4  8006ac4        0     1                 $t
 8006ac5  8006ac5       34     1                 core::cell::panic_already_borrowed::hb44e3d313e4cad63
 8006af8  8006af8      24a     2         /Users/janjongen/Documents/workspace/threadx-rust/threadx-app/cross/target/thumbv7em-none-eabihf/release/deps/executor-06cf02c09d677642.executor.eeb2b1ef519d29b-cgu.0.rcgu.o:(.text._ZN68_$LT$core..fmt..builders..PadAdapter$u20$as$u20$core..fmt..Write$GT$9write_str17ha0cbdb1159cf632bE)
 8006af8  8006af8        0     1                 $t
 8006af9  8006af9      24a     1                 _$LT$core..fmt..builders..PadAdapter$u20$as$u20$core..fmt..Write$GT$::write_str::ha0cbdb1159cf632b
 8006d42  8006d42       4a     2         /Users/janjongen/Documents/workspace/threadx-rust/threadx-app/cross/target/thumbv7em-none-eabihf/release/deps/executor-06cf02c09d677642.executor.eeb2b1ef519d29b-cgu.0.rcgu.o:(.text.unlikely._ZN4core6result13unwrap_failed17h9c56199e11ab2e75E)
 8006d42  8006d42        0     1                 $t
 8006d43  8006d43       4a     1                 core::result::unwrap_failed::h9c56199e11ab2e75
 8006d8c  8006d8c       38     2         /Users/janjongen/Documents/workspace/threadx-rust/threadx-app/cross/target/thumbv7em-none-eabihf/release/deps/executor-06cf02c09d677642.executor.eeb2b1ef519d29b-cgu.0.rcgu.o:(.text.unlikely._ZN4core6option13expect_failed17h099ad96634b9307aE)
 8006d8c  8006d8c        0     1                 $t
 8006d8d  8006d8d       38     1                 core::option::expect_failed::h099ad96634b9307a
 8006dc4  8006dc4       2c     2         /Users/janjongen/Documents/workspace/threadx-rust/threadx-app/cross/target/thumbv7em-none-eabihf/release/deps/executor-06cf02c09d677642.executor.eeb2b1ef519d29b-cgu.0.rcgu.o:(.text.unlikely._ZN4core9panicking18panic_nounwind_fmt17hd0668c137dac9c1aE)
 8006dc4  8006dc4        0     1                 $t
 8006dc5  8006dc5       2c     1                 core::panicking::panic_nounwind_fmt::hd0668c137dac9c1a
 8006df0  8006df0       40     2         /Users/janjongen/Documents/workspace/threadx-rust/threadx-app/cross/target/thumbv7em-none-eabihf/release/deps/executor-06cf02c09d677642.executor.eeb2b1ef519d29b-cgu.0.rcgu.o:(.text.unlikely._ZN4core9panicking14panic_explicit17h8991c96b179bfba2E)
 8006df0  8006df0        0     1                 $t
 8006df1  8006df1       40     1                 core::panicking::panic_explicit::h8991c96b179bfba2
 8006e30  8006e30      146     2         /Users/janjongen/Documents/workspace/threadx-rust/threadx-app/cross/target/thumbv7em-none-eabihf/release/deps/executor-06cf02c09d677642.executor.eeb2b1ef519d29b-cgu.0.rcgu.o:(.text._ZN4core5slice6memchr14memchr_aligned17hc1de41698ce7b406E)
 8006e30  8006e30        0     1                 $t
 8006e31  8006e31      146     1                 core::slice::memchr::memchr_aligned::hc1de41698ce7b406
 8006f76  8006f76     2dfc     2         /Users/janjongen/Documents/workspace/threadx-rust/threadx-app/cross/target/thumbv7em-none-eabihf/release/deps/executor-06cf02c09d677642.executor.eeb2b1ef519d29b-cgu.0.rcgu.o:(.text._ZN4core3fmt5float32float_to_decimal_common_shortest17he6b3d26498a07897E)
 8006f76  8006f76        0     1                 $t
 8006f77  8006f77     2dfc     1                 core::fmt::float::float_to_decimal_common_shortest::he6b3d26498a07897
 8009d72  8009d72      180     2         /Users/janjongen/Documents/workspace/threadx-rust/threadx-app/cross/target/thumbv7em-none-eabihf/release/deps/executor-06cf02c09d677642.executor.eeb2b1ef519d29b-cgu.0.rcgu.o:(.text._ZN4core3fmt9Formatter19pad_formatted_parts17hbd664592dd62184aE)
 8009d72  8009d72        0     1                 $t
 8009d73  8009d73      180     1                 core::fmt::Formatter::pad_formatted_parts::hbd664592dd62184a
 8009ef2  8009ef2      190     2         /Users/janjongen/Documents/workspace/threadx-rust/threadx-app/cross/target/thumbv7em-none-eabihf/release/deps/executor-06cf02c09d677642.executor.eeb2b1ef519d29b-cgu.0.rcgu.o:(.text._ZN4core3fmt9Formatter21write_formatted_parts17hc9ec2ea62973b0efE)
 8009ef2  8009ef2        0     1                 $t
 8009ef3  8009ef3      190     1                 core::fmt::Formatter::write_formatted_parts::hc9ec2ea62973b0ef
 800a082  800a082        a     2         /Users/janjongen/Documents/workspace/threadx-rust/threadx-app/cross/target/thumbv7em-none-eabihf/release/deps/executor-06cf02c09d677642.executor.eeb2b1ef519d29b-cgu.0.rcgu.o:(.text._critical_section_1_0_release)
 800a082  800a082        0     1                 $t
 800a083  800a083        a     1                 _critical_section_1_0_release
 800a08c  800a08c        2     2         /Users/janjongen/Documents/workspace/threadx-rust/threadx-app/cross/target/thumbv7em-none-eabihf/release/deps/executor-06cf02c09d677642.executor.eeb2b1ef519d29b-cgu.0.rcgu.o:(.text.DefaultHandler_)
 800a08c  800a08c        0     1                 $t
 800a08d  800a08d        2     1                 DefaultHandler_
 800a08e  800a08e        2     2         /Users/janjongen/Documents/workspace/threadx-rust/threadx-app/cross/target/thumbv7em-none-eabihf/release/deps/executor-06cf02c09d677642.executor.eeb2b1ef519d29b-cgu.0.rcgu.o:(.text.DefaultPreInit)
 800a08e  800a08e        0     1                 $t
 800a08f  800a08f        2     1                 DefaultPreInit
 800a08f  800a08f        2     1                 __defmt_default_timestamp
 800a090  800a090       20     2         /Users/janjongen/Documents/workspace/threadx-rust/threadx-app/cross/target/thumbv7em-none-eabihf/release/deps/executor-06cf02c09d677642.executor.eeb2b1ef519d29b-cgu.0.rcgu.o:(.text._ZN5defmt6export3str17h8af121ef87b1a3e9E)
 800a090  800a090        0     1                 $t
 800a091  800a091       20     1                 defmt::export::str::h8af121ef87b1a3e9
 800a0b0  800a0b0       16     2         /Users/janjongen/Documents/workspace/threadx-rust/threadx-app/cross/target/thumbv7em-none-eabihf/release/deps/executor-06cf02c09d677642.executor.eeb2b1ef519d29b-cgu.0.rcgu.o:(.text._ZN5defmt6export4istr17h512d7725de0340edE)
 800a0b0  800a0b0        0     1                 $t
 800a0b1  800a0b1       16     1                 defmt::export::istr::h512d7725de0340ed
 800a0c6  800a0c6       10     2         /Users/janjongen/Documents/workspace/threadx-rust/threadx-app/cross/target/thumbv7em-none-eabihf/release/deps/executor-06cf02c09d677642.executor.eeb2b1ef519d29b-cgu.0.rcgu.o:(.text._ZN60_$LT$defmt..export..FmtWrite$u20$as$u20$core..fmt..Write$GT$9write_str17he55be4ef932e9422E)
 800a0c6  800a0c6        0     1                 $t
 800a0c7  800a0c7       10     1                 _$LT$defmt..export..FmtWrite$u20$as$u20$core..fmt..Write$GT$::write_str::he55be4ef932e9422
 800a0d6  800a0d6       8c     2         /Users/janjongen/Documents/workspace/threadx-rust/threadx-app/cross/target/thumbv7em-none-eabihf/release/deps/executor-06cf02c09d677642.executor.eeb2b1ef519d29b-cgu.0.rcgu.o:(.text._ZN4core3fmt5Write10write_char17hf782fcc35a80ef33E)
 800a0d6  800a0d6        0     1                 $t
 800a0d7  800a0d7       8c     1                 core::fmt::Write::write_char::hf782fcc35a80ef33
 800a162  800a162       16     2         /Users/janjongen/Documents/workspace/threadx-rust/threadx-app/cross/target/thumbv7em-none-eabihf/release/deps/executor-06cf02c09d677642.executor.eeb2b1ef519d29b-cgu.0.rcgu.o:(.text._ZN4core3fmt5Write9write_fmt17h9f3ec3f8eb7185ccE)
 800a162  800a162        0     1                 $t
 800a163  800a163       16     1                 core::fmt::Write::write_fmt::h9f3ec3f8eb7185cc
 800a178  800a178       22     2         /Users/janjongen/Documents/workspace/threadx-rust/threadx-app/cross/target/thumbv7em-none-eabihf/release/deps/executor-06cf02c09d677642.executor.eeb2b1ef519d29b-cgu.0.rcgu.o:(.text._ZN5defmt6export18acquire_and_header17h8a4076546137fc58E)
 800a178  800a178        0     1                 $t
 800a179  800a179       22     1                 defmt::export::acquire_and_header::h8a4076546137fc58
 800a19a  800a19a       26     2         /Users/janjongen/Documents/workspace/threadx-rust/threadx-app/cross/target/thumbv7em-none-eabihf/release/deps/executor-06cf02c09d677642.executor.eeb2b1ef519d29b-cgu.0.rcgu.o:(.text._ZN5defmt6export26acquire_header_and_release17hf32f4eec6305a519E)
 800a19a  800a19a        0     1                 $t
 800a19b  800a19b       26     1                 defmt::export::acquire_header_and_release::hf32f4eec6305a519
 800a1c0  800a1c0        8     2         /Users/janjongen/Documents/workspace/threadx-rust/threadx-app/cross/target/thumbv7em-none-eabihf/release/deps/executor-06cf02c09d677642.executor.eeb2b1ef519d29b-cgu.0.rcgu.o:(.text.__defmt_default_panic)
 800a1c0  800a1c0        0     1                 $t
 800a1c1  800a1c1        8     1                 __defmt_default_panic
 800a1c8  800a1c8        8     2         /Users/janjongen/Documents/workspace/threadx-rust/threadx-app/cross/target/thumbv7em-none-eabihf/release/deps/executor-06cf02c09d677642.executor.eeb2b1ef519d29b-cgu.0.rcgu.o:(.text.unlikely._ZN5defmt13default_panic19panic_cold_explicit17h78af07baf2be4ae4E)
 800a1c8  800a1c8        0     1                 $t
 800a1c9  800a1c9        8     1                 defmt::default_panic::panic_cold_explicit::h78af07baf2be4ae4
 800a1d0  800a1d0       14     2         /Users/janjongen/Documents/workspace/threadx-rust/threadx-app/cross/target/thumbv7em-none-eabihf/release/deps/executor-06cf02c09d677642.executor.eeb2b1ef519d29b-cgu.0.rcgu.o:(.text._ZN5defmt6export8integers3u3217h48b0885a29ace8b4E)
 800a1d0  800a1d0        0     1                 $t
 800a1d1  800a1d1       14     1                 defmt::export::integers::u32::h48b0885a29ace8b4
 800a1e4  800a1e4       82     2         /Users/janjongen/Documents/workspace/threadx-rust/threadx-app/cross/target/thumbv7em-none-eabihf/release/deps/executor-06cf02c09d677642.executor.eeb2b1ef519d29b-cgu.0.rcgu.o:(.text._ZN9defmt_rtt7channel7Channel14blocking_write17hcb7aacff3d384263E)
 800a1e4  800a1e4        0     1                 $t
 800a1e5  800a1e5       82     1                 defmt_rtt::channel::Channel::blocking_write::hcb7aacff3d384263
 800a266  800a266       5c     2         /Users/janjongen/Documents/workspace/threadx-rust/threadx-app/cross/target/thumbv7em-none-eabihf/release/deps/executor-06cf02c09d677642.executor.eeb2b1ef519d29b-cgu.0.rcgu.o:(.text._ZN9defmt_rtt7channel7Channel17nonblocking_write17h409ab172c327ff99E)
 800a266  800a266        0     1                 $t
 800a267  800a267       5c     1                 defmt_rtt::channel::Channel::nonblocking_write::h409ab172c327ff99
 800a2c2  800a2c2       a0     2         /Users/janjongen/Documents/workspace/threadx-rust/threadx-app/cross/target/thumbv7em-none-eabihf/release/deps/executor-06cf02c09d677642.executor.eeb2b1ef519d29b-cgu.0.rcgu.o:(.text._defmt_acquire)
 800a2c2  800a2c2        0     1                 $t
 800a2c3  800a2c3       a0     1                 _defmt_acquire
 800a362  800a362       e4     2         /Users/janjongen/Documents/workspace/threadx-rust/threadx-app/cross/target/thumbv7em-none-eabihf/release/deps/executor-06cf02c09d677642.executor.eeb2b1ef519d29b-cgu.0.rcgu.o:(.text._defmt_release)
 800a362  800a362        0     1                 $t
 800a363  800a363       e4     1                 _defmt_release
 800a446  800a446      190     2         /Users/janjongen/Documents/workspace/threadx-rust/threadx-app/cross/target/thumbv7em-none-eabihf/release/deps/executor-06cf02c09d677642.executor.eeb2b1ef519d29b-cgu.0.rcgu.o:(.text._defmt_write)
 800a446  800a446        0     1                 $t
 800a447  800a447      190     1                 _defmt_write
 800a5d6  800a5d6      1dc     2         /Users/janjongen/Documents/workspace/threadx-rust/threadx-app/cross/target/thumbv7em-none-eabihf/release/deps/executor-06cf02c09d677642.executor.eeb2b1ef519d29b-cgu.0.rcgu.o:(.text._ZN126_$LT$embedded_graphics..mono_font..mapping..StrGlyphMapping$u20$as$u20$embedded_graphics..mono_font..mapping..GlyphMapping$GT$5index17h6671959c9b614c52E)
 800a5d6  800a5d6        0     1                 $t
 800a5d7  800a5d7      1dc     1                 _$LT$embedded_graphics..mono_font..mapping..StrGlyphMapping$u20$as$u20$embedded_graphics..mono_font..mapping..GlyphMapping$GT$::index::h6671959c9b614c52
 800a7b2  800a7b2       96     2         /Users/janjongen/Documents/workspace/threadx-rust/threadx-app/cross/target/thumbv7em-none-eabihf/release/deps/executor-06cf02c09d677642.executor.eeb2b1ef519d29b-cgu.0.rcgu.o:(.text.rust_begin_unwind)
 800a7b2  800a7b2        0     1                 $t
 800a7b3  800a7b3       96     1                 rust_begin_unwind
 800a848  800a848       18     2         /Users/janjongen/Documents/workspace/threadx-rust/threadx-app/cross/target/thumbv7em-none-eabihf/release/deps/executor-06cf02c09d677642.executor.eeb2b1ef519d29b-cgu.0.rcgu.o:(.text._ZN11panic_probe10hard_fault17hb6e1a7888655b781E)
 800a848  800a848        0     1                 $t
 800a849  800a849       18     1                 panic_probe::hard_fault::hb6e1a7888655b781
 800a860  800a860       c2     2         /Users/janjongen/Documents/workspace/threadx-rust/threadx-app/cross/target/thumbv7em-none-eabihf/release/deps/executor-06cf02c09d677642.executor.eeb2b1ef519d29b-cgu.0.rcgu.o:(.text._ZN44_$LT$$RF$T$u20$as$u20$core..fmt..Display$GT$3fmt17hff3f604287509234E)
 800a860  800a860        0     1                 $t
 800a861  800a861       c2     1                 _$LT$$RF$T$u20$as$u20$core..fmt..Display$GT$::fmt::hff3f604287509234
 800a922  800a922      422     2         /Users/janjongen/Documents/workspace/threadx-rust/threadx-app/cross/target/thumbv7em-none-eabihf/release/deps/executor-06cf02c09d677642.executor.eeb2b1ef519d29b-cgu.0.rcgu.o:(.text._ZN13stm32f4xx_hal3rcc2f43pll7MainPll10fast_setup17h34d82fe46b9cb8dcE)
 800a922  800a922        0     1                 $t
 800a923  800a923      422     1                 stm32f4xx_hal::rcc::f4::pll::MainPll::fast_setup::h34d82fe46b9cb8dc
 800ad44  800ad44      11c     2         /Users/janjongen/Documents/workspace/threadx-rust/threadx-app/cross/target/thumbv7em-none-eabihf/release/deps/executor-06cf02c09d677642.executor.eeb2b1ef519d29b-cgu.0.rcgu.o:(.text._ZN13stm32f4xx_hal3rcc2f43pll6I2sPll5setup17h99d9fcea2755f133E)
 800ad44  800ad44        0     1                 $t
 800ad45  800ad45      11c     1                 stm32f4xx_hal::rcc::f4::pll::I2sPll::setup::h99d9fcea2755f133
 800ae60  800ae60      3c4     2         /Users/janjongen/Documents/workspace/threadx-rust/threadx-app/cross/target/thumbv7em-none-eabihf/release/deps/executor-06cf02c09d677642.executor.eeb2b1ef519d29b-cgu.0.rcgu.o:(.text._ZN13stm32f4xx_hal3rcc2f43pll6I2sPll5setup28_$u7b$$u7b$closure$u7d$$u7d$17h0e760491d2c1ef5bE)
 800ae60  800ae60        0     1                 $t
 800ae61  800ae61      3c4     1                 stm32f4xx_hal::rcc::f4::pll::I2sPll::setup::_$u7b$$u7b$closure$u7d$$u7d$::h0e760491d2c1ef5b
 800b224  800b224        4     2         /Users/janjongen/Documents/workspace/threadx-rust/threadx-app/cross/target/thumbv7em-none-eabihf/release/deps/executor-06cf02c09d677642.executor.eeb2b1ef519d29b-cgu.0.rcgu.o:(.text.SysTick)
 800b224  800b224        0     1                 $t
 800b225  800b225        4     1                 SysTick
 800b228  800b228        4     2         /Users/janjongen/Documents/workspace/threadx-rust/threadx-app/cross/target/thumbv7em-none-eabihf/release/deps/executor-06cf02c09d677642.executor.eeb2b1ef519d29b-cgu.0.rcgu.o:(.text.PendSV)
 800b228  800b228        0     1                 $t
 800b229  800b229        4     1                 PendSV
 800b22c  800b22c       20     2         /Users/janjongen/Documents/workspace/threadx-rust/threadx-app/cross/target/thumbv7em-none-eabihf/release/deps/executor-06cf02c09d677642.executor.eeb2b1ef519d29b-cgu.0.rcgu.o:(.text.DefaultHandler)
 800b22c  800b22c        0     1                 $t
 800b22d  800b22d       20     1                 DefaultHandler
 800b24c  800b24c       5c     2         /Users/janjongen/Documents/workspace/threadx-rust/threadx-app/cross/target/thumbv7em-none-eabihf/release/deps/executor-06cf02c09d677642.executor.eeb2b1ef519d29b-cgu.0.rcgu.o:(.text._ZN11threadx_app23__cortex_m_rt_HardFault17h7557c77875be30f4E)
 800b24c  800b24c        0     1                 $t
 800b24d  800b24d       5c     1                 threadx_app::__cortex_m_rt_HardFault::h7557c77875be30f4
 800b2a8  800b2a8       2a     2         /Users/janjongen/Documents/workspace/threadx-rust/threadx-app/cross/target/thumbv7em-none-eabihf/release/deps/executor-06cf02c09d677642.executor.eeb2b1ef519d29b-cgu.0.rcgu.o:(.text._ZN5alloc4sync16Arc$LT$T$C$A$GT$9drop_slow17h090d319fa5af134fE)
 800b2a8  800b2a8        0     1                 $t
 800b2a9  800b2a9       2a     1                 alloc::sync::Arc$LT$T$C$A$GT$::drop_slow::h090d319fa5af134f
 800b2d2  800b2d2      130     2         /Users/janjongen/Documents/workspace/threadx-rust/threadx-app/cross/target/thumbv7em-none-eabihf/release/deps/executor-06cf02c09d677642.executor.eeb2b1ef519d29b-cgu.0.rcgu.o:(.text._ZN92_$LT$threadx_rs..allocator..ThreadXAllocator$u20$as$u20$core..alloc..global..GlobalAlloc$GT$5alloc17h7265a9a9d4d60d10E)
 800b2d2  800b2d2        0     1                 $t
 800b2d3  800b2d3      130     1                 _$LT$threadx_rs..allocator..ThreadXAllocator$u20$as$u20$core..alloc..global..GlobalAlloc$GT$::alloc::h7265a9a9d4d60d10
 800b402  800b402       36     2         /Users/janjongen/Documents/workspace/threadx-rust/threadx-app/cross/target/thumbv7em-none-eabihf/release/deps/executor-06cf02c09d677642.executor.eeb2b1ef519d29b-cgu.0.rcgu.o:(.text._ZN5defmt6export3fmt17h2ac0f56c6ec4696bE)
 800b402  800b402        0     1                 $t
 800b403  800b403       36     1                 defmt::export::fmt::h2ac0f56c6ec4696b
 800b438  800b438       2c     2         /Users/janjongen/Documents/workspace/threadx-rust/threadx-app/cross/target/thumbv7em-none-eabihf/release/deps/executor-06cf02c09d677642.executor.eeb2b1ef519d29b-cgu.0.rcgu.o:(.text._ZN5defmt6export3fmt17hef76a2e01a497ed1E)
 800b438  800b438        0     1                 $t
 800b439  800b439       2c     1                 defmt::export::fmt::hef76a2e01a497ed1
 800b464  800b464       30     2         /Users/janjongen/Documents/workspace/threadx-rust/threadx-app/cross/target/thumbv7em-none-eabihf/release/deps/executor-06cf02c09d677642.executor.eeb2b1ef519d29b-cgu.0.rcgu.o:(.text._ZN63_$LT$threadx_rs..error..TxError$u20$as$u20$core..fmt..Debug$GT$3fmt17h4b3b6e6d0bc81590E.345)
 800b464  800b464        0     1                 $t
 800b465  800b465       30     1                 _$LT$threadx_rs..error..TxError$u20$as$u20$core..fmt..Debug$GT$::fmt::h4b3b6e6d0bc81590 (.345)
 800b494  800b494       6c     2         /Users/janjongen/Documents/workspace/threadx-rust/threadx-app/cross/target/thumbv7em-none-eabihf/release/deps/executor-06cf02c09d677642.executor.eeb2b1ef519d29b-cgu.0.rcgu.o:(.text._ZN92_$LT$threadx_rs..allocator..ThreadXAllocator$u20$as$u20$core..alloc..global..GlobalAlloc$GT$7dealloc17h590b6044af1d6856E)
 800b494  800b494        0     1                 $t
 800b495  800b495       6c     1                 _$LT$threadx_rs..allocator..ThreadXAllocator$u20$as$u20$core..alloc..global..GlobalAlloc$GT$::dealloc::h590b6044af1d6856
 800b500  800b500       da     2         /Users/janjongen/Documents/workspace/threadx-rust/threadx-app/cross/target/thumbv7em-none-eabihf/release/deps/executor-06cf02c09d677642.executor.eeb2b1ef519d29b-cgu.0.rcgu.o:(.text._ZN10threadx_rs6thread6Thread29initialize_with_autostart_box17h82234a6d72e7440dE)
 800b500  800b500        0     1                 $t
 800b501  800b501       da     1                 threadx_rs::thread::Thread::initialize_with_autostart_box::h82234a6d72e7440d
 800b5da  800b5da       1e     2         /Users/janjongen/Documents/workspace/threadx-rust/threadx-app/cross/target/thumbv7em-none-eabihf/release/deps/executor-06cf02c09d677642.executor.eeb2b1ef519d29b-cgu.0.rcgu.o:(.text._ZN10threadx_rs6thread30thread_box_callback_trampoline17hbca29f33c63ab376E)
 800b5da  800b5da        0     1                 $t
 800b5db  800b5db       1e     1                 threadx_rs::thread::thread_box_callback_trampoline::hbca29f33c63ab376
 800b5f8  800b5f8      160     4         /Users/janjongen/Documents/workspace/threadx-rust/threadx-app/cross/target/thumbv7em-none-eabihf/release/deps/executor-06cf02c09d677642.executor.eeb2b1ef519d29b-cgu.0.rcgu.o:(.text._ZN10threadx_rs8executor6Signal4wait17h1c942ca3dfef811dE)
 800b5f8  800b5f8        0     1                 $t
 800b5f9  800b5f9      160     1                 threadx_rs::executor::Signal::wait::h1c942ca3dfef811d
 800b61c  800b61c        0     1                 $d
 800b620  800b620        0     1                 $t
 800b758  800b758       aa     2         /Users/janjongen/Documents/workspace/threadx-rust/threadx-app/cross/target/thumbv7em-none-eabihf/release/deps/executor-06cf02c09d677642.executor.eeb2b1ef519d29b-cgu.0.rcgu.o:(.text._ZN10threadx_rs5mutex14Mutex$LT$T$GT$4lock17h9541b9a067a55332E)
 800b758  800b758        0     1                 $t
 800b759  800b759       aa     1                 threadx_rs::mutex::Mutex$LT$T$GT$::lock::h9541b9a067a55332
 800b802  800b802       7e     2         /Users/janjongen/Documents/workspace/threadx-rust/threadx-app/cross/target/thumbv7em-none-eabihf/release/deps/executor-06cf02c09d677642.executor.eeb2b1ef519d29b-cgu.0.rcgu.o:(.text._ZN4core3ptr113drop_in_place$LT$threadx_rs..mutex..MutexGuard$LT$$u5b$threadx_rs..executor..SignalState$u3b$$u20$31$u5d$$GT$$GT$17h5e06264ea1d798d2E)
 800b802  800b802        0     1                 $t
 800b803  800b803       7e     1                 core::ptr::drop_in_place$LT$threadx_rs..mutex..MutexGuard$LT$$u5b$threadx_rs..executor..SignalState$u3b$$u20$31$u5d$$GT$$GT$::h5e06264ea1d798d2
 800b880  800b880      11a     2         /Users/janjongen/Documents/workspace/threadx-rust/threadx-app/cross/target/thumbv7em-none-eabihf/release/deps/executor-06cf02c09d677642.executor.eeb2b1ef519d29b-cgu.0.rcgu.o:(.text._ZN66_$LT$threadx_rs..mutex..MutexError$u20$as$u20$core..fmt..Debug$GT$3fmt17h49f9cc995284efe8E.354)
 800b880  800b880        0     1                 $t
 800b881  800b881      11a     1                 _$LT$threadx_rs..mutex..MutexError$u20$as$u20$core..fmt..Debug$GT$::fmt::h49f9cc995284efe8 (.354)
 800b99c  800b99c      128     4         /Users/janjongen/Documents/workspace/threadx-rust/threadx-app/cross/target/thumbv7em-none-eabihf/release/deps/executor-06cf02c09d677642.executor.eeb2b1ef519d29b-cgu.0.rcgu.o:(.text._ZN10threadx_rs8executor6Signal6notify17h5483565864464191E)
 800b99c  800b99c        0     1                 $t
 800b99d  800b99d      128     1                 threadx_rs::executor::Signal::notify::h5483565864464191
 800b9c2  800b9c2        0     1                 $d
 800b9c6  800b9c6        0     1                 $t
 800bac4  800bac4       38     2         /Users/janjongen/Documents/workspace/threadx-rust/threadx-app/cross/target/thumbv7em-none-eabihf/release/deps/executor-06cf02c09d677642.executor.eeb2b1ef519d29b-cgu.0.rcgu.o:(.text._tx_initialize_low_level)
 800bac4  800bac4        0     1                 $t
 800bac5  800bac5       38     1                 _tx_initialize_low_level
 800bafc  800bafc       22     2         /Users/janjongen/Documents/workspace/threadx-rust/threadx-app/cross/target/thumbv7em-none-eabihf/release/deps/executor-06cf02c09d677642.executor.eeb2b1ef519d29b-cgu.0.rcgu.o:(.text.tx_application_define)
 800bafc  800bafc        0     1                 $t
 800bafd  800bafd       22     1                 tx_application_define
 800bb1e  800bb1e       28     2         /var/folders/kj/86rz2n1d4kj64kbl5kf0zrdh0000gn/T/rustcN2BYEO/libnetx_sys-bbebb4c535885af4.rlib(wwd_rtos.c.obj):(.text.host_rtos_set_semaphore)
 800bb1e  800bb1e        0     1                 $t
 800bb1f  800bb1f       28     1                 host_rtos_set_semaphore
 800bb48  800bb48       2c     4         /var/folders/kj/86rz2n1d4kj64kbl5kf0zrdh0000gn/T/rustcN2BYEO/libnetx_sys-bbebb4c535885af4.rlib(wwd_thread.c.obj):(.text.wwd_thread_notify_irq)
 800bb48  800bb48        0     1                 $t
 800bb49  800bb49       2c     1                 wwd_thread_notify_irq
 800bb68  800bb68        0     1                 $d
 800bb74  800bb74      138     4         /var/folders/kj/86rz2n1d4kj64kbl5kf0zrdh0000gn/T/rustcN2BYEO/libnetx_sys-bbebb4c535885af4.rlib(wwd_SDIO.c.obj):(.text.irq)
 800bb74  800bb74        0     1                 $t
 800bb75  800bb75       10     1                 __tx_SDIO_IRQHandler
 800bb85  800bb85       e0     1                 SDIO_IRQHandler
 800bc44  800bc44        0     1                 $d
 800bc64  800bc64        0     1                 $t
 800bc65  800bc65       10     1                 __tx_DMA2_Stream3_IRQHandler
 800bc75  800bc75       38     1                 DMA2_Stream3_IRQHandler
 800bca4  800bca4        0     1                 $d
 800bcb0  800bcb0        4    16         /var/folders/kj/86rz2n1d4kj64kbl5kf0zrdh0000gn/T/rustcN2BYEO/libthreadx_sys-84251f7d0e5944de.rlib(tx_thread_context_restore.S.obj):(.text)
 800bcb0  800bcb0        0     1                 $t
 800bcb1  800bcb1        0     1                 _tx_thread_context_restore
 800bcc0  800bcc0        4    16         /var/folders/kj/86rz2n1d4kj64kbl5kf0zrdh0000gn/T/rustcN2BYEO/libthreadx_sys-84251f7d0e5944de.rlib(tx_thread_context_save.S.obj):(.text)
 800bcc0  800bcc0        0     1                 $t
 800bcc1  800bcc1        0     1                 _tx_thread_context_save
 800bcd0  800bcd0       c0    16         /var/folders/kj/86rz2n1d4kj64kbl5kf0zrdh0000gn/T/rustcN2BYEO/libthreadx_sys-84251f7d0e5944de.rlib(tx_thread_schedule.S.obj):(.text)
 800bcd0  800bcd0        0     1                 $t
 800bcd1  800bcd1        0     1                 _tx_thread_schedule
 800bcfa  800bcfa        0     1                 __tx_wait_here
 800bcfc  800bcfc        0     1                 __tx_ts_handler
 800bcfd  800bcfd        0     1                 PendSV_Handler
 800bcfd  800bcfd        0     1                 __tx_PendSVHandler
 800bd1c  800bd1c        0     1                 _skip_vfp_save
 800bd2e  800bd2e        0     1                 __tx_ts_new
 800bd38  800bd38        0     1                 __tx_ts_restore
 800bd58  800bd58        0     1                 _skip_vfp_restore
 800bd62  800bd62        0     1                 __tx_ts_wait
 800bd6e  800bd6e        0     1                 __tx_ts_ready
 800bd7f  800bd7f        0     1                 tx_thread_fpu_enable
 800bd7f  800bd7f        0     1                 tx_thread_fpu_disable
 800bd80  800bd80        0     1                 $d
 800bd90  800bd90       b8    16         /var/folders/kj/86rz2n1d4kj64kbl5kf0zrdh0000gn/T/rustcN2BYEO/libthreadx_sys-84251f7d0e5944de.rlib(tx_timer_interrupt.S.obj):(.text)
 800bd90  800bd90        0     1                 $t
 800bd91  800bd91        0     1                 _tx_timer_interrupt
 800bdb0  800bdb0        0     1                 __tx_timer_no_time_slice
 800bdc2  800bdc2        0     1                 __tx_timer_no_timer
 800bdd2  800bdd2        0     1                 __tx_timer_skip_wrap
 800bdd4  800bdd4        0     1                 __tx_timer_done
 800bde0  800bde0        0     1                 __tx_something_expired
 800bdee  800bdee        0     1                 __tx_timer_dont_activate
 800be12  800be12        0     1                 __tx_timer_not_ts_expiration
 800be12  800be12        0     1                 __tx_timer_skip_time_slice
 800be16  800be16        0     1                 __tx_timer_nothing_expired
 800be1c  800be1c        0     1                 $d
 800be48  800be48       bc     4         /var/folders/kj/86rz2n1d4kj64kbl5kf0zrdh0000gn/T/rustcN2BYEO/libthreadx_sys-84251f7d0e5944de.rlib(tx_byte_allocate.c.obj):(.text._tx_byte_allocate)
 800be48  800be48        0     1                 $t
 800be49  800be49       bc     1                 _tx_byte_allocate
 800bef8  800bef8        0     1                 $d
 800bf04  800bf04       80     4         /var/folders/kj/86rz2n1d4kj64kbl5kf0zrdh0000gn/T/rustcN2BYEO/libthreadx_sys-84251f7d0e5944de.rlib(tx_byte_pool_cleanup.c.obj):(.text._tx_byte_pool_cleanup)
 800bf04  800bf04        0     1                 $t
 800bf05  800bf05       80     1                 _tx_byte_pool_cleanup
 800bf78  800bf78        0     1                 $d
 800bf84  800bf84       84     4         /var/folders/kj/86rz2n1d4kj64kbl5kf0zrdh0000gn/T/rustcN2BYEO/libthreadx_sys-84251f7d0e5944de.rlib(tx_byte_pool_create.c.obj):(.text._tx_byte_pool_create)
 800bf84  800bf84        0     1                 $t
 800bf85  800bf85       84     1                 _tx_byte_pool_create
 800bff8  800bff8        0     1                 $d
 800c008  800c008       ec     4         /var/folders/kj/86rz2n1d4kj64kbl5kf0zrdh0000gn/T/rustcN2BYEO/libthreadx_sys-84251f7d0e5944de.rlib(tx_byte_pool_search.c.obj):(.text._tx_byte_pool_search)
 800c008  800c008        0     1                 $t
 800c009  800c009       ec     1                 _tx_byte_pool_search
 800c0ec  800c0ec        0     1                 $d
 800c0f4  800c0f4      11c     4         /var/folders/kj/86rz2n1d4kj64kbl5kf0zrdh0000gn/T/rustcN2BYEO/libthreadx_sys-84251f7d0e5944de.rlib(tx_byte_release.c.obj):(.text._tx_byte_release)
 800c0f4  800c0f4        0     1                 $t
 800c0f5  800c0f5      11c     1                 _tx_byte_release
 800c200  800c200        0     1                 $d
 800c210  800c210       50     4         /var/folders/kj/86rz2n1d4kj64kbl5kf0zrdh0000gn/T/rustcN2BYEO/libthreadx_sys-84251f7d0e5944de.rlib(tx_event_flags_create.c.obj):(.text._tx_event_flags_create)
 800c210  800c210        0     1                 $t
 800c211  800c211       50     1                 _tx_event_flags_create
 800c254  800c254        0     1                 $d
 800c260  800c260       dc     4         /var/folders/kj/86rz2n1d4kj64kbl5kf0zrdh0000gn/T/rustcN2BYEO/libthreadx_sys-84251f7d0e5944de.rlib(tx_event_flags_get.c.obj):(.text._tx_event_flags_get)
 800c260  800c260        0     1                 $t
 800c261  800c261       dc     1                 _tx_event_flags_get
 800c330  800c330        0     1                 $d
 800c33c  800c33c       84     4         /var/folders/kj/86rz2n1d4kj64kbl5kf0zrdh0000gn/T/rustcN2BYEO/libthreadx_sys-84251f7d0e5944de.rlib(tx_event_flags_cleanup.c.obj):(.text._tx_event_flags_cleanup)
 800c33c  800c33c        0     1                 $t
 800c33d  800c33d       84     1                 _tx_event_flags_cleanup
 800c3b4  800c3b4        0     1                 $d
 800c3c0  800c3c0      1f4     4         /var/folders/kj/86rz2n1d4kj64kbl5kf0zrdh0000gn/T/rustcN2BYEO/libthreadx_sys-84251f7d0e5944de.rlib(tx_event_flags_set.c.obj):(.text._tx_event_flags_set)
 800c3c0  800c3c0        0     1                 $t
 800c3c1  800c3c1      1f4     1                 _tx_event_flags_set
 800c5b0  800c5b0        0     1                 $d
 800c5b4  800c5b4       70     4         /var/folders/kj/86rz2n1d4kj64kbl5kf0zrdh0000gn/T/rustcN2BYEO/libthreadx_sys-84251f7d0e5944de.rlib(tx_initialize_high_level.c.obj):(.text._tx_initialize_high_level)
 800c5b4  800c5b4        0     1                 $t
 800c5b5  800c5b5       70     1                 _tx_initialize_high_level
 800c5f4  800c5f4        0     1                 $d
 800c624  800c624       48     4         /var/folders/kj/86rz2n1d4kj64kbl5kf0zrdh0000gn/T/rustcN2BYEO/libthreadx_sys-84251f7d0e5944de.rlib(tx_initialize_kernel_enter.c.obj):(.text._tx_initialize_kernel_enter)
 800c624  800c624        0     1                 $t
 800c625  800c625       48     1                 _tx_initialize_kernel_enter
 800c660  800c660        0     1                 $d
 800c66c  800c66c       60     4         /var/folders/kj/86rz2n1d4kj64kbl5kf0zrdh0000gn/T/rustcN2BYEO/libthreadx_sys-84251f7d0e5944de.rlib(tx_mutex_create.c.obj):(.text._tx_mutex_create)
 800c66c  800c66c        0     1                 $t
 800c66d  800c66d       60     1                 _tx_mutex_create
 800c6b8  800c6b8        0     1                 $d
 800c6cc  800c6cc       80     4         /var/folders/kj/86rz2n1d4kj64kbl5kf0zrdh0000gn/T/rustcN2BYEO/libthreadx_sys-84251f7d0e5944de.rlib(tx_mutex_cleanup.c.obj):(.text._tx_mutex_cleanup)
 800c6cc  800c6cc        0     1                 $t
 800c6cd  800c6cd       80     1                 _tx_mutex_cleanup
 800c740  800c740        0     1                 $d
 800c74c  800c74c       44     4         /var/folders/kj/86rz2n1d4kj64kbl5kf0zrdh0000gn/T/rustcN2BYEO/libthreadx_sys-84251f7d0e5944de.rlib(tx_mutex_cleanup.c.obj):(.text._tx_mutex_thread_release)
 800c74c  800c74c        0     1                 $t
 800c74d  800c74d       44     1                 _tx_mutex_thread_release
 800c78c  800c78c        0     1                 $d
 800c790  800c790       f8     4         /var/folders/kj/86rz2n1d4kj64kbl5kf0zrdh0000gn/T/rustcN2BYEO/libthreadx_sys-84251f7d0e5944de.rlib(tx_mutex_get.c.obj):(.text._tx_mutex_get)
 800c790  800c790        0     1                 $t
 800c791  800c791       f8     1                 _tx_mutex_get
 800c87c  800c87c        0     1                 $d
 800c888  800c888       c8     4         /var/folders/kj/86rz2n1d4kj64kbl5kf0zrdh0000gn/T/rustcN2BYEO/libthreadx_sys-84251f7d0e5944de.rlib(tx_mutex_priority_change.c.obj):(.text._tx_mutex_priority_change)
 800c888  800c888        0     1                 $t
 800c889  800c889       c8     1                 _tx_mutex_priority_change
 800c940  800c940        0     1                 $d
 800c950  800c950      20c     4         /var/folders/kj/86rz2n1d4kj64kbl5kf0zrdh0000gn/T/rustcN2BYEO/libthreadx_sys-84251f7d0e5944de.rlib(tx_mutex_put.c.obj):(.text._tx_mutex_put)
 800c950  800c950        0     1                 $t
 800c951  800c951      20c     1                 _tx_mutex_put
 800cb54  800cb54        0     1                 $d
 800cb5c  800cb5c       98     4         /var/folders/kj/86rz2n1d4kj64kbl5kf0zrdh0000gn/T/rustcN2BYEO/libthreadx_sys-84251f7d0e5944de.rlib(tx_mutex_prioritize.c.obj):(.text._tx_mutex_prioritize)
 800cb5c  800cb5c        0     1                 $t
 800cb5d  800cb5d       98     1                 _tx_mutex_prioritize
 800cbf0  800cbf0        0     1                 $d
 800cbf4  800cbf4      128     4         /var/folders/kj/86rz2n1d4kj64kbl5kf0zrdh0000gn/T/rustcN2BYEO/libthreadx_sys-84251f7d0e5944de.rlib(tx_thread_create.c.obj):(.text._tx_thread_create)
 800cbf4  800cbf4        0     1                 $t
 800cbf5  800cbf5      128     1                 _tx_thread_create
 800ccfc  800ccfc        0     1                 $d
 800cd20  800cd20       40    16         /var/folders/kj/86rz2n1d4kj64kbl5kf0zrdh0000gn/T/rustcN2BYEO/libthreadx_sys-84251f7d0e5944de.rlib(tx_thread_stack_build.S.obj):(.text)
 800cd20  800cd20        0     1                 $t
 800cd21  800cd21        0     1                 _tx_thread_stack_build
 800cd60  800cd60       6c     4         /var/folders/kj/86rz2n1d4kj64kbl5kf0zrdh0000gn/T/rustcN2BYEO/libthreadx_sys-84251f7d0e5944de.rlib(tx_thread_initialize.c.obj):(.text._tx_thread_initialize)
 800cd60  800cd60        0     1                 $t
 800cd61  800cd61       6c     1                 _tx_thread_initialize
 800cda0  800cda0        0     1                 $d
 800cdcc  800cdcc       74     4         /var/folders/kj/86rz2n1d4kj64kbl5kf0zrdh0000gn/T/rustcN2BYEO/libthreadx_sys-84251f7d0e5944de.rlib(tx_thread_shell_entry.c.obj):(.text._tx_thread_shell_entry)
 800cdcc  800cdcc        0     1                 $t
 800cdcd  800cdcd       74     1                 _tx_thread_shell_entry
 800ce34  800ce34        0     1                 $d
 800ce40  800ce40       6c     4         /var/folders/kj/86rz2n1d4kj64kbl5kf0zrdh0000gn/T/rustcN2BYEO/libthreadx_sys-84251f7d0e5944de.rlib(tx_thread_sleep.c.obj):(.text._tx_thread_sleep)
 800ce40  800ce40        0     1                 $t
 800ce41  800ce41       6c     1                 _tx_thread_sleep
 800ce9c  800ce9c        0     1                 $d
 800ceac  800ceac       3c     4         /var/folders/kj/86rz2n1d4kj64kbl5kf0zrdh0000gn/T/rustcN2BYEO/libthreadx_sys-84251f7d0e5944de.rlib(tx_thread_system_preempt_check.c.obj):(.text._tx_thread_system_preempt_check)
 800ceac  800ceac        0     1                 $t
 800cead  800cead       3c     1                 _tx_thread_system_preempt_check
 800cedc  800cedc        0     1                 $d
 800cee8  800cee8      108     4         /var/folders/kj/86rz2n1d4kj64kbl5kf0zrdh0000gn/T/rustcN2BYEO/libthreadx_sys-84251f7d0e5944de.rlib(tx_thread_system_resume.c.obj):(.text._tx_thread_system_resume)
 800cee8  800cee8        0     1                 $t
 800cee9  800cee9      108     1                 _tx_thread_system_resume
 800cfd4  800cfd4        0     1                 $d
 800cff0  800cff0      174     4         /var/folders/kj/86rz2n1d4kj64kbl5kf0zrdh0000gn/T/rustcN2BYEO/libthreadx_sys-84251f7d0e5944de.rlib(tx_thread_system_suspend.c.obj):(.text._tx_thread_system_suspend)
 800cff0  800cff0        0     1                 $t
 800cff1  800cff1      174     1                 _tx_thread_system_suspend
 800d144  800d144        0     1                 $d
 800d164  800d164       6c     4         /var/folders/kj/86rz2n1d4kj64kbl5kf0zrdh0000gn/T/rustcN2BYEO/libthreadx_sys-84251f7d0e5944de.rlib(tx_thread_time_slice.c.obj):(.text._tx_thread_time_slice)
 800d164  800d164        0     1                 $t
 800d165  800d165       6c     1                 _tx_thread_time_slice
 800d1b8  800d1b8        0     1                 $d
 800d1d0  800d1d0       30     4         /var/folders/kj/86rz2n1d4kj64kbl5kf0zrdh0000gn/T/rustcN2BYEO/libthreadx_sys-84251f7d0e5944de.rlib(tx_thread_timeout.c.obj):(.text._tx_thread_timeout)
 800d1d0  800d1d0        0     1                 $t
 800d1d1  800d1d1       30     1                 _tx_thread_timeout
 800d1fc  800d1fc        0     1                 $d
 800d200  800d200       20     4         /var/folders/kj/86rz2n1d4kj64kbl5kf0zrdh0000gn/T/rustcN2BYEO/libthreadx_sys-84251f7d0e5944de.rlib(tx_timer_expiration_process.c.obj):(.text._tx_timer_expiration_process)
 800d200  800d200        0     1                 $t
 800d201  800d201       20     1                 _tx_timer_expiration_process
 800d218  800d218        0     1                 $d
 800d220  800d220       e0     4         /var/folders/kj/86rz2n1d4kj64kbl5kf0zrdh0000gn/T/rustcN2BYEO/libthreadx_sys-84251f7d0e5944de.rlib(tx_timer_initialize.c.obj):(.text._tx_timer_initialize)
 800d220  800d220        0     1                 $t
 800d221  800d221       e0     1                 _tx_timer_initialize
 800d2b4  800d2b4        0     1                 $d
 800d300  800d300       58     4         /var/folders/kj/86rz2n1d4kj64kbl5kf0zrdh0000gn/T/rustcN2BYEO/libthreadx_sys-84251f7d0e5944de.rlib(tx_timer_system_activate.c.obj):(.text._tx_timer_system_activate)
 800d300  800d300        0     1                 $t
 800d301  800d301       58     1                 _tx_timer_system_activate
 800d34c  800d34c        0     1                 $d
 800d358  800d358       2c     4         /var/folders/kj/86rz2n1d4kj64kbl5kf0zrdh0000gn/T/rustcN2BYEO/libthreadx_sys-84251f7d0e5944de.rlib(tx_timer_system_deactivate.c.obj):(.text._tx_timer_system_deactivate)
 800d358  800d358        0     1                 $t
 800d359  800d359       2c     1                 _tx_timer_system_deactivate
 800d384  800d384      124     4         /var/folders/kj/86rz2n1d4kj64kbl5kf0zrdh0000gn/T/rustcN2BYEO/libthreadx_sys-84251f7d0e5944de.rlib(tx_timer_thread_entry.c.obj):(.text._tx_timer_thread_entry)
 800d384  800d384        0     1                 $t
 800d385  800d385      124     1                 _tx_timer_thread_entry
 800d488  800d488        0     1                 $d
 800d4a8  800d4a8       18     4         /var/folders/kj/86rz2n1d4kj64kbl5kf0zrdh0000gn/T/rustcN2BYEO/libthreadx_sys-84251f7d0e5944de.rlib(txe_semaphore_put.c.obj):(.text._txe_semaphore_put)
 800d4a8  800d4a8        0     1                 $t
 800d4a9  800d4a9       18     1                 _txe_semaphore_put
 800d4bc  800d4bc        0     1                 $d
 800d4c0  800d4c0       64     4         /var/folders/kj/86rz2n1d4kj64kbl5kf0zrdh0000gn/T/rustcN2BYEO/libthreadx_sys-84251f7d0e5944de.rlib(tx_semaphore_put.c.obj):(.text._tx_semaphore_put)
 800d4c0  800d4c0        0     1                 $t
 800d4c1  800d4c1       64     1                 _tx_semaphore_put
 800d520  800d520        0     1                 $d
 800d524  800d524        4     2         /var/folders/kj/86rz2n1d4kj64kbl5kf0zrdh0000gn/T/rustcN2BYEO/libcortex_m-6b662cab7b21d64f.rlib(bin/thumbv7em-none-eabihf.o):(.text.__cpsid)
 800d524  800d524        0     1                 $t.3
 800d525  800d525        4     1                 __cpsid
 800d528  800d528        4     2         /var/folders/kj/86rz2n1d4kj64kbl5kf0zrdh0000gn/T/rustcN2BYEO/libcortex_m-6b662cab7b21d64f.rlib(bin/thumbv7em-none-eabihf.o):(.text.__cpsie)
 800d528  800d528        0     1                 $t.4
 800d529  800d529        4     1                 __cpsie
 800d52c  800d52c        c     2         /var/folders/kj/86rz2n1d4kj64kbl5kf0zrdh0000gn/T/rustcN2BYEO/libcortex_m-6b662cab7b21d64f.rlib(bin/thumbv7em-none-eabihf.o):(.text.__delay)
 800d52c  800d52c        0     1                 $t.5
 800d52d  800d52d        c     1                 __delay
 800d538  800d538        6     2         /var/folders/kj/86rz2n1d4kj64kbl5kf0zrdh0000gn/T/rustcN2BYEO/libcortex_m-6b662cab7b21d64f.rlib(bin/thumbv7em-none-eabihf.o):(.text.__dsb)
 800d538  800d538        0     1                 $t.7
 800d539  800d539        6     1                 __dsb
 800d53e  800d53e        6     2         /var/folders/kj/86rz2n1d4kj64kbl5kf0zrdh0000gn/T/rustcN2BYEO/libcortex_m-6b662cab7b21d64f.rlib(bin/thumbv7em-none-eabihf.o):(.text.__primask_r)
 800d53e  800d53e        0     1                 $t.12
 800d53f  800d53f        6     1                 __primask_r
 800d544  800d544        4     2         /var/folders/kj/86rz2n1d4kj64kbl5kf0zrdh0000gn/T/rustcN2BYEO/libcortex_m-6b662cab7b21d64f.rlib(bin/thumbv7em-none-eabihf.o):(.text.__udf)
 800d544  800d544        0     1                 $t.16
 800d545  800d545        4     1                 __udf
 800d548  800d548       de     2         /Users/janjongen/.rustup/toolchains/stable-aarch64-apple-darwin/lib/rustlib/thumbv7em-none-eabihf/lib/libcompiler_builtins-293d325c45568833.rlib(compiler_builtins-293d325c45568833.compiler_builtins.61e33bb3965672fe-cgu.152.rcgu.o):(.text.__aeabi_memset)
 800d548  800d548        0     1                 $t
 800d549  800d549       de     1                 __aeabi_memset
 800d626  800d626       d2     2         /Users/janjongen/.rustup/toolchains/stable-aarch64-apple-darwin/lib/rustlib/thumbv7em-none-eabihf/lib/libcompiler_builtins-293d325c45568833.rlib(compiler_builtins-293d325c45568833.compiler_builtins.61e33bb3965672fe-cgu.164.rcgu.o):(.text.__aeabi_memclr)
 800d626  800d626        0     1                 $t
 800d627  800d627       d2     1                 __aeabi_memclr
 800d6f8  800d6f8       f8     2         /Users/janjongen/.rustup/toolchains/stable-aarch64-apple-darwin/lib/rustlib/thumbv7em-none-eabihf/lib/libcompiler_builtins-293d325c45568833.rlib(compiler_builtins-293d325c45568833.compiler_builtins.61e33bb3965672fe-cgu.190.rcgu.o):(.text.memset)
 800d6f8  800d6f8        0     1                 $t
 800d6f9  800d6f9       f8     1                 memset
 800d7f0  800d7f0       a4     2         /Users/janjongen/.rustup/toolchains/stable-aarch64-apple-darwin/lib/rustlib/thumbv7em-none-eabihf/lib/libcompiler_builtins-293d325c45568833.rlib(compiler_builtins-293d325c45568833.compiler_builtins.61e33bb3965672fe-cgu.287.rcgu.o):(.text.__aeabi_memcpy4)
 800d7f0  800d7f0        0     1                 $t
 800d7f1  800d7f1       a4     1                 __aeabi_memcpy4
 800d894  800d894      1c6     2         /Users/janjongen/.rustup/toolchains/stable-aarch64-apple-darwin/lib/rustlib/thumbv7em-none-eabihf/lib/libcompiler_builtins-293d325c45568833.rlib(compiler_builtins-293d325c45568833.compiler_builtins.61e33bb3965672fe-cgu.007.rcgu.o):(.text._ZN17compiler_builtins3mem6memcpy17h5e499811eed3b61fE)
 800d894  800d894        0     1                 $t
 800d895  800d895      1c6     1                 compiler_builtins::mem::memcpy::h5e499811eed3b61f
 800da5a  800da5a       c6     2         /Users/janjongen/.rustup/toolchains/stable-aarch64-apple-darwin/lib/rustlib/thumbv7em-none-eabihf/lib/libcompiler_builtins-293d325c45568833.rlib(compiler_builtins-293d325c45568833.compiler_builtins.61e33bb3965672fe-cgu.296.rcgu.o):(.text.__aeabi_memclr4)
[...]
     2b4      2b4       13     1         /var/folders/kj/86rz2n1d4kj64kbl5kf0zrdh0000gn/T/rustcN2BYEO/libthreadx_sys-84251f7d0e5944de.rlib(tx_mutex_create.c.obj):(.debug_rnglists)
     2c7      2c7       4a     1         /var/folders/kj/86rz2n1d4kj64kbl5kf0zrdh0000gn/T/rustcN2BYEO/libthreadx_sys-84251f7d0e5944de.rlib(tx_mutex_cleanup.c.obj):(.debug_rnglists)
     311      311       38     1         /var/folders/kj/86rz2n1d4kj64kbl5kf0zrdh0000gn/T/rustcN2BYEO/libthreadx_sys-84251f7d0e5944de.rlib(tx_mutex_get.c.obj):(.debug_rnglists)
     349      349       38     1         /var/folders/kj/86rz2n1d4kj64kbl5kf0zrdh0000gn/T/rustcN2BYEO/libthreadx_sys-84251f7d0e5944de.rlib(tx_mutex_priority_change.c.obj):(.debug_rnglists)
     381      381       14     1         /var/folders/kj/86rz2n1d4kj64kbl5kf0zrdh0000gn/T/rustcN2BYEO/libthreadx_sys-84251f7d0e5944de.rlib(tx_mutex_put.c.obj):(.debug_rnglists)
     395      395       2c     1         /var/folders/kj/86rz2n1d4kj64kbl5kf0zrdh0000gn/T/rustcN2BYEO/libthreadx_sys-84251f7d0e5944de.rlib(tx_mutex_prioritize.c.obj):(.debug_rnglists)
     3c1      3c1       20     1         /var/folders/kj/86rz2n1d4kj64kbl5kf0zrdh0000gn/T/rustcN2BYEO/libthreadx_sys-84251f7d0e5944de.rlib(tx_thread_create.c.obj):(.debug_rnglists)
     3e1      3e1       13     1         /var/folders/kj/86rz2n1d4kj64kbl5kf0zrdh0000gn/T/rustcN2BYEO/libthreadx_sys-84251f7d0e5944de.rlib(tx_thread_initialize.c.obj):(.debug_rnglists)
     3f4      3f4       1f     1         /var/folders/kj/86rz2n1d4kj64kbl5kf0zrdh0000gn/T/rustcN2BYEO/libthreadx_sys-84251f7d0e5944de.rlib(tx_thread_shell_entry.c.obj):(.debug_rnglists)
     413      413       2b     1         /var/folders/kj/86rz2n1d4kj64kbl5kf0zrdh0000gn/T/rustcN2BYEO/libthreadx_sys-84251f7d0e5944de.rlib(tx_thread_sleep.c.obj):(.debug_rnglists)
     43e      43e       13     1         /var/folders/kj/86rz2n1d4kj64kbl5kf0zrdh0000gn/T/rustcN2BYEO/libthreadx_sys-84251f7d0e5944de.rlib(tx_thread_system_preempt_check.c.obj):(.debug_rnglists)
     451      451       2c     1         /var/folders/kj/86rz2n1d4kj64kbl5kf0zrdh0000gn/T/rustcN2BYEO/libthreadx_sys-84251f7d0e5944de.rlib(tx_thread_system_resume.c.obj):(.debug_rnglists)
     47d      47d       14     1         /var/folders/kj/86rz2n1d4kj64kbl5kf0zrdh0000gn/T/rustcN2BYEO/libthreadx_sys-84251f7d0e5944de.rlib(tx_thread_system_suspend.c.obj):(.debug_rnglists)
     491      491       1f     1         /var/folders/kj/86rz2n1d4kj64kbl5kf0zrdh0000gn/T/rustcN2BYEO/libthreadx_sys-84251f7d0e5944de.rlib(tx_thread_time_slice.c.obj):(.debug_rnglists)
     4b0      4b0       13     1         /var/folders/kj/86rz2n1d4kj64kbl5kf0zrdh0000gn/T/rustcN2BYEO/libthreadx_sys-84251f7d0e5944de.rlib(tx_thread_timeout.c.obj):(.debug_rnglists)
     4c3      4c3       13     1         /var/folders/kj/86rz2n1d4kj64kbl5kf0zrdh0000gn/T/rustcN2BYEO/libthreadx_sys-84251f7d0e5944de.rlib(tx_time_get.c.obj):(.debug_rnglists)
     4d6      4d6       13     1         /var/folders/kj/86rz2n1d4kj64kbl5kf0zrdh0000gn/T/rustcN2BYEO/libthreadx_sys-84251f7d0e5944de.rlib(tx_timer_expiration_process.c.obj):(.debug_rnglists)
     4e9      4e9       14     1         /var/folders/kj/86rz2n1d4kj64kbl5kf0zrdh0000gn/T/rustcN2BYEO/libthreadx_sys-84251f7d0e5944de.rlib(tx_timer_initialize.c.obj):(.debug_rnglists)
     4fd      4fd       13     1         /var/folders/kj/86rz2n1d4kj64kbl5kf0zrdh0000gn/T/rustcN2BYEO/libthreadx_sys-84251f7d0e5944de.rlib(tx_timer_system_activate.c.obj):(.debug_rnglists)
     510      510       13     1         /var/folders/kj/86rz2n1d4kj64kbl5kf0zrdh0000gn/T/rustcN2BYEO/libthreadx_sys-84251f7d0e5944de.rlib(tx_timer_system_deactivate.c.obj):(.debug_rnglists)
     523      523       20     1         /var/folders/kj/86rz2n1d4kj64kbl5kf0zrdh0000gn/T/rustcN2BYEO/libthreadx_sys-84251f7d0e5944de.rlib(tx_timer_thread_entry.c.obj):(.debug_rnglists)
     543      543       68     1         /var/folders/kj/86rz2n1d4kj64kbl5kf0zrdh0000gn/T/rustcN2BYEO/libthreadx_sys-84251f7d0e5944de.rlib(txe_mutex_create.c.obj):(.debug_rnglists)
     5ab      5ab       13     1         /var/folders/kj/86rz2n1d4kj64kbl5kf0zrdh0000gn/T/rustcN2BYEO/libthreadx_sys-84251f7d0e5944de.rlib(txe_mutex_delete.c.obj):(.debug_rnglists)
     5be      5be       2c     1         /var/folders/kj/86rz2n1d4kj64kbl5kf0zrdh0000gn/T/rustcN2BYEO/libthreadx_sys-84251f7d0e5944de.rlib(tx_mutex_delete.c.obj):(.debug_rnglists)
     5ea      5ea       13     1         /var/folders/kj/86rz2n1d4kj64kbl5kf0zrdh0000gn/T/rustcN2BYEO/libthreadx_sys-84251f7d0e5944de.rlib(txe_mutex_get.c.obj):(.debug_rnglists)
     5fd      5fd       13     1         /var/folders/kj/86rz2n1d4kj64kbl5kf0zrdh0000gn/T/rustcN2BYEO/libthreadx_sys-84251f7d0e5944de.rlib(txe_mutex_put.c.obj):(.debug_rnglists)
     610      610       56     1         /var/folders/kj/86rz2n1d4kj64kbl5kf0zrdh0000gn/T/rustcN2BYEO/libthreadx_sys-84251f7d0e5944de.rlib(txe_queue_create.c.obj):(.debug_rnglists)
     666      666       13     1         /var/folders/kj/86rz2n1d4kj64kbl5kf0zrdh0000gn/T/rustcN2BYEO/libthreadx_sys-84251f7d0e5944de.rlib(tx_queue_create.c.obj):(.debug_rnglists)
     679      679       13     1         /var/folders/kj/86rz2n1d4kj64kbl5kf0zrdh0000gn/T/rustcN2BYEO/libthreadx_sys-84251f7d0e5944de.rlib(txe_queue_delete.c.obj):(.debug_rnglists)
     68c      68c       2c     1         /var/folders/kj/86rz2n1d4kj64kbl5kf0zrdh0000gn/T/rustcN2BYEO/libthreadx_sys-84251f7d0e5944de.rlib(tx_queue_delete.c.obj):(.debug_rnglists)
     6b8      6b8       13     1         /var/folders/kj/86rz2n1d4kj64kbl5kf0zrdh0000gn/T/rustcN2BYEO/libthreadx_sys-84251f7d0e5944de.rlib(txe_queue_receive.c.obj):(.debug_rnglists)
     6cb      6cb       14     1         /var/folders/kj/86rz2n1d4kj64kbl5kf0zrdh0000gn/T/rustcN2BYEO/libthreadx_sys-84251f7d0e5944de.rlib(tx_queue_receive.c.obj):(.debug_rnglists)
     6df      6df       2c     1         /var/folders/kj/86rz2n1d4kj64kbl5kf0zrdh0000gn/T/rustcN2BYEO/libthreadx_sys-84251f7d0e5944de.rlib(tx_queue_cleanup.c.obj):(.debug_rnglists)
     70b      70b       13     1         /var/folders/kj/86rz2n1d4kj64kbl5kf0zrdh0000gn/T/rustcN2BYEO/libthreadx_sys-84251f7d0e5944de.rlib(txe_queue_send.c.obj):(.debug_rnglists)
     71e      71e       14     1         /var/folders/kj/86rz2n1d4kj64kbl5kf0zrdh0000gn/T/rustcN2BYEO/libthreadx_sys-84251f7d0e5944de.rlib(tx_queue_send.c.obj):(.debug_rnglists)
     732      732       2c     1         /var/folders/kj/86rz2n1d4kj64kbl5kf0zrdh0000gn/T/rustcN2BYEO/libthreadx_sys-84251f7d0e5944de.rlib(txe_semaphore_create.c.obj):(.debug_rnglists)
     75e      75e       13     1         /var/folders/kj/86rz2n1d4kj64kbl5kf0zrdh0000gn/T/rustcN2BYEO/libthreadx_sys-84251f7d0e5944de.rlib(tx_semaphore_create.c.obj):(.debug_rnglists)
     771      771       13     1         /var/folders/kj/86rz2n1d4kj64kbl5kf0zrdh0000gn/T/rustcN2BYEO/libthreadx_sys-84251f7d0e5944de.rlib(txe_semaphore_delete.c.obj):(.debug_rnglists)
     784      784       2c     1         /var/folders/kj/86rz2n1d4kj64kbl5kf0zrdh0000gn/T/rustcN2BYEO/libthreadx_sys-84251f7d0e5944de.rlib(tx_semaphore_delete.c.obj):(.debug_rnglists)
     7b0      7b0       13     1         /var/folders/kj/86rz2n1d4kj64kbl5kf0zrdh0000gn/T/rustcN2BYEO/libthreadx_sys-84251f7d0e5944de.rlib(txe_semaphore_get.c.obj):(.debug_rnglists)
     7c3      7c3       2c     1         /var/folders/kj/86rz2n1d4kj64kbl5kf0zrdh0000gn/T/rustcN2BYEO/libthreadx_sys-84251f7d0e5944de.rlib(tx_semaphore_get.c.obj):(.debug_rnglists)
     7ef      7ef       2c     1         /var/folders/kj/86rz2n1d4kj64kbl5kf0zrdh0000gn/T/rustcN2BYEO/libthreadx_sys-84251f7d0e5944de.rlib(tx_semaphore_cleanup.c.obj):(.debug_rnglists)
     81b      81b       13     1         /var/folders/kj/86rz2n1d4kj64kbl5kf0zrdh0000gn/T/rustcN2BYEO/libthreadx_sys-84251f7d0e5944de.rlib(txe_semaphore_put.c.obj):(.debug_rnglists)
     82e      82e       2b     1         /var/folders/kj/86rz2n1d4kj64kbl5kf0zrdh0000gn/T/rustcN2BYEO/libthreadx_sys-84251f7d0e5944de.rlib(tx_semaphore_put.c.obj):(.debug_rnglists)
     859      859       2c     1         /var/folders/kj/86rz2n1d4kj64kbl5kf0zrdh0000gn/T/rustcN2BYEO/libthreadx_sys-84251f7d0e5944de.rlib(txe_thread_create.c.obj):(.debug_rnglists)
     885      885       13     1         /var/folders/kj/86rz2n1d4kj64kbl5kf0zrdh0000gn/T/rustcN2BYEO/libthreadx_sys-84251f7d0e5944de.rlib(txe_thread_delete.c.obj):(.debug_rnglists)
     898      898       1f     1         /var/folders/kj/86rz2n1d4kj64kbl5kf0zrdh0000gn/T/rustcN2BYEO/libthreadx_sys-84251f7d0e5944de.rlib(tx_thread_delete.c.obj):(.debug_rnglists)
     8b7      8b7       13     1         /var/folders/kj/86rz2n1d4kj64kbl5kf0zrdh0000gn/T/rustcN2BYEO/libthreadx_sys-84251f7d0e5944de.rlib(txe_thread_terminate.c.obj):(.debug_rnglists)
     8ca      8ca       92     1         /var/folders/kj/86rz2n1d4kj64kbl5kf0zrdh0000gn/T/rustcN2BYEO/libthreadx_sys-84251f7d0e5944de.rlib(tx_thread_terminate.c.obj):(.debug_rnglists)
       0        0     45fc     1 .debug_macro
       0        0      1ce     1         /var/folders/kj/86rz2n1d4kj64kbl5kf0zrdh0000gn/T/rustcN2BYEO/libnetx_sys-bbebb4c535885af4.rlib(nxe_packet_release.c.obj):(.debug_macro)
     1ce      1ce      ad8     1         /var/folders/kj/86rz2n1d4kj64kbl5kf0zrdh0000gn/T/rustcN2BYEO/libnetx_sys-bbebb4c535885af4.rlib(nxe_packet_release.c.obj):(.debug_macro)
     ca6      ca6       11     1         /var/folders/kj/86rz2n1d4kj64kbl5kf0zrdh0000gn/T/rustcN2BYEO/libnetx_sys-bbebb4c535885af4.rlib(nxe_packet_release.c.obj):(.debug_macro)
     cb7      cb7       2a     1         /var/folders/kj/86rz2n1d4kj64kbl5kf0zrdh0000gn/T/rustcN2BYEO/libnetx_sys-bbebb4c535885af4.rlib(nxe_packet_release.c.obj):(.debug_macro)
     ce1      ce1       22     1         /var/folders/kj/86rz2n1d4kj64kbl5kf0zrdh0000gn/T/rustcN2BYEO/libnetx_sys-bbebb4c535885af4.rlib(nxe_packet_release.c.obj):(.debug_macro)
     d03      d03       75     1         /var/folders/kj/86rz2n1d4kj64kbl5kf0zrdh0000gn/T/rustcN2BYEO/libnetx_sys-bbebb4c535885af4.rlib(nxe_packet_release.c.obj):(.debug_macro)
     d78      d78       94     1         /var/folders/kj/86rz2n1d4kj64kbl5kf0zrdh0000gn/T/rustcN2BYEO/libnetx_sys-bbebb4c535885af4.rlib(nxe_packet_release.c.obj):(.debug_macro)
     e0c      e0c       3c     1         /var/folders/kj/86rz2n1d4kj64kbl5kf0zrdh0000gn/T/rustcN2BYEO/libnetx_sys-bbebb4c535885af4.rlib(nxe_packet_release.c.obj):(.debug_macro)
     e48      e48       34     1         /var/folders/kj/86rz2n1d4kj64kbl5kf0zrdh0000gn/T/rustcN2BYEO/libnetx_sys-bbebb4c535885af4.rlib(nxe_packet_release.c.obj):(.debug_macro)
     e7c      e7c       16     1         /var/folders/kj/86rz2n1d4kj64kbl5kf0zrdh0000gn/T/rustcN2BYEO/libnetx_sys-bbebb4c535885af4.rlib(nxe_packet_release.c.obj):(.debug_macro)
     e92      e92      11c     1         /var/folders/kj/86rz2n1d4kj64kbl5kf0zrdh0000gn/T/rustcN2BYEO/libnetx_sys-bbebb4c535885af4.rlib(nxe_packet_release.c.obj):(.debug_macro)
     fae      fae       94     1         /var/folders/kj/86rz2n1d4kj64kbl5kf0zrdh0000gn/T/rustcN2BYEO/libnetx_sys-bbebb4c535885af4.rlib(nxe_packet_release.c.obj):(.debug_macro)
    1042     1042       57     1         /var/folders/kj/86rz2n1d4kj64kbl5kf0zrdh0000gn/T/rustcN2BYEO/libnetx_sys-bbebb4c535885af4.rlib(nxe_packet_release.c.obj):(.debug_macro)
    1099     1099      38c     1         /var/folders/kj/86rz2n1d4kj64kbl5kf0zrdh0000gn/T/rustcN2BYEO/libnetx_sys-bbebb4c535885af4.rlib(nxe_packet_release.c.obj):(.debug_macro)
    1425     1425       16     1         /var/folders/kj/86rz2n1d4kj64kbl5kf0zrdh0000gn/T/rustcN2BYEO/libnetx_sys-bbebb4c535885af4.rlib(nxe_packet_release.c.obj):(.debug_macro)
    143b     143b       4a     1         /var/folders/kj/86rz2n1d4kj64kbl5kf0zrdh0000gn/T/rustcN2BYEO/libnetx_sys-bbebb4c535885af4.rlib(nxe_packet_release.c.obj):(.debug_macro)
    1485     1485       34     1         /var/folders/kj/86rz2n1d4kj64kbl5kf0zrdh0000gn/T/rustcN2BYEO/libnetx_sys-bbebb4c535885af4.rlib(nxe_packet_release.c.obj):(.debug_macro)
    14b9     14b9       10     1         /var/folders/kj/86rz2n1d4kj64kbl5kf0zrdh0000gn/T/rustcN2BYEO/libnetx_sys-bbebb4c535885af4.rlib(nxe_packet_release.c.obj):(.debug_macro)
    14c9     14c9       58     1         /var/folders/kj/86rz2n1d4kj64kbl5kf0zrdh0000gn/T/rustcN2BYEO/libnetx_sys-bbebb4c535885af4.rlib(nxe_packet_release.c.obj):(.debug_macro)
    1521     1521      1e5     1         /var/folders/kj/86rz2n1d4kj64kbl5kf0zrdh0000gn/T/rustcN2BYEO/libnetx_sys-bbebb4c535885af4.rlib(nxe_packet_release.c.obj):(.debug_macro)
    1706     1706       16     1         /var/folders/kj/86rz2n1d4kj64kbl5kf0zrdh0000gn/T/rustcN2BYEO/libnetx_sys-bbebb4c535885af4.rlib(nxe_packet_release.c.obj):(.debug_macro)
    171c     171c       29     1         /var/folders/kj/86rz2n1d4kj64kbl5kf0zrdh0000gn/T/rustcN2BYEO/libnetx_sys-bbebb4c535885af4.rlib(nxe_packet_release.c.obj):(.debug_macro)
    1745     1745       16     1         /var/folders/kj/86rz2n1d4kj64kbl5kf0zrdh0000gn/T/rustcN2BYEO/libnetx_sys-bbebb4c535885af4.rlib(nxe_packet_release.c.obj):(.debug_macro)
    175b     175b       3c     1         /var/folders/kj/86rz2n1d4kj64kbl5kf0zrdh0000gn/T/rustcN2BYEO/libnetx_sys-bbebb4c535885af4.rlib(nxe_packet_release.c.obj):(.debug_macro)
    1797     1797      167     1         /var/folders/kj/86rz2n1d4kj64kbl5kf0zrdh0000gn/T/rustcN2BYEO/libnetx_sys-bbebb4c535885af4.rlib(nxe_packet_release.c.obj):(.debug_macro)
    18fe     18fe      964     1         /var/folders/kj/86rz2n1d4kj64kbl5kf0zrdh0000gn/T/rustcN2BYEO/libnetx_sys-bbebb4c535885af4.rlib(nxe_packet_release.c.obj):(.debug_macro)
    2262     2262       4c     1         /var/folders/kj/86rz2n1d4kj64kbl5kf0zrdh0000gn/T/rustcN2BYEO/libnetx_sys-bbebb4c535885af4.rlib(nxe_packet_release.c.obj):(.debug_macro)
    22ae     22ae       1c     1         /var/folders/kj/86rz2n1d4kj64kbl5kf0zrdh0000gn/T/rustcN2BYEO/libnetx_sys-bbebb4c535885af4.rlib(nxe_packet_release.c.obj):(.debug_macro)
    22ca     22ca       10     1         /var/folders/kj/86rz2n1d4kj64kbl5kf0zrdh0000gn/T/rustcN2BYEO/libnetx_sys-bbebb4c535885af4.rlib(nxe_packet_release.c.obj):(.debug_macro)
    22da     22da       1c     1         /var/folders/kj/86rz2n1d4kj64kbl5kf0zrdh0000gn/T/rustcN2BYEO/libnetx_sys-bbebb4c535885af4.rlib(nxe_packet_release.c.obj):(.debug_macro)
    22f6     22f6       16     1         /var/folders/kj/86rz2n1d4kj64kbl5kf0zrdh0000gn/T/rustcN2BYEO/libnetx_sys-bbebb4c535885af4.rlib(nxe_packet_release.c.obj):(.debug_macro)
    230c     230c      170     1         /var/folders/kj/86rz2n1d4kj64kbl5kf0zrdh0000gn/T/rustcN2BYEO/libnetx_sys-bbebb4c535885af4.rlib(nxe_packet_release.c.obj):(.debug_macro)
    247c     247c       51     1         /var/folders/kj/86rz2n1d4kj64kbl5kf0zrdh0000gn/T/rustcN2BYEO/libnetx_sys-bbebb4c535885af4.rlib(nxe_packet_release.c.obj):(.debug_macro)
    24cd     24cd       22     1         /var/folders/kj/86rz2n1d4kj64kbl5kf0zrdh0000gn/T/rustcN2BYEO/libnetx_sys-bbebb4c535885af4.rlib(nxe_packet_release.c.obj):(.debug_macro)
    24ef     24ef      870     1         /var/folders/kj/86rz2n1d4kj64kbl5kf0zrdh0000gn/T/rustcN2BYEO/libnetx_sys-bbebb4c535885af4.rlib(nxe_packet_release.c.obj):(.debug_macro)
    2d5f     2d5f       2f     1         /var/folders/kj/86rz2n1d4kj64kbl5kf0zrdh0000gn/T/rustcN2BYEO/libnetx_sys-bbebb4c535885af4.rlib(nxe_packet_release.c.obj):(.debug_macro)
    2d8e     2d8e      1d7     1         /var/folders/kj/86rz2n1d4kj64kbl5kf0zrdh0000gn/T/rustcN2BYEO/libnetx_sys-bbebb4c535885af4.rlib(nx_packet_release.c.obj):(.debug_macro)
    2f65     2f65       6b     1         /var/folders/kj/86rz2n1d4kj64kbl5kf0zrdh0000gn/T/rustcN2BYEO/libnetx_sys-bbebb4c535885af4.rlib(nx_packet_release.c.obj):(.debug_macro)
    2fd0     2fd0      1e7     1         /var/folders/kj/86rz2n1d4kj64kbl5kf0zrdh0000gn/T/rustcN2BYEO/libnetx_sys-bbebb4c535885af4.rlib(nxe_arp_dynamic_entries_invalidate.c.obj):(.debug_macro)
    31b7     31b7       70     1         /var/folders/kj/86rz2n1d4kj64kbl5kf0zrdh0000gn/T/rustcN2BYEO/libnetx_sys-bbebb4c535885af4.rlib(nxe_arp_dynamic_entries_invalidate.c.obj):(.debug_macro)
    3227     3227       6a     1         /var/folders/kj/86rz2n1d4kj64kbl5kf0zrdh0000gn/T/rustcN2BYEO/libnetx_sys-bbebb4c535885af4.rlib(nxe_arp_dynamic_entries_invalidate.c.obj):(.debug_macro)
    3291     3291       3a     1         /var/folders/kj/86rz2n1d4kj64kbl5kf0zrdh0000gn/T/rustcN2BYEO/libnetx_sys-bbebb4c535885af4.rlib(nxe_arp_dynamic_entries_invalidate.c.obj):(.debug_macro)
    32cb     32cb      1ce     1         /var/folders/kj/86rz2n1d4kj64kbl5kf0zrdh0000gn/T/rustcN2BYEO/libnetx_sys-bbebb4c535885af4.rlib(nx_arp_dynamic_entries_invalidate.c.obj):(.debug_macro)
    3499     3499       34     1         /var/folders/kj/86rz2n1d4kj64kbl5kf0zrdh0000gn/T/rustcN2BYEO/libnetx_sys-bbebb4c535885af4.rlib(nx_arp_dynamic_entries_invalidate.c.obj):(.debug_macro)
    34cd     34cd      1d7     1         /var/folders/kj/86rz2n1d4kj64kbl5kf0zrdh0000gn/T/rustcN2BYEO/libnetx_sys-bbebb4c535885af4.rlib(nx_arp_dynamic_entry_delete.c.obj):(.debug_macro)
    36a4     36a4       35     1         /var/folders/kj/86rz2n1d4kj64kbl5kf0zrdh0000gn/T/rustcN2BYEO/libnetx_sys-bbebb4c535885af4.rlib(nx_arp_dynamic_entry_delete.c.obj):(.debug_macro)
    36d9     36d9      1e7     1         /var/folders/kj/86rz2n1d4kj64kbl5kf0zrdh0000gn/T/rustcN2BYEO/libnetx_sys-bbebb4c535885af4.rlib(nx_packet_transmit_release.c.obj):(.debug_macro)
    38c0     38c0      1de     1         /var/folders/kj/86rz2n1d4kj64kbl5kf0zrdh0000gn/T/rustcN2BYEO/libnetx_sys-bbebb4c535885af4.rlib(nx_ip_packet_deferred_receive.c.obj):(.debug_macro)
    3a9e     3a9e      1f0     1         /var/folders/kj/86rz2n1d4kj64kbl5kf0zrdh0000gn/T/rustcN2BYEO/libnetx_sys-bbebb4c535885af4.rlib(nx_arp_packet_deferred_receive.c.obj):(.debug_macro)
    3c8e     3c8e      1f0     1         /var/folders/kj/86rz2n1d4kj64kbl5kf0zrdh0000gn/T/rustcN2BYEO/libnetx_sys-bbebb4c535885af4.rlib(nx_rarp_packet_deferred_receive.c.obj):(.debug_macro)
    3e7e     3e7e       34     1         /var/folders/kj/86rz2n1d4kj64kbl5kf0zrdh0000gn/T/rustcN2BYEO/libnetx_sys-bbebb4c535885af4.rlib(nx_rarp_packet_deferred_receive.c.obj):(.debug_macro)
    3eb2     3eb2      1ce     1         /var/folders/kj/86rz2n1d4kj64kbl5kf0zrdh0000gn/T/rustcN2BYEO/libnetx_sys-bbebb4c535885af4.rlib(nxe_packet_allocate.c.obj):(.debug_macro)
    4080     4080      1d7     1         /var/folders/kj/86rz2n1d4kj64kbl5kf0zrdh0000gn/T/rustcN2BYEO/libnetx_sys-bbebb4c535885af4.rlib(nx_packet_allocate.c.obj):(.debug_macro)
    4257     4257      1d7     1         /var/folders/kj/86rz2n1d4kj64kbl5kf0zrdh0000gn/T/rustcN2BYEO/libnetx_sys-bbebb4c535885af4.rlib(nx_packet_pool_cleanup.c.obj):(.debug_macro)
    442e     442e      1ce     1         /var/folders/kj/86rz2n1d4kj64kbl5kf0zrdh0000gn/T/rustcN2BYEO/libnetx_sys-bbebb4c535885af4.rlib(nxe_packet_transmit_release.c.obj):(.debug_macro)
       0        0      16f     1 .debug_line_str
       0        0      16f     1         <internal>:(.debug_line_str)
       0        0      2be     1 .debug_pubnames
       0        0      2be     1         /var/folders/kj/86rz2n1d4kj64kbl5kf0zrdh0000gn/T/rustcN2BYEO/libcortex_m-6b662cab7b21d64f.rlib(bin/thumbv7em-none-eabihf.o):(.debug_pubnames)
       0        0       47     1 .debug_pubtypes
       0        0       47     1         /var/folders/kj/86rz2n1d4kj64kbl5kf0zrdh0000gn/T/rustcN2BYEO/libcortex_m-6b662cab7b21d64f.rlib(bin/thumbv7em-none-eabihf.o):(.debug_pubtypes)
       0        0     4260     4 .symtab
       0        0     4260     4         <internal>:(.symtab)
       0        0      13a     1 .shstrtab
       0        0      13a     1         <internal>:(.shstrtab)
       0        0     7ea9     1 .strtab
       0        0     7ea9     1         <internal>:(.strtab)
